Component: ARM Compiler 5.06 update 6 (build 750) Tool: armlink [4d35ed]

==============================================================================

Section Cross References

    main.o(i.init) refers to gpio.o(i.IN1A_Init) for IN1A_Init
    main.o(i.init) refers to gpio.o(i.IN2A_Init) for IN2A_Init
    main.o(i.init) refers to gpio.o(i.IN3B_Init) for IN3B_Init
    main.o(i.init) refers to gpio.o(i.IN4B_Init) for IN4B_Init
    main.o(i.init) refers to gpio.o(i.LED_RIGHT_FORWARD_Init) for LED_RIGHT_FORWARD_Init
    main.o(i.init) refers to gpio.o(i.LED_RIGHT_BACKWARD_Init) for LED_RIGHT_BACKWARD_Init
    main.o(i.init) refers to gpio.o(i.LED_LEFT_FORWARD_Init) for LED_LEFT_FORWARD_Init
    main.o(i.init) refers to gpio.o(i.LED_LEFT_BACKWARD_Init) for LED_LEFT_BACKWARD_Init
    main.o(i.init) refers to gpio.o(i.LED_RIGHT_FORWARD_On) for LED_RIGHT_FORWARD_On
    main.o(i.init) refers to gpio.o(i.LED_RIGHT_BACKWARD_On) for LED_RIGHT_BACKWARD_On
    main.o(i.init) refers to gpio.o(i.LED_LEFT_FORWARD_On) for LED_LEFT_FORWARD_On
    main.o(i.init) refers to gpio.o(i.LED_LEFT_BACKWARD_On) for LED_LEFT_BACKWARD_On
    main.o(i.init) refers to pwm.o(i.PWM_Init) for PWM_Init
    main.o(i.init) refers to adc.o(i.ADC_Init) for ADC_Init
    main.o(i.init) refers to timer.o(i.Timer_Init) for Timer_Init
    main.o(i.init) refers to adc.o(i.ADC_Start) for ADC_Start
    main.o(i.init) refers to hm10.o(i.HM10_Init) for HM10_Init
    main.o(i.main) refers to main.o(i.init) for init
    main.o(i.main) refers to main.o(i.update) for update
    main.o(i.motor_command) refers to strcmp.o(.text) for strcmp
    main.o(i.motor_command) refers to gpio.o(i.go_forward) for go_forward
    main.o(i.motor_command) refers to pwm.o(i.PWM_Write) for PWM_Write
    main.o(i.motor_command) refers to memseta.o(.text) for __aeabi_memclr4
    main.o(i.motor_command) refers to strcpy.o(.text) for strcpy
    main.o(i.motor_command) refers to hm10.o(i.HM10_SendCommand) for HM10_SendCommand
    main.o(i.motor_command) refers to gpio.o(i.go_backward) for go_backward
    main.o(i.motor_command) refers to gpio.o(i.turn_right) for turn_right
    main.o(i.motor_command) refers to gpio.o(i.turn_left) for turn_left
    main.o(i.motor_command) refers to gpio.o(i.stop) for stop
    main.o(i.motor_command) refers to main.o(.bss) for last_behaviour
    main.o(i.update) refers to adc.o(i.ADC_GetPotans) for ADC_GetPotans
    main.o(i.update) refers to pwm.o(i.PWM_Write) for PWM_Write
    main.o(i.update) refers to adc.o(i.ADC_GetLastValue) for ADC_GetLastValue
    main.o(i.update) refers to gpio.o(i.stop) for stop
    main.o(i.update) refers to hm10.o(i.HM10_SendCommand) for HM10_SendCommand
    main.o(i.update) refers to main.o(i.motor_command) for motor_command
    main.o(i.update) refers to strcmp.o(.text) for strcmp
    main.o(i.update) refers to hm10.o(i.HM10_ClearBuffer) for HM10_ClearBuffer
    main.o(i.update) refers to main.o(.data) for potans_value
    main.o(i.update) refers to main.o(.bss) for LDR_VALUES
    main.o(i.update) refers to hm10.o(.data) for HM10NewDataAvailable
    main.o(i.update) refers to hm10.o(.bss) for HM10Buffer
    adc.o(i.ADC_GetLastValue) refers to adc.o(.data) for ADC_Left
    adc.o(i.ADC_GetPotans) refers to adc.o(.data) for ADC_Potans
    adc.o(i.ADC_IRQHandler) refers to adc.o(.data) for counter
    gpio.o(i.IN1A_Init) refers to gpio.o(i.GPIO_DIR_Write) for GPIO_DIR_Write
    gpio.o(i.IN1A_Off) refers to gpio.o(i.GPIO_PIN_Write) for GPIO_PIN_Write
    gpio.o(i.IN1A_On) refers to gpio.o(i.GPIO_PIN_Write) for GPIO_PIN_Write
    gpio.o(i.IN2A_Init) refers to gpio.o(i.GPIO_DIR_Write) for GPIO_DIR_Write
    gpio.o(i.IN2A_Off) refers to gpio.o(i.GPIO_PIN_Write) for GPIO_PIN_Write
    gpio.o(i.IN2A_On) refers to gpio.o(i.GPIO_PIN_Write) for GPIO_PIN_Write
    gpio.o(i.IN3B_Init) refers to gpio.o(i.GPIO_DIR_Write) for GPIO_DIR_Write
    gpio.o(i.IN3B_Off) refers to gpio.o(i.GPIO_PIN_Write) for GPIO_PIN_Write
    gpio.o(i.IN3B_On) refers to gpio.o(i.GPIO_PIN_Write) for GPIO_PIN_Write
    gpio.o(i.IN4B_Init) refers to gpio.o(i.GPIO_DIR_Write) for GPIO_DIR_Write
    gpio.o(i.IN4B_Off) refers to gpio.o(i.GPIO_PIN_Write) for GPIO_PIN_Write
    gpio.o(i.IN4B_On) refers to gpio.o(i.GPIO_PIN_Write) for GPIO_PIN_Write
    gpio.o(i.LED_LEFT_BACKWARD_Init) refers to gpio.o(i.GPIO_DIR_Write) for GPIO_DIR_Write
    gpio.o(i.LED_LEFT_BACKWARD_Off) refers to gpio.o(i.GPIO_PIN_Write) for GPIO_PIN_Write
    gpio.o(i.LED_LEFT_BACKWARD_On) refers to gpio.o(i.GPIO_PIN_Write) for GPIO_PIN_Write
    gpio.o(i.LED_LEFT_FORWARD_Init) refers to gpio.o(i.GPIO_DIR_Write) for GPIO_DIR_Write
    gpio.o(i.LED_LEFT_FORWARD_Off) refers to gpio.o(i.GPIO_PIN_Write) for GPIO_PIN_Write
    gpio.o(i.LED_LEFT_FORWARD_On) refers to gpio.o(i.GPIO_PIN_Write) for GPIO_PIN_Write
    gpio.o(i.LED_RIGHT_BACKWARD_Init) refers to gpio.o(i.GPIO_DIR_Write) for GPIO_DIR_Write
    gpio.o(i.LED_RIGHT_BACKWARD_Off) refers to gpio.o(i.GPIO_PIN_Write) for GPIO_PIN_Write
    gpio.o(i.LED_RIGHT_BACKWARD_On) refers to gpio.o(i.GPIO_PIN_Write) for GPIO_PIN_Write
    gpio.o(i.LED_RIGHT_FORWARD_Init) refers to gpio.o(i.GPIO_DIR_Write) for GPIO_DIR_Write
    gpio.o(i.LED_RIGHT_FORWARD_Off) refers to gpio.o(i.GPIO_PIN_Write) for GPIO_PIN_Write
    gpio.o(i.LED_RIGHT_FORWARD_On) refers to gpio.o(i.GPIO_PIN_Write) for GPIO_PIN_Write
    gpio.o(i.go_backward) refers to gpio.o(i.IN1A_Off) for IN1A_Off
    gpio.o(i.go_backward) refers to gpio.o(i.IN2A_On) for IN2A_On
    gpio.o(i.go_backward) refers to gpio.o(i.IN3B_Off) for IN3B_Off
    gpio.o(i.go_backward) refers to gpio.o(i.IN4B_On) for IN4B_On
    gpio.o(i.go_backward) refers to gpio.o(i.LED_RIGHT_BACKWARD_On) for LED_RIGHT_BACKWARD_On
    gpio.o(i.go_backward) refers to gpio.o(i.LED_LEFT_BACKWARD_On) for LED_LEFT_BACKWARD_On
    gpio.o(i.go_backward) refers to gpio.o(i.LED_LEFT_FORWARD_Off) for LED_LEFT_FORWARD_Off
    gpio.o(i.go_backward) refers to gpio.o(i.LED_RIGHT_FORWARD_Off) for LED_RIGHT_FORWARD_Off
    gpio.o(i.go_forward) refers to gpio.o(i.IN1A_On) for IN1A_On
    gpio.o(i.go_forward) refers to gpio.o(i.IN2A_Off) for IN2A_Off
    gpio.o(i.go_forward) refers to gpio.o(i.IN3B_On) for IN3B_On
    gpio.o(i.go_forward) refers to gpio.o(i.IN4B_Off) for IN4B_Off
    gpio.o(i.go_forward) refers to gpio.o(i.LED_RIGHT_FORWARD_On) for LED_RIGHT_FORWARD_On
    gpio.o(i.go_forward) refers to gpio.o(i.LED_LEFT_FORWARD_On) for LED_LEFT_FORWARD_On
    gpio.o(i.go_forward) refers to gpio.o(i.LED_RIGHT_BACKWARD_Off) for LED_RIGHT_BACKWARD_Off
    gpio.o(i.go_forward) refers to gpio.o(i.LED_LEFT_BACKWARD_Off) for LED_LEFT_BACKWARD_Off
    gpio.o(i.stop) refers to gpio.o(i.IN1A_Off) for IN1A_Off
    gpio.o(i.stop) refers to gpio.o(i.IN2A_Off) for IN2A_Off
    gpio.o(i.stop) refers to gpio.o(i.IN3B_Off) for IN3B_Off
    gpio.o(i.stop) refers to gpio.o(i.IN4B_Off) for IN4B_Off
    gpio.o(i.stop) refers to gpio.o(i.LED_RIGHT_BACKWARD_Off) for LED_RIGHT_BACKWARD_Off
    gpio.o(i.stop) refers to gpio.o(i.LED_LEFT_FORWARD_Off) for LED_LEFT_FORWARD_Off
    gpio.o(i.stop) refers to gpio.o(i.LED_RIGHT_FORWARD_Off) for LED_RIGHT_FORWARD_Off
    gpio.o(i.stop) refers to gpio.o(i.LED_LEFT_BACKWARD_Off) for LED_LEFT_BACKWARD_Off
    gpio.o(i.turn_left) refers to gpio.o(i.IN1A_Off) for IN1A_Off
    gpio.o(i.turn_left) refers to gpio.o(i.IN2A_On) for IN2A_On
    gpio.o(i.turn_left) refers to gpio.o(i.IN3B_On) for IN3B_On
    gpio.o(i.turn_left) refers to gpio.o(i.IN4B_Off) for IN4B_Off
    gpio.o(i.turn_left) refers to gpio.o(i.LED_RIGHT_BACKWARD_Off) for LED_RIGHT_BACKWARD_Off
    gpio.o(i.turn_left) refers to gpio.o(i.LED_LEFT_FORWARD_On) for LED_LEFT_FORWARD_On
    gpio.o(i.turn_left) refers to gpio.o(i.LED_RIGHT_FORWARD_Off) for LED_RIGHT_FORWARD_Off
    gpio.o(i.turn_left) refers to gpio.o(i.LED_LEFT_BACKWARD_On) for LED_LEFT_BACKWARD_On
    gpio.o(i.turn_right) refers to gpio.o(i.IN1A_On) for IN1A_On
    gpio.o(i.turn_right) refers to gpio.o(i.IN2A_Off) for IN2A_Off
    gpio.o(i.turn_right) refers to gpio.o(i.IN3B_Off) for IN3B_Off
    gpio.o(i.turn_right) refers to gpio.o(i.IN4B_On) for IN4B_On
    gpio.o(i.turn_right) refers to gpio.o(i.LED_RIGHT_BACKWARD_On) for LED_RIGHT_BACKWARD_On
    gpio.o(i.turn_right) refers to gpio.o(i.LED_LEFT_FORWARD_Off) for LED_LEFT_FORWARD_Off
    gpio.o(i.turn_right) refers to gpio.o(i.LED_RIGHT_FORWARD_On) for LED_RIGHT_FORWARD_On
    gpio.o(i.turn_right) refers to gpio.o(i.LED_LEFT_BACKWARD_Off) for LED_LEFT_BACKWARD_Off
    pwm.o(i.PWM_Write) refers to dfltui.o(.text) for __aeabi_ui2d
    pwm.o(i.PWM_Write) refers to ddiv.o(.text) for __aeabi_ddiv
    pwm.o(i.PWM_Write) refers to dfixui.o(.text) for __aeabi_d2uiz
    serial.o(i.Serial_WriteData) refers to serial.o(.data) for serialTransmitCompleted
    serial.o(i.UART0_IRQHandler) refers to serial.o(i.Serial_ReadData) for Serial_ReadData
    serial.o(i.UART0_IRQHandler) refers to serial.o(i.Serial_WriteData) for Serial_WriteData
    serial.o(i.UART0_IRQHandler) refers to serial.o(.data) for serialReceivedCharacter
    hm10.o(i.HM10_ClearBuffer) refers to memseta.o(.text) for __aeabi_memclr
    hm10.o(i.HM10_ClearBuffer) refers to hm10.o(.data) for HM10CurrentBufferIndex
    hm10.o(i.HM10_ClearBuffer) refers to hm10.o(.bss) for HM10Buffer
    hm10.o(i.HM10_SendCommand) refers to hm10.o(i.HM10_Write) for HM10_Write
    hm10.o(i.HM10_Write) refers to hm10.o(i.HM10_WriteData) for HM10_WriteData
    hm10.o(i.UART3_IRQHandler) refers to hm10.o(i.HM10_ReadData) for HM10_ReadData
    hm10.o(i.UART3_IRQHandler) refers to hm10.o(.bss) for HM10Buffer
    hm10.o(i.UART3_IRQHandler) refers to hm10.o(.data) for HM10CurrentBufferIndex
    startup_lpc407x_8x_177x_8x.o(RESET) refers to startup_lpc407x_8x_177x_8x.o(STACK) for __initial_sp
    startup_lpc407x_8x_177x_8x.o(RESET) refers to startup_lpc407x_8x_177x_8x.o(.text) for Reset_Handler
    startup_lpc407x_8x_177x_8x.o(RESET) refers to serial.o(i.UART0_IRQHandler) for UART0_IRQHandler
    startup_lpc407x_8x_177x_8x.o(RESET) refers to hm10.o(i.UART3_IRQHandler) for UART3_IRQHandler
    startup_lpc407x_8x_177x_8x.o(RESET) refers to adc.o(i.ADC_IRQHandler) for ADC_IRQHandler
    startup_lpc407x_8x_177x_8x.o(.text) refers to system_lpc407x_8x_177x_8x.o(i.SystemInit) for SystemInit
    startup_lpc407x_8x_177x_8x.o(.text) refers to entry.o(.ARM.Collect$$$$00000000) for __main
    system_lpc407x_8x_177x_8x.o(i.SystemCoreClockUpdate) refers to system_lpc407x_8x_177x_8x.o(.data) for SystemCoreClock
    system_lpc407x_8x_177x_8x.o(i.SystemInit) refers to system_lpc407x_8x_177x_8x.o(i.fpu_init) for fpu_init
    system_lpc407x_8x_177x_8x.o(i.SystemInit) refers to system_lpc407x_8x_177x_8x.o(i.SystemCoreClockUpdate) for SystemCoreClockUpdate
    entry.o(.ARM.Collect$$$$00000000) refers (Special) to entry10a.o(.ARM.Collect$$$$0000000D) for __rt_final_cpp
    entry.o(.ARM.Collect$$$$00000000) refers (Special) to entry11a.o(.ARM.Collect$$$$0000000F) for __rt_final_exit
    entry.o(.ARM.Collect$$$$00000000) refers (Special) to entry7b.o(.ARM.Collect$$$$00000008) for _main_clock
    entry.o(.ARM.Collect$$$$00000000) refers (Special) to entry8b.o(.ARM.Collect$$$$0000000A) for _main_cpp_init
    entry.o(.ARM.Collect$$$$00000000) refers (Special) to entry9a.o(.ARM.Collect$$$$0000000B) for _main_init
    entry.o(.ARM.Collect$$$$00000000) refers (Special) to entry5.o(.ARM.Collect$$$$00000004) for _main_scatterload
    entry.o(.ARM.Collect$$$$00000000) refers (Special) to entry2.o(.ARM.Collect$$$$00000001) for _main_stk
    ddiv.o(.text) refers (Special) to iusefp.o(.text) for __I$use$fp
    ddiv.o(.text) refers to depilogue.o(.text) for _double_round
    dfltui.o(.text) refers (Special) to iusefp.o(.text) for __I$use$fp
    dfltui.o(.text) refers to depilogue.o(.text) for _double_epilogue
    dfixui.o(.text) refers (Special) to iusefp.o(.text) for __I$use$fp
    dfixui.o(.text) refers to llushr.o(.text) for __aeabi_llsr
    entry2.o(.ARM.Collect$$$$00000001) refers to entry2.o(.ARM.Collect$$$$00002712) for __lit__00000000
    entry2.o(.ARM.Collect$$$$00002712) refers to startup_lpc407x_8x_177x_8x.o(STACK) for __initial_sp
    entry2.o(__vectab_stack_and_reset_area) refers to startup_lpc407x_8x_177x_8x.o(STACK) for __initial_sp
    entry2.o(__vectab_stack_and_reset_area) refers to entry.o(.ARM.Collect$$$$00000000) for __main
    entry5.o(.ARM.Collect$$$$00000004) refers to init.o(.text) for __scatterload
    entry9a.o(.ARM.Collect$$$$0000000B) refers to main.o(i.main) for main
    entry9b.o(.ARM.Collect$$$$0000000C) refers to main.o(i.main) for main
    depilogue.o(.text) refers to llshl.o(.text) for __aeabi_llsl
    depilogue.o(.text) refers to llushr.o(.text) for __aeabi_llsr
    init.o(.text) refers to entry5.o(.ARM.Collect$$$$00000004) for __main_after_scatterload


==============================================================================

Removing Unused input sections from the image.

    Removing main.o(.rev16_text), (4 bytes).
    Removing main.o(.revsh_text), (4 bytes).
    Removing main.o(.rrx_text), (6 bytes).
    Removing main.o(.constdata), (255 bytes).
    Removing adc.o(.rev16_text), (4 bytes).
    Removing adc.o(.revsh_text), (4 bytes).
    Removing adc.o(.rrx_text), (6 bytes).
    Removing timer.o(.rev16_text), (4 bytes).
    Removing timer.o(.revsh_text), (4 bytes).
    Removing timer.o(.rrx_text), (6 bytes).
    Removing gpio.o(.rev16_text), (4 bytes).
    Removing gpio.o(.revsh_text), (4 bytes).
    Removing gpio.o(.rrx_text), (6 bytes).
    Removing wait.o(.rev16_text), (4 bytes).
    Removing wait.o(.revsh_text), (4 bytes).
    Removing wait.o(.rrx_text), (6 bytes).
    Removing wait.o(i.wait), (20 bytes).
    Removing wait.o(i.waitMicroseconds), (18 bytes).
    Removing pwm.o(.rev16_text), (4 bytes).
    Removing pwm.o(.revsh_text), (4 bytes).
    Removing pwm.o(.rrx_text), (6 bytes).
    Removing pwm.o(i.PWM_Cycle_Rate), (32 bytes).
    Removing serial.o(.rev16_text), (4 bytes).
    Removing serial.o(.revsh_text), (4 bytes).
    Removing serial.o(.rrx_text), (6 bytes).
    Removing serial.o(i.Serial_Init), (228 bytes).
    Removing hm10.o(.rev16_text), (4 bytes).
    Removing hm10.o(.revsh_text), (4 bytes).
    Removing hm10.o(.rrx_text), (6 bytes).
    Removing hm10.o(.constdata), (255 bytes).
    Removing startup_lpc407x_8x_177x_8x.o(HEAP), (0 bytes).
    Removing system_lpc407x_8x_177x_8x.o(.rev16_text), (4 bytes).
    Removing system_lpc407x_8x_177x_8x.o(.revsh_text), (4 bytes).
    Removing system_lpc407x_8x_177x_8x.o(.rrx_text), (6 bytes).

34 unused section(s) (total 934 bytes) removed from the image.

==============================================================================

Image Symbol Table

    Local Symbols

    Symbol Name                              Value     Ov Type        Size  Object(Section)

    RESET                                    0x00000000   Section      228  startup_lpc407x_8x_177x_8x.o(RESET)
    ../clib/microlib/init/entry.s            0x00000000   Number         0  entry7b.o ABSOLUTE
    ../clib/microlib/init/entry.s            0x00000000   Number         0  entry7a.o ABSOLUTE
    ../clib/microlib/init/entry.s            0x00000000   Number         0  entry5.o ABSOLUTE
    ../clib/microlib/init/entry.s            0x00000000   Number         0  entry2.o ABSOLUTE
    ../clib/microlib/init/entry.s            0x00000000   Number         0  entry8a.o ABSOLUTE
    ../clib/microlib/init/entry.s            0x00000000   Number         0  entry8b.o ABSOLUTE
    ../clib/microlib/init/entry.s            0x00000000   Number         0  entry9a.o ABSOLUTE
    ../clib/microlib/init/entry.s            0x00000000   Number         0  entry9b.o ABSOLUTE
    ../clib/microlib/init/entry.s            0x00000000   Number         0  entry10a.o ABSOLUTE
    ../clib/microlib/init/entry.s            0x00000000   Number         0  entry11b.o ABSOLUTE
    ../clib/microlib/init/entry.s            0x00000000   Number         0  entry11a.o ABSOLUTE
    ../clib/microlib/init/entry.s            0x00000000   Number         0  entry10b.o ABSOLUTE
    ../clib/microlib/init/entry.s            0x00000000   Number         0  entry.o ABSOLUTE
    ../clib/microlib/longlong.c              0x00000000   Number         0  llushr.o ABSOLUTE
    ../clib/microlib/longlong.c              0x00000000   Number         0  llshl.o ABSOLUTE
    ../clib/microlib/string/memset.c         0x00000000   Number         0  memseta.o ABSOLUTE
    ../clib/microlib/string/strcmp.c         0x00000000   Number         0  strcmp.o ABSOLUTE
    ../clib/microlib/string/strcpy.c         0x00000000   Number         0  strcpy.o ABSOLUTE
    ../clib/microlib/stubs.s                 0x00000000   Number         0  iusefp.o ABSOLUTE
    ../fplib/microlib/fpdiv.c                0x00000000   Number         0  ddiv.o ABSOLUTE
    ../fplib/microlib/fpepilogue.c           0x00000000   Number         0  depilogue.o ABSOLUTE
    ../fplib/microlib/fpfix.c                0x00000000   Number         0  dfixui.o ABSOLUTE
    ../fplib/microlib/fpflt.c                0x00000000   Number         0  dfltui.o ABSOLUTE
    Library\ADC.c                            0x00000000   Number         0  adc.o ABSOLUTE
    Library\GPIO.c                           0x00000000   Number         0  gpio.o ABSOLUTE
    Library\HM10.c                           0x00000000   Number         0  hm10.o ABSOLUTE
    Library\PWM.c                            0x00000000   Number         0  pwm.o ABSOLUTE
    Library\Serial.c                         0x00000000   Number         0  serial.o ABSOLUTE
    Library\Timer.c                          0x00000000   Number         0  timer.o ABSOLUTE
    Library\Wait.c                           0x00000000   Number         0  wait.o ABSOLUTE
    Library\\ADC.c                           0x00000000   Number         0  adc.o ABSOLUTE
    Library\\GPIO.c                          0x00000000   Number         0  gpio.o ABSOLUTE
    Library\\HM10.c                          0x00000000   Number         0  hm10.o ABSOLUTE
    Library\\PWM.c                           0x00000000   Number         0  pwm.o ABSOLUTE
    Library\\Serial.c                        0x00000000   Number         0  serial.o ABSOLUTE
    Library\\Timer.c                         0x00000000   Number         0  timer.o ABSOLUTE
    Library\\Wait.c                          0x00000000   Number         0  wait.o ABSOLUTE
    RTE\Device\LPC4088FET208\startup_LPC407x_8x_177x_8x.s 0x00000000   Number         0  startup_lpc407x_8x_177x_8x.o ABSOLUTE
    RTE\Device\LPC4088FET208\system_LPC407x_8x_177x_8x.c 0x00000000   Number         0  system_lpc407x_8x_177x_8x.o ABSOLUTE
    RTE\\Device\\LPC4088FET208\\system_LPC407x_8x_177x_8x.c 0x00000000   Number         0  system_lpc407x_8x_177x_8x.o ABSOLUTE
    dc.s                                     0x00000000   Number         0  dc.o ABSOLUTE
    handlers.s                               0x00000000   Number         0  handlers.o ABSOLUTE
    init.s                                   0x00000000   Number         0  init.o ABSOLUTE
    main.c                                   0x00000000   Number         0  main.o ABSOLUTE
    main.c                                   0x00000000   Number         0  main.o ABSOLUTE
    .ARM.Collect$$$$00000000                 0x000000e4   Section        0  entry.o(.ARM.Collect$$$$00000000)
    .ARM.Collect$$$$00000001                 0x000000e4   Section        4  entry2.o(.ARM.Collect$$$$00000001)
    .ARM.Collect$$$$00000004                 0x000000e8   Section        4  entry5.o(.ARM.Collect$$$$00000004)
    .ARM.Collect$$$$00000008                 0x000000ec   Section        0  entry7b.o(.ARM.Collect$$$$00000008)
    .ARM.Collect$$$$0000000A                 0x000000ec   Section        0  entry8b.o(.ARM.Collect$$$$0000000A)
    .ARM.Collect$$$$0000000B                 0x000000ec   Section        8  entry9a.o(.ARM.Collect$$$$0000000B)
    .ARM.Collect$$$$0000000D                 0x000000f4   Section        0  entry10a.o(.ARM.Collect$$$$0000000D)
    .ARM.Collect$$$$0000000F                 0x000000f4   Section        0  entry11a.o(.ARM.Collect$$$$0000000F)
    .ARM.Collect$$$$00002712                 0x000000f4   Section        4  entry2.o(.ARM.Collect$$$$00002712)
    __lit__00000000                          0x000000f4   Data           4  entry2.o(.ARM.Collect$$$$00002712)
    .text                                    0x000000f8   Section       36  startup_lpc407x_8x_177x_8x.o(.text)
    $v0                                      0x000000f8   Number         0  startup_lpc407x_8x_177x_8x.o(.text)
    .text                                    0x0000011c   Section        0  memseta.o(.text)
    .text                                    0x00000140   Section        0  strcmp.o(.text)
    .text                                    0x0000015c   Section        0  strcpy.o(.text)
    .text                                    0x0000016e   Section        0  ddiv.o(.text)
    .text                                    0x0000024c   Section        0  dfltui.o(.text)
    .text                                    0x00000266   Section        0  dfixui.o(.text)
    .text                                    0x00000298   Section        0  llushr.o(.text)
    .text                                    0x000002b8   Section       36  init.o(.text)
    .text                                    0x000002b8   Section        0  iusefp.o(.text)
    .text                                    0x000002dc   Section        0  llshl.o(.text)
    i.__scatterload_null                     0x000002fa   Section        2  handlers.o(i.__scatterload_null)
    .ARM.__at_0x02FC                         0x000002fc   Section        4  startup_lpc407x_8x_177x_8x.o(.ARM.__at_0x02FC)
    .text                                    0x00000300   Section        0  depilogue.o(.text)
    i.ADC_GetLastValue                       0x000003bc   Section        0  adc.o(i.ADC_GetLastValue)
    i.ADC_GetPotans                          0x000003dc   Section        0  adc.o(i.ADC_GetPotans)
    i.ADC_IRQHandler                         0x000003e8   Section        0  adc.o(i.ADC_IRQHandler)
    i.ADC_Init                               0x000004bc   Section        0  adc.o(i.ADC_Init)
    i.ADC_Start                              0x000005cc   Section        0  adc.o(i.ADC_Start)
    i.GPIO_DIR_Write                         0x000005e0   Section        0  gpio.o(i.GPIO_DIR_Write)
    i.GPIO_PIN_Write                         0x000005f2   Section        0  gpio.o(i.GPIO_PIN_Write)
    i.HM10_ClearBuffer                       0x00000604   Section        0  hm10.o(i.HM10_ClearBuffer)
    i.HM10_Init                              0x00000620   Section        0  hm10.o(i.HM10_Init)
    i.HM10_ReadData                          0x000006cc   Section        0  hm10.o(i.HM10_ReadData)
    i.HM10_SendCommand                       0x000006e4   Section        0  hm10.o(i.HM10_SendCommand)
    i.HM10_Write                             0x000006f0   Section        0  hm10.o(i.HM10_Write)
    i.HM10_WriteData                         0x00000708   Section        0  hm10.o(i.HM10_WriteData)
    i.IN1A_Init                              0x00000720   Section        0  gpio.o(i.IN1A_Init)
    i.IN1A_Off                               0x00000734   Section        0  gpio.o(i.IN1A_Off)
    i.IN1A_On                                0x00000748   Section        0  gpio.o(i.IN1A_On)
    i.IN2A_Init                              0x0000075c   Section        0  gpio.o(i.IN2A_Init)
    i.IN2A_Off                               0x00000770   Section        0  gpio.o(i.IN2A_Off)
    i.IN2A_On                                0x00000784   Section        0  gpio.o(i.IN2A_On)
    i.IN3B_Init                              0x00000798   Section        0  gpio.o(i.IN3B_Init)
    i.IN3B_Off                               0x000007ac   Section        0  gpio.o(i.IN3B_Off)
    i.IN3B_On                                0x000007c0   Section        0  gpio.o(i.IN3B_On)
    i.IN4B_Init                              0x000007d4   Section        0  gpio.o(i.IN4B_Init)
    i.IN4B_Off                               0x000007e8   Section        0  gpio.o(i.IN4B_Off)
    i.IN4B_On                                0x000007fc   Section        0  gpio.o(i.IN4B_On)
    i.LED_LEFT_BACKWARD_Init                 0x00000810   Section        0  gpio.o(i.LED_LEFT_BACKWARD_Init)
    i.LED_LEFT_BACKWARD_Off                  0x00000824   Section        0  gpio.o(i.LED_LEFT_BACKWARD_Off)
    i.LED_LEFT_BACKWARD_On                   0x00000838   Section        0  gpio.o(i.LED_LEFT_BACKWARD_On)
    i.LED_LEFT_FORWARD_Init                  0x0000084c   Section        0  gpio.o(i.LED_LEFT_FORWARD_Init)
    i.LED_LEFT_FORWARD_Off                   0x00000860   Section        0  gpio.o(i.LED_LEFT_FORWARD_Off)
    i.LED_LEFT_FORWARD_On                    0x00000874   Section        0  gpio.o(i.LED_LEFT_FORWARD_On)
    i.LED_RIGHT_BACKWARD_Init                0x00000888   Section        0  gpio.o(i.LED_RIGHT_BACKWARD_Init)
    i.LED_RIGHT_BACKWARD_Off                 0x0000089c   Section        0  gpio.o(i.LED_RIGHT_BACKWARD_Off)
    i.LED_RIGHT_BACKWARD_On                  0x000008b0   Section        0  gpio.o(i.LED_RIGHT_BACKWARD_On)
    i.LED_RIGHT_FORWARD_Init                 0x000008c4   Section        0  gpio.o(i.LED_RIGHT_FORWARD_Init)
    i.LED_RIGHT_FORWARD_Off                  0x000008d8   Section        0  gpio.o(i.LED_RIGHT_FORWARD_Off)
    i.LED_RIGHT_FORWARD_On                   0x000008ec   Section        0  gpio.o(i.LED_RIGHT_FORWARD_On)
    i.PWM_Init                               0x00000900   Section        0  pwm.o(i.PWM_Init)
    i.PWM_Write                              0x00000994   Section        0  pwm.o(i.PWM_Write)
    i.Serial_ReadData                        0x00000a00   Section        0  serial.o(i.Serial_ReadData)
    i.Serial_WriteData                       0x00000a0c   Section        0  serial.o(i.Serial_WriteData)
    i.SystemCoreClockUpdate                  0x00000a20   Section        0  system_lpc407x_8x_177x_8x.o(i.SystemCoreClockUpdate)
    i.SystemInit                             0x00000cf4   Section        0  system_lpc407x_8x_177x_8x.o(i.SystemInit)
    i.Timer_Init                             0x00000de0   Section        0  timer.o(i.Timer_Init)
    i.UART0_IRQHandler                       0x00000e70   Section        0  serial.o(i.UART0_IRQHandler)
    i.UART3_IRQHandler                       0x00000ed0   Section        0  hm10.o(i.UART3_IRQHandler)
    i.__scatterload_copy                     0x00000f04   Section       14  handlers.o(i.__scatterload_copy)
    i.__scatterload_zeroinit                 0x00000f12   Section       14  handlers.o(i.__scatterload_zeroinit)
    i.fpu_init                               0x00000f20   Section        0  system_lpc407x_8x_177x_8x.o(i.fpu_init)
    i.go_backward                            0x00000f70   Section        0  gpio.o(i.go_backward)
    i.go_forward                             0x00000f94   Section        0  gpio.o(i.go_forward)
    i.init                                   0x00000fb8   Section        0  main.o(i.init)
    i.main                                   0x00001038   Section        0  main.o(i.main)
    i.motor_command                          0x00001044   Section        0  main.o(i.motor_command)
    i.stop                                   0x00001174   Section        0  gpio.o(i.stop)
    i.turn_left                              0x00001198   Section        0  gpio.o(i.turn_left)
    i.turn_right                             0x000011bc   Section        0  gpio.o(i.turn_right)
    i.update                                 0x000011e0   Section        0  main.o(i.update)
    .data                                    0x10000000   Section       33  main.o(.data)
    .data                                    0x10000024   Section       20  adc.o(.data)
    .data                                    0x10000038   Section        9  serial.o(.data)
    .data                                    0x10000041   Section        2  hm10.o(.data)
    .data                                    0x10000044   Section       16  system_lpc407x_8x_177x_8x.o(.data)
    .bss                                     0x10000054   Section     2383  main.o(.bss)
    .bss                                     0x100009a3   Section      256  hm10.o(.bss)
    STACK                                    0x10000aa8   Section     1024  startup_lpc407x_8x_177x_8x.o(STACK)

    Global Symbols

    Symbol Name                              Value     Ov Type        Size  Object(Section)

    BuildAttributes$$THM_ISAv4$E$P$D$K$B$S$7EM$VFPi3$EXTD16$VFPS$VFMA$PE$A:L22UL41UL21$X:L11$S22US41US21$IEEE1$IW$USESV6$~STKCKD$USESV7$~SHL$OSPACE$ROPI$EBA8$MICROLIB$REQ8$PRES8$EABIv2 0x00000000   Number         0  anon$$obj.o ABSOLUTE
    __ARM_use_no_argv                        0x00000000   Number         0  main.o ABSOLUTE
    __Vectors                                0x00000000   Data           4  startup_lpc407x_8x_177x_8x.o(RESET)
    __cpp_initialize__aeabi_                  - Undefined Weak Reference
    __cxa_finalize                            - Undefined Weak Reference
    __decompress                              - Undefined Weak Reference
    _clock_init                               - Undefined Weak Reference
    _microlib_exit                            - Undefined Weak Reference
    __main                                   0x000000e5   Thumb Code     0  entry.o(.ARM.Collect$$$$00000000)
    _main_stk                                0x000000e5   Thumb Code     0  entry2.o(.ARM.Collect$$$$00000001)
    _main_scatterload                        0x000000e9   Thumb Code     0  entry5.o(.ARM.Collect$$$$00000004)
    __main_after_scatterload                 0x000000ed   Thumb Code     0  entry5.o(.ARM.Collect$$$$00000004)
    _main_clock                              0x000000ed   Thumb Code     0  entry7b.o(.ARM.Collect$$$$00000008)
    _main_cpp_init                           0x000000ed   Thumb Code     0  entry8b.o(.ARM.Collect$$$$0000000A)
    _main_init                               0x000000ed   Thumb Code     0  entry9a.o(.ARM.Collect$$$$0000000B)
    __rt_final_cpp                           0x000000f5   Thumb Code     0  entry10a.o(.ARM.Collect$$$$0000000D)
    __rt_final_exit                          0x000000f5   Thumb Code     0  entry11a.o(.ARM.Collect$$$$0000000F)
    Reset_Handler                            0x000000f9   Thumb Code     8  startup_lpc407x_8x_177x_8x.o(.text)
    NMI_Handler                              0x00000101   Thumb Code     2  startup_lpc407x_8x_177x_8x.o(.text)
    HardFault_Handler                        0x00000103   Thumb Code     2  startup_lpc407x_8x_177x_8x.o(.text)
    MemManage_Handler                        0x00000105   Thumb Code     2  startup_lpc407x_8x_177x_8x.o(.text)
    BusFault_Handler                         0x00000107   Thumb Code     2  startup_lpc407x_8x_177x_8x.o(.text)
    UsageFault_Handler                       0x00000109   Thumb Code     2  startup_lpc407x_8x_177x_8x.o(.text)
    SVC_Handler                              0x0000010b   Thumb Code     2  startup_lpc407x_8x_177x_8x.o(.text)
    DebugMon_Handler                         0x0000010d   Thumb Code     2  startup_lpc407x_8x_177x_8x.o(.text)
    PendSV_Handler                           0x0000010f   Thumb Code     2  startup_lpc407x_8x_177x_8x.o(.text)
    SysTick_Handler                          0x00000111   Thumb Code     2  startup_lpc407x_8x_177x_8x.o(.text)
    BOD_IRQHandler                           0x00000113   Thumb Code     0  startup_lpc407x_8x_177x_8x.o(.text)
    CANActivity_IRQHandler                   0x00000113   Thumb Code     0  startup_lpc407x_8x_177x_8x.o(.text)
    CAN_IRQHandler                           0x00000113   Thumb Code     0  startup_lpc407x_8x_177x_8x.o(.text)
    DMA_IRQHandler                           0x00000113   Thumb Code     0  startup_lpc407x_8x_177x_8x.o(.text)
    EEPROM_IRQHandler                        0x00000113   Thumb Code     0  startup_lpc407x_8x_177x_8x.o(.text)
    EINT0_IRQHandler                         0x00000113   Thumb Code     0  startup_lpc407x_8x_177x_8x.o(.text)
    EINT1_IRQHandler                         0x00000113   Thumb Code     0  startup_lpc407x_8x_177x_8x.o(.text)
    EINT2_IRQHandler                         0x00000113   Thumb Code     0  startup_lpc407x_8x_177x_8x.o(.text)
    EINT3_IRQHandler                         0x00000113   Thumb Code     0  startup_lpc407x_8x_177x_8x.o(.text)
    ENET_IRQHandler                          0x00000113   Thumb Code     0  startup_lpc407x_8x_177x_8x.o(.text)
    GPIO_IRQHandler                          0x00000113   Thumb Code     0  startup_lpc407x_8x_177x_8x.o(.text)
    I2C0_IRQHandler                          0x00000113   Thumb Code     0  startup_lpc407x_8x_177x_8x.o(.text)
    I2C1_IRQHandler                          0x00000113   Thumb Code     0  startup_lpc407x_8x_177x_8x.o(.text)
    I2C2_IRQHandler                          0x00000113   Thumb Code     0  startup_lpc407x_8x_177x_8x.o(.text)
    I2S_IRQHandler                           0x00000113   Thumb Code     0  startup_lpc407x_8x_177x_8x.o(.text)
    LCD_IRQHandler                           0x00000113   Thumb Code     0  startup_lpc407x_8x_177x_8x.o(.text)
    MCI_IRQHandler                           0x00000113   Thumb Code     0  startup_lpc407x_8x_177x_8x.o(.text)
    MCPWM_IRQHandler                         0x00000113   Thumb Code     0  startup_lpc407x_8x_177x_8x.o(.text)
    PLL0_IRQHandler                          0x00000113   Thumb Code     0  startup_lpc407x_8x_177x_8x.o(.text)
    PLL1_IRQHandler                          0x00000113   Thumb Code     0  startup_lpc407x_8x_177x_8x.o(.text)
    PWM0_IRQHandler                          0x00000113   Thumb Code     0  startup_lpc407x_8x_177x_8x.o(.text)
    PWM1_IRQHandler                          0x00000113   Thumb Code     0  startup_lpc407x_8x_177x_8x.o(.text)
    QEI_IRQHandler                           0x00000113   Thumb Code     0  startup_lpc407x_8x_177x_8x.o(.text)
    RTC_IRQHandler                           0x00000113   Thumb Code     0  startup_lpc407x_8x_177x_8x.o(.text)
    SSP0_IRQHandler                          0x00000113   Thumb Code     0  startup_lpc407x_8x_177x_8x.o(.text)
    SSP1_IRQHandler                          0x00000113   Thumb Code     0  startup_lpc407x_8x_177x_8x.o(.text)
    SSP2_IRQHandler                          0x00000113   Thumb Code     0  startup_lpc407x_8x_177x_8x.o(.text)
    TIMER0_IRQHandler                        0x00000113   Thumb Code     0  startup_lpc407x_8x_177x_8x.o(.text)
    TIMER1_IRQHandler                        0x00000113   Thumb Code     0  startup_lpc407x_8x_177x_8x.o(.text)
    TIMER2_IRQHandler                        0x00000113   Thumb Code     0  startup_lpc407x_8x_177x_8x.o(.text)
    TIMER3_IRQHandler                        0x00000113   Thumb Code     0  startup_lpc407x_8x_177x_8x.o(.text)
    UART1_IRQHandler                         0x00000113   Thumb Code     0  startup_lpc407x_8x_177x_8x.o(.text)
    UART2_IRQHandler                         0x00000113   Thumb Code     0  startup_lpc407x_8x_177x_8x.o(.text)
    UART4_IRQHandler                         0x00000113   Thumb Code     0  startup_lpc407x_8x_177x_8x.o(.text)
    USBActivity_IRQHandler                   0x00000113   Thumb Code     0  startup_lpc407x_8x_177x_8x.o(.text)
    USB_IRQHandler                           0x00000113   Thumb Code     0  startup_lpc407x_8x_177x_8x.o(.text)
    WDT_IRQHandler                           0x00000113   Thumb Code     0  startup_lpc407x_8x_177x_8x.o(.text)
    __aeabi_memset                           0x0000011d   Thumb Code    14  memseta.o(.text)
    __aeabi_memset4                          0x0000011d   Thumb Code     0  memseta.o(.text)
    __aeabi_memset8                          0x0000011d   Thumb Code     0  memseta.o(.text)
    __aeabi_memclr                           0x0000012b   Thumb Code     4  memseta.o(.text)
    __aeabi_memclr4                          0x0000012b   Thumb Code     0  memseta.o(.text)
    __aeabi_memclr8                          0x0000012b   Thumb Code     0  memseta.o(.text)
    _memset$wrapper                          0x0000012f   Thumb Code    18  memseta.o(.text)
    strcmp                                   0x00000141   Thumb Code    28  strcmp.o(.text)
    strcpy                                   0x0000015d   Thumb Code    18  strcpy.o(.text)
    __aeabi_ddiv                             0x0000016f   Thumb Code   222  ddiv.o(.text)
    __aeabi_ui2d                             0x0000024d   Thumb Code    26  dfltui.o(.text)
    __aeabi_d2uiz                            0x00000267   Thumb Code    50  dfixui.o(.text)
    __aeabi_llsr                             0x00000299   Thumb Code    32  llushr.o(.text)
    _ll_ushift_r                             0x00000299   Thumb Code     0  llushr.o(.text)
    __I$use$fp                               0x000002b9   Thumb Code     0  iusefp.o(.text)
    __scatterload                            0x000002b9   Thumb Code    28  init.o(.text)
    __scatterload_rt2                        0x000002b9   Thumb Code     0  init.o(.text)
    __aeabi_llsl                             0x000002dd   Thumb Code    30  llshl.o(.text)
    _ll_shift_l                              0x000002dd   Thumb Code     0  llshl.o(.text)
    __scatterload_null                       0x000002fb   Thumb Code     2  handlers.o(i.__scatterload_null)
    _double_round                            0x00000301   Thumb Code    30  depilogue.o(.text)
    _double_epilogue                         0x0000031f   Thumb Code   156  depilogue.o(.text)
    ADC_GetLastValue                         0x000003bd   Thumb Code    24  adc.o(i.ADC_GetLastValue)
    ADC_GetPotans                            0x000003dd   Thumb Code     6  adc.o(i.ADC_GetPotans)
    ADC_IRQHandler                           0x000003e9   Thumb Code   192  adc.o(i.ADC_IRQHandler)
    ADC_Init                                 0x000004bd   Thumb Code   258  adc.o(i.ADC_Init)
    ADC_Start                                0x000005cd   Thumb Code    14  adc.o(i.ADC_Start)
    GPIO_DIR_Write                           0x000005e1   Thumb Code    18  gpio.o(i.GPIO_DIR_Write)
    GPIO_PIN_Write                           0x000005f3   Thumb Code    18  gpio.o(i.GPIO_PIN_Write)
    HM10_ClearBuffer                         0x00000605   Thumb Code    18  hm10.o(i.HM10_ClearBuffer)
    HM10_Init                                0x00000621   Thumb Code   154  hm10.o(i.HM10_Init)
    HM10_ReadData                            0x000006cd   Thumb Code    20  hm10.o(i.HM10_ReadData)
    HM10_SendCommand                         0x000006e5   Thumb Code    12  hm10.o(i.HM10_SendCommand)
    HM10_Write                               0x000006f1   Thumb Code    22  hm10.o(i.HM10_Write)
    HM10_WriteData                           0x00000709   Thumb Code    20  hm10.o(i.HM10_WriteData)
    IN1A_Init                                0x00000721   Thumb Code    14  gpio.o(i.IN1A_Init)
    IN1A_Off                                 0x00000735   Thumb Code    16  gpio.o(i.IN1A_Off)
    IN1A_On                                  0x00000749   Thumb Code    14  gpio.o(i.IN1A_On)
    IN2A_Init                                0x0000075d   Thumb Code    14  gpio.o(i.IN2A_Init)
    IN2A_Off                                 0x00000771   Thumb Code    16  gpio.o(i.IN2A_Off)
    IN2A_On                                  0x00000785   Thumb Code    14  gpio.o(i.IN2A_On)
    IN3B_Init                                0x00000799   Thumb Code    14  gpio.o(i.IN3B_Init)
    IN3B_Off                                 0x000007ad   Thumb Code    14  gpio.o(i.IN3B_Off)
    IN3B_On                                  0x000007c1   Thumb Code    14  gpio.o(i.IN3B_On)
    IN4B_Init                                0x000007d5   Thumb Code    14  gpio.o(i.IN4B_Init)
    IN4B_Off                                 0x000007e9   Thumb Code    14  gpio.o(i.IN4B_Off)
    IN4B_On                                  0x000007fd   Thumb Code    14  gpio.o(i.IN4B_On)
    LED_LEFT_BACKWARD_Init                   0x00000811   Thumb Code    14  gpio.o(i.LED_LEFT_BACKWARD_Init)
    LED_LEFT_BACKWARD_Off                    0x00000825   Thumb Code    14  gpio.o(i.LED_LEFT_BACKWARD_Off)
    LED_LEFT_BACKWARD_On                     0x00000839   Thumb Code    14  gpio.o(i.LED_LEFT_BACKWARD_On)
    LED_LEFT_FORWARD_Init                    0x0000084d   Thumb Code    14  gpio.o(i.LED_LEFT_FORWARD_Init)
    LED_LEFT_FORWARD_Off                     0x00000861   Thumb Code    14  gpio.o(i.LED_LEFT_FORWARD_Off)
    LED_LEFT_FORWARD_On                      0x00000875   Thumb Code    14  gpio.o(i.LED_LEFT_FORWARD_On)
    LED_RIGHT_BACKWARD_Init                  0x00000889   Thumb Code    14  gpio.o(i.LED_RIGHT_BACKWARD_Init)
    LED_RIGHT_BACKWARD_Off                   0x0000089d   Thumb Code    14  gpio.o(i.LED_RIGHT_BACKWARD_Off)
    LED_RIGHT_BACKWARD_On                    0x000008b1   Thumb Code    14  gpio.o(i.LED_RIGHT_BACKWARD_On)
    LED_RIGHT_FORWARD_Init                   0x000008c5   Thumb Code    14  gpio.o(i.LED_RIGHT_FORWARD_Init)
    LED_RIGHT_FORWARD_Off                    0x000008d9   Thumb Code    16  gpio.o(i.LED_RIGHT_FORWARD_Off)
    LED_RIGHT_FORWARD_On                     0x000008ed   Thumb Code    14  gpio.o(i.LED_RIGHT_FORWARD_On)
    PWM_Init                                 0x00000901   Thumb Code   130  pwm.o(i.PWM_Init)
    PWM_Write                                0x00000995   Thumb Code    96  pwm.o(i.PWM_Write)
    Serial_ReadData                          0x00000a01   Thumb Code     6  serial.o(i.Serial_ReadData)
    Serial_WriteData                         0x00000a0d   Thumb Code    12  serial.o(i.Serial_WriteData)
    SystemCoreClockUpdate                    0x00000a21   Thumb Code   696  system_lpc407x_8x_177x_8x.o(i.SystemCoreClockUpdate)
    SystemInit                               0x00000cf5   Thumb Code   220  system_lpc407x_8x_177x_8x.o(i.SystemInit)
    Timer_Init                               0x00000de1   Thumb Code   136  timer.o(i.Timer_Init)
    UART0_IRQHandler                         0x00000e71   Thumb Code    74  serial.o(i.UART0_IRQHandler)
    UART3_IRQHandler                         0x00000ed1   Thumb Code    38  hm10.o(i.UART3_IRQHandler)
    __scatterload_copy                       0x00000f05   Thumb Code    14  handlers.o(i.__scatterload_copy)
    __scatterload_zeroinit                   0x00000f13   Thumb Code    14  handlers.o(i.__scatterload_zeroinit)
    fpu_init                                 0x00000f21   Thumb Code    62  system_lpc407x_8x_177x_8x.o(i.fpu_init)
    go_backward                              0x00000f71   Thumb Code    36  gpio.o(i.go_backward)
    go_forward                               0x00000f95   Thumb Code    36  gpio.o(i.go_forward)
    init                                     0x00000fb9   Thumb Code   122  main.o(i.init)
    main                                     0x00001039   Thumb Code    12  main.o(i.main)
    motor_command                            0x00001045   Thumb Code   242  main.o(i.motor_command)
    stop                                     0x00001175   Thumb Code    36  gpio.o(i.stop)
    turn_left                                0x00001199   Thumb Code    36  gpio.o(i.turn_left)
    turn_right                               0x000011bd   Thumb Code    36  gpio.o(i.turn_right)
    update                                   0x000011e1   Thumb Code   366  main.o(i.update)
    Region$$Table$$Base                      0x000013c0   Number         0  anon$$obj.o(Region$$Table)
    Region$$Table$$Limit                     0x000013e0   Number         0  anon$$obj.o(Region$$Table)
    TEST_MODE                                0x10000000   Data           4  main.o(.data)
    AUTO_MODE                                0x10000004   Data           4  main.o(.data)
    START                                    0x10000008   Data           4  main.o(.data)
    FINISH                                   0x1000000c   Data           4  main.o(.data)
    potans_value                             0x10000010   Data           4  main.o(.data)
    ldr_value                                0x10000014   Data           4  main.o(.data)
    ldr_value_sum                            0x10000018   Data           4  main.o(.data)
    count                                    0x1000001c   Data           4  main.o(.data)
    temp                                     0x10000020   Data           1  main.o(.data)
    ADC_Last                                 0x10000024   Data           4  adc.o(.data)
    ADC_Right                                0x10000028   Data           4  adc.o(.data)
    ADC_Left                                 0x1000002c   Data           4  adc.o(.data)
    ADC_Potans                               0x10000030   Data           4  adc.o(.data)
    counter                                  0x10000034   Data           4  adc.o(.data)
    serialReceivedCharacter                  0x10000038   Data           1  serial.o(.data)
    serialNewDataAvailable                   0x10000039   Data           1  serial.o(.data)
    serialTransmitData                       0x1000003c   Data           4  serial.o(.data)
    serialTransmitCompleted                  0x10000040   Data           1  serial.o(.data)
    HM10CurrentBufferIndex                   0x10000041   Data           1  hm10.o(.data)
    HM10NewDataAvailable                     0x10000042   Data           1  hm10.o(.data)
    SystemCoreClock                          0x10000044   Data           4  system_lpc407x_8x_177x_8x.o(.data)
    PeripheralClock                          0x10000048   Data           4  system_lpc407x_8x_177x_8x.o(.data)
    EMCClock                                 0x1000004c   Data           4  system_lpc407x_8x_177x_8x.o(.data)
    USBClock                                 0x10000050   Data           4  system_lpc407x_8x_177x_8x.o(.data)
    LDR_VALUES                               0x10000054   Data        2000  main.o(.bss)
    last_behaviour                           0x10000824   Data         255  main.o(.bss)
    characters                               0x10000923   Data         128  main.o(.bss)
    HM10Buffer                               0x100009a3   Data         256  hm10.o(.bss)
    __initial_sp                             0x10000ea8   Data           0  startup_lpc407x_8x_177x_8x.o(STACK)



==============================================================================

Memory Map of the image

  Image Entry point : 0x000000f9

  Load Region LR_1 (Base: 0x00000000, Size: 0x00001434, Max: 0xffffffff, ABSOLUTE)

    Execution Region ER_RO (Exec base: 0x00000000, Load base: 0x00000000, Size: 0x000013e0, Max: 0xffffffff, ABSOLUTE)

    Exec Addr    Load Addr    Size         Type   Attr      Idx    E Section Name        Object

    0x00000000   0x00000000   0x000000e4   Data   RO          605    RESET               startup_lpc407x_8x_177x_8x.o
    0x000000e4   0x000000e4   0x00000000   Code   RO          655  * .ARM.Collect$$$$00000000  mc_w.l(entry.o)
    0x000000e4   0x000000e4   0x00000004   Code   RO          670    .ARM.Collect$$$$00000001  mc_w.l(entry2.o)
    0x000000e8   0x000000e8   0x00000004   Code   RO          673    .ARM.Collect$$$$00000004  mc_w.l(entry5.o)
    0x000000ec   0x000000ec   0x00000000   Code   RO          675    .ARM.Collect$$$$00000008  mc_w.l(entry7b.o)
    0x000000ec   0x000000ec   0x00000000   Code   RO          677    .ARM.Collect$$$$0000000A  mc_w.l(entry8b.o)
    0x000000ec   0x000000ec   0x00000008   Code   RO          678    .ARM.Collect$$$$0000000B  mc_w.l(entry9a.o)
    0x000000f4   0x000000f4   0x00000000   Code   RO          680    .ARM.Collect$$$$0000000D  mc_w.l(entry10a.o)
    0x000000f4   0x000000f4   0x00000000   Code   RO          682    .ARM.Collect$$$$0000000F  mc_w.l(entry11a.o)
    0x000000f4   0x000000f4   0x00000004   Code   RO          671    .ARM.Collect$$$$00002712  mc_w.l(entry2.o)
    0x000000f8   0x000000f8   0x00000024   Code   RO          607  * .text               startup_lpc407x_8x_177x_8x.o
    0x0000011c   0x0000011c   0x00000024   Code   RO          658    .text               mc_w.l(memseta.o)
    0x00000140   0x00000140   0x0000001c   Code   RO          660    .text               mc_w.l(strcmp.o)
    0x0000015c   0x0000015c   0x00000012   Code   RO          662    .text               mc_w.l(strcpy.o)
    0x0000016e   0x0000016e   0x000000de   Code   RO          664    .text               mf_w.l(ddiv.o)
    0x0000024c   0x0000024c   0x0000001a   Code   RO          666    .text               mf_w.l(dfltui.o)
    0x00000266   0x00000266   0x00000032   Code   RO          668    .text               mf_w.l(dfixui.o)
    0x00000298   0x00000298   0x00000020   Code   RO          684    .text               mc_w.l(llushr.o)
    0x000002b8   0x000002b8   0x00000000   Code   RO          686    .text               mc_w.l(iusefp.o)
    0x000002b8   0x000002b8   0x00000024   Code   RO          689    .text               mc_w.l(init.o)
    0x000002dc   0x000002dc   0x0000001e   Code   RO          691    .text               mc_w.l(llshl.o)
    0x000002fa   0x000002fa   0x00000002   Code   RO          696    i.__scatterload_null  mc_w.l(handlers.o)
    0x000002fc   0x000002fc   0x00000004   Code   RO          606    .ARM.__at_0x02FC    startup_lpc407x_8x_177x_8x.o
    0x00000300   0x00000300   0x000000ba   Code   RO          687    .text               mf_w.l(depilogue.o)
    0x000003ba   0x000003ba   0x00000002   PAD
    0x000003bc   0x000003bc   0x00000020   Code   RO          111    i.ADC_GetLastValue  adc.o
    0x000003dc   0x000003dc   0x0000000c   Code   RO          112    i.ADC_GetPotans     adc.o
    0x000003e8   0x000003e8   0x000000d4   Code   RO          113    i.ADC_IRQHandler    adc.o
    0x000004bc   0x000004bc   0x00000110   Code   RO          114    i.ADC_Init          adc.o
    0x000005cc   0x000005cc   0x00000014   Code   RO          115    i.ADC_Start         adc.o
    0x000005e0   0x000005e0   0x00000012   Code   RO          202    i.GPIO_DIR_Write    gpio.o
    0x000005f2   0x000005f2   0x00000012   Code   RO          203    i.GPIO_PIN_Write    gpio.o
    0x00000604   0x00000604   0x0000001c   Code   RO          530    i.HM10_ClearBuffer  hm10.o
    0x00000620   0x00000620   0x000000ac   Code   RO          531    i.HM10_Init         hm10.o
    0x000006cc   0x000006cc   0x00000018   Code   RO          532    i.HM10_ReadData     hm10.o
    0x000006e4   0x000006e4   0x0000000c   Code   RO          533    i.HM10_SendCommand  hm10.o
    0x000006f0   0x000006f0   0x00000016   Code   RO          534    i.HM10_Write        hm10.o
    0x00000706   0x00000706   0x00000002   PAD
    0x00000708   0x00000708   0x00000018   Code   RO          535    i.HM10_WriteData    hm10.o
    0x00000720   0x00000720   0x00000014   Code   RO          204    i.IN1A_Init         gpio.o
    0x00000734   0x00000734   0x00000014   Code   RO          205    i.IN1A_Off          gpio.o
    0x00000748   0x00000748   0x00000014   Code   RO          206    i.IN1A_On           gpio.o
    0x0000075c   0x0000075c   0x00000014   Code   RO          207    i.IN2A_Init         gpio.o
    0x00000770   0x00000770   0x00000014   Code   RO          208    i.IN2A_Off          gpio.o
    0x00000784   0x00000784   0x00000014   Code   RO          209    i.IN2A_On           gpio.o
    0x00000798   0x00000798   0x00000014   Code   RO          210    i.IN3B_Init         gpio.o
    0x000007ac   0x000007ac   0x00000014   Code   RO          211    i.IN3B_Off          gpio.o
    0x000007c0   0x000007c0   0x00000014   Code   RO          212    i.IN3B_On           gpio.o
    0x000007d4   0x000007d4   0x00000014   Code   RO          213    i.IN4B_Init         gpio.o
    0x000007e8   0x000007e8   0x00000014   Code   RO          214    i.IN4B_Off          gpio.o
    0x000007fc   0x000007fc   0x00000014   Code   RO          215    i.IN4B_On           gpio.o
    0x00000810   0x00000810   0x00000014   Code   RO          216    i.LED_LEFT_BACKWARD_Init  gpio.o
    0x00000824   0x00000824   0x00000014   Code   RO          217    i.LED_LEFT_BACKWARD_Off  gpio.o
    0x00000838   0x00000838   0x00000014   Code   RO          218    i.LED_LEFT_BACKWARD_On  gpio.o
    0x0000084c   0x0000084c   0x00000014   Code   RO          219    i.LED_LEFT_FORWARD_Init  gpio.o
    0x00000860   0x00000860   0x00000014   Code   RO          220    i.LED_LEFT_FORWARD_Off  gpio.o
    0x00000874   0x00000874   0x00000014   Code   RO          221    i.LED_LEFT_FORWARD_On  gpio.o
    0x00000888   0x00000888   0x00000014   Code   RO          222    i.LED_RIGHT_BACKWARD_Init  gpio.o
    0x0000089c   0x0000089c   0x00000014   Code   RO          223    i.LED_RIGHT_BACKWARD_Off  gpio.o
    0x000008b0   0x000008b0   0x00000014   Code   RO          224    i.LED_RIGHT_BACKWARD_On  gpio.o
    0x000008c4   0x000008c4   0x00000014   Code   RO          225    i.LED_RIGHT_FORWARD_Init  gpio.o
    0x000008d8   0x000008d8   0x00000014   Code   RO          226    i.LED_RIGHT_FORWARD_Off  gpio.o
    0x000008ec   0x000008ec   0x00000014   Code   RO          227    i.LED_RIGHT_FORWARD_On  gpio.o
    0x00000900   0x00000900   0x00000094   Code   RO          440    i.PWM_Init          pwm.o
    0x00000994   0x00000994   0x0000006c   Code   RO          441    i.PWM_Write         pwm.o
    0x00000a00   0x00000a00   0x0000000c   Code   RO          479    i.Serial_ReadData   serial.o
    0x00000a0c   0x00000a0c   0x00000014   Code   RO          480    i.Serial_WriteData  serial.o
    0x00000a20   0x00000a20   0x000002d4   Code   RO          616    i.SystemCoreClockUpdate  system_lpc407x_8x_177x_8x.o
    0x00000cf4   0x00000cf4   0x000000ec   Code   RO          617    i.SystemInit        system_lpc407x_8x_177x_8x.o
    0x00000de0   0x00000de0   0x00000090   Code   RO          175    i.Timer_Init        timer.o
    0x00000e70   0x00000e70   0x00000060   Code   RO          481    i.UART0_IRQHandler  serial.o
    0x00000ed0   0x00000ed0   0x00000034   Code   RO          536    i.UART3_IRQHandler  hm10.o
    0x00000f04   0x00000f04   0x0000000e   Code   RO          695    i.__scatterload_copy  mc_w.l(handlers.o)
    0x00000f12   0x00000f12   0x0000000e   Code   RO          697    i.__scatterload_zeroinit  mc_w.l(handlers.o)
    0x00000f20   0x00000f20   0x00000050   Code   RO          618    i.fpu_init          system_lpc407x_8x_177x_8x.o
    0x00000f70   0x00000f70   0x00000024   Code   RO          228    i.go_backward       gpio.o
    0x00000f94   0x00000f94   0x00000024   Code   RO          229    i.go_forward        gpio.o
    0x00000fb8   0x00000fb8   0x00000080   Code   RO            4    i.init              main.o
    0x00001038   0x00001038   0x0000000c   Code   RO            5    i.main              main.o
    0x00001044   0x00001044   0x00000130   Code   RO            6    i.motor_command     main.o
    0x00001174   0x00001174   0x00000024   Code   RO          230    i.stop              gpio.o
    0x00001198   0x00001198   0x00000024   Code   RO          231    i.turn_left         gpio.o
    0x000011bc   0x000011bc   0x00000024   Code   RO          232    i.turn_right        gpio.o
    0x000011e0   0x000011e0   0x000001e0   Code   RO            7    i.update            main.o
    0x000013c0   0x000013c0   0x00000020   Data   RO          693    Region$$Table       anon$$obj.o


    Execution Region ER_RW (Exec base: 0x10000000, Load base: 0x000013e0, Size: 0x00000054, Max: 0xffffffff, ABSOLUTE)

    Exec Addr    Load Addr    Size         Type   Attr      Idx    E Section Name        Object

    0x10000000   0x000013e0   0x00000021   Data   RW           10    .data               main.o
    0x10000021   0x00001401   0x00000003   PAD
    0x10000024   0x00001404   0x00000014   Data   RW          116    .data               adc.o
    0x10000038   0x00001418   0x00000009   Data   RW          482    .data               serial.o
    0x10000041   0x00001421   0x00000002   Data   RW          539    .data               hm10.o
    0x10000043   0x00001423   0x00000001   PAD
    0x10000044   0x00001424   0x00000010   Data   RW          619    .data               system_lpc407x_8x_177x_8x.o


    Execution Region ER_ZI (Exec base: 0x10000054, Load base: 0x00001434, Size: 0x00000e54, Max: 0xffffffff, ABSOLUTE)

    Exec Addr    Load Addr    Size         Type   Attr      Idx    E Section Name        Object

    0x10000054        -       0x0000094f   Zero   RW            8    .bss                main.o
    0x100009a3        -       0x00000100   Zero   RW          537    .bss                hm10.o
    0x10000aa3   0x00001434   0x00000005   PAD
    0x10000aa8        -       0x00000400   Zero   RW          603    STACK               startup_lpc407x_8x_177x_8x.o


==============================================================================

Image component sizes


      Code (inc. data)   RO Data    RW Data    ZI Data      Debug   Object Name

       548         54          0         20          0      32891   adc.o
       696        138          0          0          0      15913   gpio.o
       334         50          0          2        256      34309   hm10.o
       924        182          0         33       2383      30422   main.o
       256         30          0          0          0       1079   pwm.o
       128         36          0          9          0       1892   serial.o
        40         12        228          0       1024       1072   startup_lpc407x_8x_177x_8x.o
      1040         62          0         16          0       4540   system_lpc407x_8x_177x_8x.o
       144          8          0          0          0        465   timer.o

    ----------------------------------------------------------------------
      4112        572        260         84       3668     122583   Object Totals
         0          0         32          0          0          0   (incl. Generated)
         2          0          0          4          5          0   (incl. Padding)

    ----------------------------------------------------------------------

      Code (inc. data)   RO Data    RW Data    ZI Data      Debug   Library Member Name

         0          0          0          0          0          0   entry.o
         0          0          0          0          0          0   entry10a.o
         0          0          0          0          0          0   entry11a.o
         8          4          0          0          0          0   entry2.o
         4          0          0          0          0          0   entry5.o
         0          0          0          0          0          0   entry7b.o
         0          0          0          0          0          0   entry8b.o
         8          4          0          0          0          0   entry9a.o
        30          0          0          0          0          0   handlers.o
        36          8          0          0          0         68   init.o
         0          0          0          0          0          0   iusefp.o
        30          0          0          0          0         68   llshl.o
        32          0          0          0          0         68   llushr.o
        36          0          0          0          0        108   memseta.o
        28          0          0          0          0         76   strcmp.o
        18          0          0          0          0         68   strcpy.o
       222          0          0          0          0        100   ddiv.o
       186          0          0          0          0        176   depilogue.o
        50          0          0          0          0         76   dfixui.o
        26          0          0          0          0         76   dfltui.o

    ----------------------------------------------------------------------
       716         16          0          0          0        884   Library Totals
         2          0          0          0          0          0   (incl. Padding)

    ----------------------------------------------------------------------

      Code (inc. data)   RO Data    RW Data    ZI Data      Debug   Library Name

       230         16          0          0          0        456   mc_w.l
       484          0          0          0          0        428   mf_w.l

    ----------------------------------------------------------------------
       716         16          0          0          0        884   Library Totals

    ----------------------------------------------------------------------

==============================================================================


      Code (inc. data)   RO Data    RW Data    ZI Data      Debug   

      4828        588        260         84       3668     118155   Grand Totals
      4828        588        260         84       3668     118155   ELF Image Totals
      4828        588        260         84          0          0   ROM Totals

==============================================================================

    Total RO  Size (Code + RO Data)                 5088 (   4.97kB)
    Total RW  Size (RW Data + ZI Data)              3752 (   3.66kB)
    Total ROM Size (Code + RO Data + RW Data)       5172 (   5.05kB)

==============================================================================

