Component: ARM Compiler 5.06 update 6 (build 750) Tool: armlink [4d35ed]

==============================================================================

Section Cross References

    main.o(i.init) refers to gpio.o(i.IN1A_Init) for IN1A_Init
    main.o(i.init) refers to gpio.o(i.IN2A_Init) for IN2A_Init
    main.o(i.init) refers to gpio.o(i.IN3B_Init) for IN3B_Init
    main.o(i.init) refers to gpio.o(i.IN4B_Init) for IN4B_Init
    main.o(i.init) refers to gpio.o(i.LED_RIGHT_FORWARD_Init) for LED_RIGHT_FORWARD_Init
    main.o(i.init) refers to gpio.o(i.LED_RIGHT_BACKWARD_Init) for LED_RIGHT_BACKWARD_Init
    main.o(i.init) refers to gpio.o(i.LED_LEFT_FORWARD_Init) for LED_LEFT_FORWARD_Init
    main.o(i.init) refers to gpio.o(i.LED_LEFT_BACKWARD_Init) for LED_LEFT_BACKWARD_Init
    main.o(i.init) refers to gpio.o(i.LED_RIGHT_FORWARD_On) for LED_RIGHT_FORWARD_On
    main.o(i.init) refers to gpio.o(i.LED_RIGHT_BACKWARD_On) for LED_RIGHT_BACKWARD_On
    main.o(i.init) refers to gpio.o(i.LED_LEFT_FORWARD_On) for LED_LEFT_FORWARD_On
    main.o(i.init) refers to gpio.o(i.LED_LEFT_BACKWARD_On) for LED_LEFT_BACKWARD_On
    main.o(i.init) refers to led.o(i.EMBEDLED_Init) for EMBEDLED_Init
    main.o(i.init) refers to pwm.o(i.PWM_Init) for PWM_Init
    main.o(i.init) refers to adc.o(i.ADC_Init) for ADC_Init
    main.o(i.init) refers to timer.o(i.Timer_Init) for Timer_Init
    main.o(i.init) refers to adc.o(i.ADC_Start) for ADC_Start
    main.o(i.init) refers to hm10.o(i.HM10_Init) for HM10_Init
    main.o(i.init) refers to ultrasonic.o(i.Ultrasonic_Init) for Ultrasonic_Init
    main.o(i.init) refers to ultrasonic.o(i.Ultrasonic_Trigger_Timer_Init) for Ultrasonic_Trigger_Timer_Init
    main.o(i.init) refers to ultrasonic.o(i.Ultrasonic_Capture_Timer_Init) for Ultrasonic_Capture_Timer_Init
    main.o(i.init) refers to ultrasonic.o(i.Ultrasonic_Start_Trigger_Timer) for Ultrasonic_Start_Trigger_Timer
    main.o(i.main) refers to main.o(i.init) for init
    main.o(i.main) refers to main.o(i.update) for update
    main.o(i.motor_command) refers to strcmp.o(.text) for strcmp
    main.o(i.motor_command) refers to gpio.o(i.go_forward) for go_forward
    main.o(i.motor_command) refers to pwm.o(i.PWM_Write) for PWM_Write
    main.o(i.motor_command) refers to memseta.o(.text) for __aeabi_memclr4
    main.o(i.motor_command) refers to strcpy.o(.text) for strcpy
    main.o(i.motor_command) refers to hm10.o(i.HM10_SendCommand) for HM10_SendCommand
    main.o(i.motor_command) refers to gpio.o(i.go_backward) for go_backward
    main.o(i.motor_command) refers to gpio.o(i.turn_right) for turn_right
    main.o(i.motor_command) refers to gpio.o(i.turn_left) for turn_left
    main.o(i.motor_command) refers to gpio.o(i.stop) for stop
    main.o(i.motor_command) refers to main.o(.bss) for last_behaviour
    main.o(i.update) refers to ultrasonic.o(i.ultrasonic_get_distance) for ultrasonic_get_distance
    main.o(i.update) refers to pwm.o(i.PWM_Write) for PWM_Write
    main.o(i.update) refers to gpio.o(i.turn_right) for turn_right
    main.o(i.update) refers to gpio.o(i.turn_left) for turn_left
    main.o(i.update) refers to gpio.o(i.go_forward) for go_forward
    main.o(i.update) refers to adc.o(i.ADC_GetPotans) for ADC_GetPotans
    main.o(i.update) refers to adc.o(i.ADC_GetLastValue) for ADC_GetLastValue
    main.o(i.update) refers to gpio.o(i.stop) for stop
    main.o(i.update) refers to hm10.o(i.HM10_SendCommand) for HM10_SendCommand
    main.o(i.update) refers to main.o(i.motor_command) for motor_command
    main.o(i.update) refers to strcmp.o(.text) for strcmp
    main.o(i.update) refers to hm10.o(i.HM10_ClearBuffer) for HM10_ClearBuffer
    main.o(i.update) refers to main.o(.data) for distance
    main.o(i.update) refers to main.o(.bss) for LDR_VALUES
    main.o(i.update) refers to hm10.o(.data) for HM10NewDataAvailable
    main.o(i.update) refers to hm10.o(.bss) for HM10Buffer
    adc.o(i.ADC_GetLastValue) refers to adc.o(.data) for ADC_Left
    adc.o(i.ADC_GetPotans) refers to adc.o(.data) for ADC_Potans
    adc.o(i.ADC_IRQHandler) refers to adc.o(.data) for counter
    gpio.o(i.IN1A_Init) refers to gpio.o(i.GPIO_DIR_Write) for GPIO_DIR_Write
    gpio.o(i.IN1A_Off) refers to gpio.o(i.GPIO_PIN_Write) for GPIO_PIN_Write
    gpio.o(i.IN1A_On) refers to gpio.o(i.GPIO_PIN_Write) for GPIO_PIN_Write
    gpio.o(i.IN2A_Init) refers to gpio.o(i.GPIO_DIR_Write) for GPIO_DIR_Write
    gpio.o(i.IN2A_Off) refers to gpio.o(i.GPIO_PIN_Write) for GPIO_PIN_Write
    gpio.o(i.IN2A_On) refers to gpio.o(i.GPIO_PIN_Write) for GPIO_PIN_Write
    gpio.o(i.IN3B_Init) refers to gpio.o(i.GPIO_DIR_Write) for GPIO_DIR_Write
    gpio.o(i.IN3B_Off) refers to gpio.o(i.GPIO_PIN_Write) for GPIO_PIN_Write
    gpio.o(i.IN3B_On) refers to gpio.o(i.GPIO_PIN_Write) for GPIO_PIN_Write
    gpio.o(i.IN4B_Init) refers to gpio.o(i.GPIO_DIR_Write) for GPIO_DIR_Write
    gpio.o(i.IN4B_Off) refers to gpio.o(i.GPIO_PIN_Write) for GPIO_PIN_Write
    gpio.o(i.IN4B_On) refers to gpio.o(i.GPIO_PIN_Write) for GPIO_PIN_Write
    gpio.o(i.LED_LEFT_BACKWARD_Init) refers to gpio.o(i.GPIO_DIR_Write) for GPIO_DIR_Write
    gpio.o(i.LED_LEFT_BACKWARD_Off) refers to gpio.o(i.GPIO_PIN_Write) for GPIO_PIN_Write
    gpio.o(i.LED_LEFT_BACKWARD_On) refers to gpio.o(i.GPIO_PIN_Write) for GPIO_PIN_Write
    gpio.o(i.LED_LEFT_FORWARD_Init) refers to gpio.o(i.GPIO_DIR_Write) for GPIO_DIR_Write
    gpio.o(i.LED_LEFT_FORWARD_Off) refers to gpio.o(i.GPIO_PIN_Write) for GPIO_PIN_Write
    gpio.o(i.LED_LEFT_FORWARD_On) refers to gpio.o(i.GPIO_PIN_Write) for GPIO_PIN_Write
    gpio.o(i.LED_RIGHT_BACKWARD_Init) refers to gpio.o(i.GPIO_DIR_Write) for GPIO_DIR_Write
    gpio.o(i.LED_RIGHT_BACKWARD_Off) refers to gpio.o(i.GPIO_PIN_Write) for GPIO_PIN_Write
    gpio.o(i.LED_RIGHT_BACKWARD_On) refers to gpio.o(i.GPIO_PIN_Write) for GPIO_PIN_Write
    gpio.o(i.LED_RIGHT_FORWARD_Init) refers to gpio.o(i.GPIO_DIR_Write) for GPIO_DIR_Write
    gpio.o(i.LED_RIGHT_FORWARD_Off) refers to gpio.o(i.GPIO_PIN_Write) for GPIO_PIN_Write
    gpio.o(i.LED_RIGHT_FORWARD_On) refers to gpio.o(i.GPIO_PIN_Write) for GPIO_PIN_Write
    gpio.o(i.go_backward) refers to gpio.o(i.IN1A_On) for IN1A_On
    gpio.o(i.go_backward) refers to gpio.o(i.IN2A_Off) for IN2A_Off
    gpio.o(i.go_backward) refers to gpio.o(i.IN3B_On) for IN3B_On
    gpio.o(i.go_backward) refers to gpio.o(i.IN4B_Off) for IN4B_Off
    gpio.o(i.go_backward) refers to pwm.o(i.PWM_Write) for PWM_Write
    gpio.o(i.go_backward) refers to gpio.o(i.LED_RIGHT_BACKWARD_On) for LED_RIGHT_BACKWARD_On
    gpio.o(i.go_backward) refers to gpio.o(i.LED_LEFT_BACKWARD_On) for LED_LEFT_BACKWARD_On
    gpio.o(i.go_backward) refers to gpio.o(i.LED_RIGHT_FORWARD_Off) for LED_RIGHT_FORWARD_Off
    gpio.o(i.go_backward) refers to gpio.o(i.LED_LEFT_FORWARD_Off) for LED_LEFT_FORWARD_Off
    gpio.o(i.go_forward) refers to gpio.o(i.IN1A_Off) for IN1A_Off
    gpio.o(i.go_forward) refers to gpio.o(i.IN2A_On) for IN2A_On
    gpio.o(i.go_forward) refers to gpio.o(i.IN3B_Off) for IN3B_Off
    gpio.o(i.go_forward) refers to gpio.o(i.IN4B_On) for IN4B_On
    gpio.o(i.go_forward) refers to pwm.o(i.PWM_Write) for PWM_Write
    gpio.o(i.go_forward) refers to gpio.o(i.LED_RIGHT_BACKWARD_Off) for LED_RIGHT_BACKWARD_Off
    gpio.o(i.go_forward) refers to gpio.o(i.LED_LEFT_BACKWARD_Off) for LED_LEFT_BACKWARD_Off
    gpio.o(i.go_forward) refers to gpio.o(i.LED_LEFT_FORWARD_On) for LED_LEFT_FORWARD_On
    gpio.o(i.go_forward) refers to gpio.o(i.LED_RIGHT_FORWARD_On) for LED_RIGHT_FORWARD_On
    gpio.o(i.stop) refers to gpio.o(i.IN1A_On) for IN1A_On
    gpio.o(i.stop) refers to gpio.o(i.IN2A_On) for IN2A_On
    gpio.o(i.stop) refers to gpio.o(i.IN3B_On) for IN3B_On
    gpio.o(i.stop) refers to gpio.o(i.IN4B_On) for IN4B_On
    gpio.o(i.stop) refers to pwm.o(i.PWM_Write) for PWM_Write
    gpio.o(i.stop) refers to gpio.o(i.LED_RIGHT_BACKWARD_Off) for LED_RIGHT_BACKWARD_Off
    gpio.o(i.stop) refers to gpio.o(i.LED_LEFT_FORWARD_Off) for LED_LEFT_FORWARD_Off
    gpio.o(i.stop) refers to gpio.o(i.LED_RIGHT_FORWARD_Off) for LED_RIGHT_FORWARD_Off
    gpio.o(i.stop) refers to gpio.o(i.LED_LEFT_BACKWARD_Off) for LED_LEFT_BACKWARD_Off
    gpio.o(i.turn_left) refers to gpio.o(i.IN1A_On) for IN1A_On
    gpio.o(i.turn_left) refers to gpio.o(i.IN2A_Off) for IN2A_Off
    gpio.o(i.turn_left) refers to gpio.o(i.IN3B_Off) for IN3B_Off
    gpio.o(i.turn_left) refers to gpio.o(i.IN4B_On) for IN4B_On
    gpio.o(i.turn_left) refers to pwm.o(i.PWM_Write) for PWM_Write
    gpio.o(i.turn_left) refers to gpio.o(i.LED_RIGHT_FORWARD_Off) for LED_RIGHT_FORWARD_Off
    gpio.o(i.turn_left) refers to gpio.o(i.LED_RIGHT_BACKWARD_Off) for LED_RIGHT_BACKWARD_Off
    gpio.o(i.turn_left) refers to gpio.o(i.LED_LEFT_FORWARD_On) for LED_LEFT_FORWARD_On
    gpio.o(i.turn_left) refers to gpio.o(i.LED_LEFT_BACKWARD_On) for LED_LEFT_BACKWARD_On
    gpio.o(i.turn_left) refers to gpio.o(i.LED_LEFT_FORWARD_Off) for LED_LEFT_FORWARD_Off
    gpio.o(i.turn_left) refers to gpio.o(i.LED_LEFT_BACKWARD_Off) for LED_LEFT_BACKWARD_Off
    gpio.o(i.turn_left) refers to gpio.o(i.stop) for stop
    gpio.o(i.turn_left) refers to gpio.o(i.IN3B_On) for IN3B_On
    gpio.o(i.turn_left) refers to gpio.o(i.go_forward) for go_forward
    gpio.o(i.turn_right) refers to pwm.o(i.PWM_Write) for PWM_Write
    gpio.o(i.turn_right) refers to gpio.o(i.IN1A_Off) for IN1A_Off
    gpio.o(i.turn_right) refers to gpio.o(i.IN2A_On) for IN2A_On
    gpio.o(i.turn_right) refers to gpio.o(i.IN3B_On) for IN3B_On
    gpio.o(i.turn_right) refers to gpio.o(i.IN4B_Off) for IN4B_Off
    gpio.o(i.turn_right) refers to gpio.o(i.LED_RIGHT_BACKWARD_On) for LED_RIGHT_BACKWARD_On
    gpio.o(i.turn_right) refers to gpio.o(i.LED_RIGHT_FORWARD_On) for LED_RIGHT_FORWARD_On
    gpio.o(i.turn_right) refers to gpio.o(i.LED_LEFT_FORWARD_Off) for LED_LEFT_FORWARD_Off
    gpio.o(i.turn_right) refers to gpio.o(i.LED_LEFT_BACKWARD_Off) for LED_LEFT_BACKWARD_Off
    gpio.o(i.turn_right) refers to gpio.o(i.LED_RIGHT_FORWARD_Off) for LED_RIGHT_FORWARD_Off
    gpio.o(i.turn_right) refers to gpio.o(i.LED_RIGHT_BACKWARD_Off) for LED_RIGHT_BACKWARD_Off
    gpio.o(i.turn_right) refers to gpio.o(i.stop) for stop
    gpio.o(i.turn_right) refers to gpio.o(i.IN1A_On) for IN1A_On
    gpio.o(i.turn_right) refers to gpio.o(i.go_forward) for go_forward
    pwm.o(i.PWM_Write) refers to dfltui.o(.text) for __aeabi_ui2d
    pwm.o(i.PWM_Write) refers to ddiv.o(.text) for __aeabi_ddiv
    pwm.o(i.PWM_Write) refers to dfixui.o(.text) for __aeabi_d2uiz
    serial.o(i.Serial_WriteData) refers to serial.o(.data) for serialTransmitCompleted
    serial.o(i.UART0_IRQHandler) refers to serial.o(i.Serial_ReadData) for Serial_ReadData
    serial.o(i.UART0_IRQHandler) refers to serial.o(i.Serial_WriteData) for Serial_WriteData
    serial.o(i.UART0_IRQHandler) refers to serial.o(.data) for serialReceivedCharacter
    hm10.o(i.HM10_ClearBuffer) refers to memseta.o(.text) for __aeabi_memclr
    hm10.o(i.HM10_ClearBuffer) refers to hm10.o(.data) for HM10CurrentBufferIndex
    hm10.o(i.HM10_ClearBuffer) refers to hm10.o(.bss) for HM10Buffer
    hm10.o(i.HM10_SendCommand) refers to hm10.o(i.HM10_Write) for HM10_Write
    hm10.o(i.HM10_Write) refers to hm10.o(i.HM10_WriteData) for HM10_WriteData
    hm10.o(i.UART3_IRQHandler) refers to hm10.o(i.HM10_ReadData) for HM10_ReadData
    hm10.o(i.UART3_IRQHandler) refers to hm10.o(.bss) for HM10Buffer
    hm10.o(i.UART3_IRQHandler) refers to hm10.o(.data) for HM10CurrentBufferIndex
    ultrasonic.o(i.TIMER2_IRQHandler) refers to ultrasonic.o(i.__NVIC_ClearPendingIRQ) for __NVIC_ClearPendingIRQ
    ultrasonic.o(i.TIMER2_IRQHandler) refers to ultrasonic.o(i.__NVIC_EnableIRQ) for __NVIC_EnableIRQ
    ultrasonic.o(i.TIMER2_IRQHandler) refers to ultrasonic.o(.data) for ultrasonicSensorTriggerStart
    ultrasonic.o(i.TIMER3_IRQHandler) refers to ultrasonic.o(i.__NVIC_ClearPendingIRQ) for __NVIC_ClearPendingIRQ
    ultrasonic.o(i.TIMER3_IRQHandler) refers to ultrasonic.o(.data) for ultrasonicSensorCaptureRisingEdge
    ultrasonic.o(i.Ultrasonic_Trigger_Timer_Init) refers to ultrasonic.o(i.__NVIC_EnableIRQ) for __NVIC_EnableIRQ
    ultrasonic.o(i.Ultrasonic_Trigger_Timer_Init) refers to ultrasonic.o(i.__NVIC_ClearPendingIRQ) for __NVIC_ClearPendingIRQ
    ultrasonic.o(i.ultrasonic_get_distance) refers to ultrasonic.o(.data) for ultrasonicSensorFallingCaptureTime
    led.o(i.EMBEDLED1_Off) refers to gpio.o(i.GPIO_PIN_Write) for GPIO_PIN_Write
    led.o(i.EMBEDLED1_On) refers to gpio.o(i.GPIO_PIN_Write) for GPIO_PIN_Write
    led.o(i.EMBEDLED2_Off) refers to gpio.o(i.GPIO_PIN_Write) for GPIO_PIN_Write
    led.o(i.EMBEDLED2_On) refers to gpio.o(i.GPIO_PIN_Write) for GPIO_PIN_Write
    led.o(i.EMBEDLED3_Off) refers to gpio.o(i.GPIO_PIN_Write) for GPIO_PIN_Write
    led.o(i.EMBEDLED3_On) refers to gpio.o(i.GPIO_PIN_Write) for GPIO_PIN_Write
    led.o(i.EMBEDLED4_Off) refers to gpio.o(i.GPIO_PIN_Write) for GPIO_PIN_Write
    led.o(i.EMBEDLED4_On) refers to gpio.o(i.GPIO_PIN_Write) for GPIO_PIN_Write
    led.o(i.EMBEDLED_ALL_Off) refers to led.o(i.EMBEDLED1_Off) for EMBEDLED1_Off
    led.o(i.EMBEDLED_ALL_Off) refers to led.o(i.EMBEDLED2_Off) for EMBEDLED2_Off
    led.o(i.EMBEDLED_ALL_Off) refers to led.o(i.EMBEDLED3_Off) for EMBEDLED3_Off
    led.o(i.EMBEDLED_ALL_Off) refers to led.o(i.EMBEDLED4_Off) for EMBEDLED4_Off
    led.o(i.EMBEDLED_ALL_On) refers to led.o(i.EMBEDLED1_On) for EMBEDLED1_On
    led.o(i.EMBEDLED_ALL_On) refers to led.o(i.EMBEDLED2_On) for EMBEDLED2_On
    led.o(i.EMBEDLED_ALL_On) refers to led.o(i.EMBEDLED3_On) for EMBEDLED3_On
    led.o(i.EMBEDLED_ALL_On) refers to led.o(i.EMBEDLED4_On) for EMBEDLED4_On
    led.o(i.EMBEDLED_Init) refers to gpio.o(i.GPIO_DIR_Write) for GPIO_DIR_Write
    led.o(i.LED1_Init) refers to gpio.o(i.GPIO_DIR_Write) for GPIO_DIR_Write
    led.o(i.LED1_Off) refers to gpio.o(i.GPIO_PIN_Write) for GPIO_PIN_Write
    led.o(i.LED1_On) refers to gpio.o(i.GPIO_PIN_Write) for GPIO_PIN_Write
    led.o(i.LED2_Init) refers to gpio.o(i.GPIO_DIR_Write) for GPIO_DIR_Write
    led.o(i.LED2_Off) refers to gpio.o(i.GPIO_PIN_Write) for GPIO_PIN_Write
    led.o(i.LED2_On) refers to gpio.o(i.GPIO_PIN_Write) for GPIO_PIN_Write
    led.o(i.LED3_Init) refers to gpio.o(i.GPIO_DIR_Write) for GPIO_DIR_Write
    led.o(i.LED3_Off) refers to gpio.o(i.GPIO_PIN_Write) for GPIO_PIN_Write
    led.o(i.LED3_On) refers to gpio.o(i.GPIO_PIN_Write) for GPIO_PIN_Write
    led.o(i.LED4_Init) refers to gpio.o(i.GPIO_DIR_Write) for GPIO_DIR_Write
    led.o(i.LED4_Off) refers to gpio.o(i.GPIO_PIN_Write) for GPIO_PIN_Write
    led.o(i.LED4_On) refers to gpio.o(i.GPIO_PIN_Write) for GPIO_PIN_Write
    led.o(i.LED_Init) refers to led.o(i.LED1_Init) for LED1_Init
    led.o(i.LED_Init) refers to led.o(i.LED2_Init) for LED2_Init
    led.o(i.LED_Init) refers to led.o(i.LED3_Init) for LED3_Init
    led.o(i.LED_Init) refers to led.o(i.LED4_Init) for LED4_Init
    led.o(i.LED_OFF) refers to led.o(i.LED1_Off) for LED1_Off
    led.o(i.LED_OFF) refers to led.o(i.LED2_Off) for LED2_Off
    led.o(i.LED_OFF) refers to led.o(i.LED3_Off) for LED3_Off
    led.o(i.LED_OFF) refers to led.o(i.LED4_Off) for LED4_Off
    led.o(i.LED_ON) refers to led.o(i.LED1_On) for LED1_On
    led.o(i.LED_ON) refers to led.o(i.LED2_On) for LED2_On
    led.o(i.LED_ON) refers to led.o(i.LED3_On) for LED3_On
    led.o(i.LED_ON) refers to led.o(i.LED4_On) for LED4_On
    startup_lpc407x_8x_177x_8x.o(RESET) refers to startup_lpc407x_8x_177x_8x.o(STACK) for __initial_sp
    startup_lpc407x_8x_177x_8x.o(RESET) refers to startup_lpc407x_8x_177x_8x.o(.text) for Reset_Handler
    startup_lpc407x_8x_177x_8x.o(RESET) refers to ultrasonic.o(i.TIMER2_IRQHandler) for TIMER2_IRQHandler
    startup_lpc407x_8x_177x_8x.o(RESET) refers to ultrasonic.o(i.TIMER3_IRQHandler) for TIMER3_IRQHandler
    startup_lpc407x_8x_177x_8x.o(RESET) refers to serial.o(i.UART0_IRQHandler) for UART0_IRQHandler
    startup_lpc407x_8x_177x_8x.o(RESET) refers to hm10.o(i.UART3_IRQHandler) for UART3_IRQHandler
    startup_lpc407x_8x_177x_8x.o(RESET) refers to adc.o(i.ADC_IRQHandler) for ADC_IRQHandler
    startup_lpc407x_8x_177x_8x.o(.text) refers to system_lpc407x_8x_177x_8x.o(i.SystemInit) for SystemInit
    startup_lpc407x_8x_177x_8x.o(.text) refers to entry.o(.ARM.Collect$$$$00000000) for __main
    system_lpc407x_8x_177x_8x.o(i.SystemCoreClockUpdate) refers to system_lpc407x_8x_177x_8x.o(.data) for SystemCoreClock
    system_lpc407x_8x_177x_8x.o(i.SystemInit) refers to system_lpc407x_8x_177x_8x.o(i.fpu_init) for fpu_init
    system_lpc407x_8x_177x_8x.o(i.SystemInit) refers to system_lpc407x_8x_177x_8x.o(i.SystemCoreClockUpdate) for SystemCoreClockUpdate
    entry.o(.ARM.Collect$$$$00000000) refers (Special) to entry10a.o(.ARM.Collect$$$$0000000D) for __rt_final_cpp
    entry.o(.ARM.Collect$$$$00000000) refers (Special) to entry11a.o(.ARM.Collect$$$$0000000F) for __rt_final_exit
    entry.o(.ARM.Collect$$$$00000000) refers (Special) to entry7b.o(.ARM.Collect$$$$00000008) for _main_clock
    entry.o(.ARM.Collect$$$$00000000) refers (Special) to entry8b.o(.ARM.Collect$$$$0000000A) for _main_cpp_init
    entry.o(.ARM.Collect$$$$00000000) refers (Special) to entry9a.o(.ARM.Collect$$$$0000000B) for _main_init
    entry.o(.ARM.Collect$$$$00000000) refers (Special) to entry5.o(.ARM.Collect$$$$00000004) for _main_scatterload
    entry.o(.ARM.Collect$$$$00000000) refers (Special) to entry2.o(.ARM.Collect$$$$00000001) for _main_stk
    ddiv.o(.text) refers (Special) to iusefp.o(.text) for __I$use$fp
    ddiv.o(.text) refers to depilogue.o(.text) for _double_round
    dfltui.o(.text) refers (Special) to iusefp.o(.text) for __I$use$fp
    dfltui.o(.text) refers to depilogue.o(.text) for _double_epilogue
    dfixui.o(.text) refers (Special) to iusefp.o(.text) for __I$use$fp
    dfixui.o(.text) refers to llushr.o(.text) for __aeabi_llsr
    entry2.o(.ARM.Collect$$$$00000001) refers to entry2.o(.ARM.Collect$$$$00002712) for __lit__00000000
    entry2.o(.ARM.Collect$$$$00002712) refers to startup_lpc407x_8x_177x_8x.o(STACK) for __initial_sp
    entry2.o(__vectab_stack_and_reset_area) refers to startup_lpc407x_8x_177x_8x.o(STACK) for __initial_sp
    entry2.o(__vectab_stack_and_reset_area) refers to entry.o(.ARM.Collect$$$$00000000) for __main
    entry5.o(.ARM.Collect$$$$00000004) refers to init.o(.text) for __scatterload
    entry9a.o(.ARM.Collect$$$$0000000B) refers to main.o(i.main) for main
    entry9b.o(.ARM.Collect$$$$0000000C) refers to main.o(i.main) for main
    depilogue.o(.text) refers to llshl.o(.text) for __aeabi_llsl
    depilogue.o(.text) refers to llushr.o(.text) for __aeabi_llsr
    init.o(.text) refers to entry5.o(.ARM.Collect$$$$00000004) for __main_after_scatterload


==============================================================================

Removing Unused input sections from the image.

    Removing main.o(.rev16_text), (4 bytes).
    Removing main.o(.revsh_text), (4 bytes).
    Removing main.o(.rrx_text), (6 bytes).
    Removing main.o(.constdata), (255 bytes).
    Removing adc.o(.rev16_text), (4 bytes).
    Removing adc.o(.revsh_text), (4 bytes).
    Removing adc.o(.rrx_text), (6 bytes).
    Removing timer.o(.rev16_text), (4 bytes).
    Removing timer.o(.revsh_text), (4 bytes).
    Removing timer.o(.rrx_text), (6 bytes).
    Removing gpio.o(.rev16_text), (4 bytes).
    Removing gpio.o(.revsh_text), (4 bytes).
    Removing gpio.o(.rrx_text), (6 bytes).
    Removing wait.o(.rev16_text), (4 bytes).
    Removing wait.o(.revsh_text), (4 bytes).
    Removing wait.o(.rrx_text), (6 bytes).
    Removing wait.o(i.wait), (20 bytes).
    Removing wait.o(i.waitMicroseconds), (18 bytes).
    Removing pwm.o(.rev16_text), (4 bytes).
    Removing pwm.o(.revsh_text), (4 bytes).
    Removing pwm.o(.rrx_text), (6 bytes).
    Removing pwm.o(i.PWM_Cycle_Rate), (32 bytes).
    Removing serial.o(.rev16_text), (4 bytes).
    Removing serial.o(.revsh_text), (4 bytes).
    Removing serial.o(.rrx_text), (6 bytes).
    Removing serial.o(i.Serial_Init), (220 bytes).
    Removing hm10.o(.rev16_text), (4 bytes).
    Removing hm10.o(.revsh_text), (4 bytes).
    Removing hm10.o(.rrx_text), (6 bytes).
    Removing hm10.o(.constdata), (255 bytes).
    Removing ultrasonic.o(.rev16_text), (4 bytes).
    Removing ultrasonic.o(.revsh_text), (4 bytes).
    Removing ultrasonic.o(.rrx_text), (6 bytes).
    Removing led.o(.rev16_text), (4 bytes).
    Removing led.o(.revsh_text), (4 bytes).
    Removing led.o(.rrx_text), (6 bytes).
    Removing led.o(i.EMBEDLED1_Off), (20 bytes).
    Removing led.o(i.EMBEDLED1_On), (20 bytes).
    Removing led.o(i.EMBEDLED2_Off), (20 bytes).
    Removing led.o(i.EMBEDLED2_On), (20 bytes).
    Removing led.o(i.EMBEDLED3_Off), (20 bytes).
    Removing led.o(i.EMBEDLED3_On), (20 bytes).
    Removing led.o(i.EMBEDLED4_Off), (20 bytes).
    Removing led.o(i.EMBEDLED4_On), (20 bytes).
    Removing led.o(i.EMBEDLED_ALL_Off), (20 bytes).
    Removing led.o(i.EMBEDLED_ALL_On), (20 bytes).
    Removing led.o(i.LED1_Init), (20 bytes).
    Removing led.o(i.LED1_Off), (20 bytes).
    Removing led.o(i.LED1_On), (20 bytes).
    Removing led.o(i.LED2_Init), (20 bytes).
    Removing led.o(i.LED2_Off), (20 bytes).
    Removing led.o(i.LED2_On), (20 bytes).
    Removing led.o(i.LED3_Init), (20 bytes).
    Removing led.o(i.LED3_Off), (20 bytes).
    Removing led.o(i.LED3_On), (20 bytes).
    Removing led.o(i.LED4_Init), (20 bytes).
    Removing led.o(i.LED4_Off), (20 bytes).
    Removing led.o(i.LED4_On), (20 bytes).
    Removing led.o(i.LED_Init), (20 bytes).
    Removing led.o(i.LED_OFF), (20 bytes).
    Removing led.o(i.LED_ON), (20 bytes).
    Removing startup_lpc407x_8x_177x_8x.o(HEAP), (0 bytes).
    Removing system_lpc407x_8x_177x_8x.o(.rev16_text), (4 bytes).
    Removing system_lpc407x_8x_177x_8x.o(.revsh_text), (4 bytes).
    Removing system_lpc407x_8x_177x_8x.o(.rrx_text), (6 bytes).

65 unused section(s) (total 1454 bytes) removed from the image.

==============================================================================

Image Symbol Table

    Local Symbols

    Symbol Name                              Value     Ov Type        Size  Object(Section)

    RESET                                    0x00000000   Section      228  startup_lpc407x_8x_177x_8x.o(RESET)
    ../clib/microlib/init/entry.s            0x00000000   Number         0  entry.o ABSOLUTE
    ../clib/microlib/init/entry.s            0x00000000   Number         0  entry8a.o ABSOLUTE
    ../clib/microlib/init/entry.s            0x00000000   Number         0  entry7b.o ABSOLUTE
    ../clib/microlib/init/entry.s            0x00000000   Number         0  entry7a.o ABSOLUTE
    ../clib/microlib/init/entry.s            0x00000000   Number         0  entry5.o ABSOLUTE
    ../clib/microlib/init/entry.s            0x00000000   Number         0  entry9a.o ABSOLUTE
    ../clib/microlib/init/entry.s            0x00000000   Number         0  entry9b.o ABSOLUTE
    ../clib/microlib/init/entry.s            0x00000000   Number         0  entry2.o ABSOLUTE
    ../clib/microlib/init/entry.s            0x00000000   Number         0  entry10b.o ABSOLUTE
    ../clib/microlib/init/entry.s            0x00000000   Number         0  entry11a.o ABSOLUTE
    ../clib/microlib/init/entry.s            0x00000000   Number         0  entry11b.o ABSOLUTE
    ../clib/microlib/init/entry.s            0x00000000   Number         0  entry10a.o ABSOLUTE
    ../clib/microlib/init/entry.s            0x00000000   Number         0  entry8b.o ABSOLUTE
    ../clib/microlib/longlong.c              0x00000000   Number         0  llushr.o ABSOLUTE
    ../clib/microlib/longlong.c              0x00000000   Number         0  llshl.o ABSOLUTE
    ../clib/microlib/string/memset.c         0x00000000   Number         0  memseta.o ABSOLUTE
    ../clib/microlib/string/strcmp.c         0x00000000   Number         0  strcmp.o ABSOLUTE
    ../clib/microlib/string/strcpy.c         0x00000000   Number         0  strcpy.o ABSOLUTE
    ../clib/microlib/stubs.s                 0x00000000   Number         0  iusefp.o ABSOLUTE
    ../fplib/microlib/fpdiv.c                0x00000000   Number         0  ddiv.o ABSOLUTE
    ../fplib/microlib/fpepilogue.c           0x00000000   Number         0  depilogue.o ABSOLUTE
    ../fplib/microlib/fpfix.c                0x00000000   Number         0  dfixui.o ABSOLUTE
    ../fplib/microlib/fpflt.c                0x00000000   Number         0  dfltui.o ABSOLUTE
    Library\ADC.c                            0x00000000   Number         0  adc.o ABSOLUTE
    Library\GPIO.c                           0x00000000   Number         0  gpio.o ABSOLUTE
    Library\HM10.c                           0x00000000   Number         0  hm10.o ABSOLUTE
    Library\LED.c                            0x00000000   Number         0  led.o ABSOLUTE
    Library\PWM.c                            0x00000000   Number         0  pwm.o ABSOLUTE
    Library\Serial.c                         0x00000000   Number         0  serial.o ABSOLUTE
    Library\Timer.c                          0x00000000   Number         0  timer.o ABSOLUTE
    Library\Ultrasonic.c                     0x00000000   Number         0  ultrasonic.o ABSOLUTE
    Library\Wait.c                           0x00000000   Number         0  wait.o ABSOLUTE
    Library\\ADC.c                           0x00000000   Number         0  adc.o ABSOLUTE
    Library\\GPIO.c                          0x00000000   Number         0  gpio.o ABSOLUTE
    Library\\HM10.c                          0x00000000   Number         0  hm10.o ABSOLUTE
    Library\\LED.c                           0x00000000   Number         0  led.o ABSOLUTE
    Library\\PWM.c                           0x00000000   Number         0  pwm.o ABSOLUTE
    Library\\Serial.c                        0x00000000   Number         0  serial.o ABSOLUTE
    Library\\Timer.c                         0x00000000   Number         0  timer.o ABSOLUTE
    Library\\Ultrasonic.c                    0x00000000   Number         0  ultrasonic.o ABSOLUTE
    Library\\Wait.c                          0x00000000   Number         0  wait.o ABSOLUTE
    RTE\Device\LPC4088FET208\startup_LPC407x_8x_177x_8x.s 0x00000000   Number         0  startup_lpc407x_8x_177x_8x.o ABSOLUTE
    RTE\Device\LPC4088FET208\system_LPC407x_8x_177x_8x.c 0x00000000   Number         0  system_lpc407x_8x_177x_8x.o ABSOLUTE
    RTE\\Device\\LPC4088FET208\\system_LPC407x_8x_177x_8x.c 0x00000000   Number         0  system_lpc407x_8x_177x_8x.o ABSOLUTE
    dc.s                                     0x00000000   Number         0  dc.o ABSOLUTE
    handlers.s                               0x00000000   Number         0  handlers.o ABSOLUTE
    init.s                                   0x00000000   Number         0  init.o ABSOLUTE
    main.c                                   0x00000000   Number         0  main.o ABSOLUTE
    main.c                                   0x00000000   Number         0  main.o ABSOLUTE
    .ARM.Collect$$$$00000000                 0x000000e4   Section        0  entry.o(.ARM.Collect$$$$00000000)
    .ARM.Collect$$$$00000001                 0x000000e4   Section        4  entry2.o(.ARM.Collect$$$$00000001)
    .ARM.Collect$$$$00000004                 0x000000e8   Section        4  entry5.o(.ARM.Collect$$$$00000004)
    .ARM.Collect$$$$00000008                 0x000000ec   Section        0  entry7b.o(.ARM.Collect$$$$00000008)
    .ARM.Collect$$$$0000000A                 0x000000ec   Section        0  entry8b.o(.ARM.Collect$$$$0000000A)
    .ARM.Collect$$$$0000000B                 0x000000ec   Section        8  entry9a.o(.ARM.Collect$$$$0000000B)
    .ARM.Collect$$$$0000000D                 0x000000f4   Section        0  entry10a.o(.ARM.Collect$$$$0000000D)
    .ARM.Collect$$$$0000000F                 0x000000f4   Section        0  entry11a.o(.ARM.Collect$$$$0000000F)
    .ARM.Collect$$$$00002712                 0x000000f4   Section        4  entry2.o(.ARM.Collect$$$$00002712)
    __lit__00000000                          0x000000f4   Data           4  entry2.o(.ARM.Collect$$$$00002712)
    .text                                    0x000000f8   Section       36  startup_lpc407x_8x_177x_8x.o(.text)
    $v0                                      0x000000f8   Number         0  startup_lpc407x_8x_177x_8x.o(.text)
    .text                                    0x0000011c   Section        0  memseta.o(.text)
    .text                                    0x00000140   Section        0  strcmp.o(.text)
    .text                                    0x0000015c   Section        0  strcpy.o(.text)
    .text                                    0x0000016e   Section        0  ddiv.o(.text)
    .text                                    0x0000024c   Section        0  dfltui.o(.text)
    .text                                    0x00000266   Section        0  dfixui.o(.text)
    .text                                    0x00000298   Section        0  llushr.o(.text)
    .text                                    0x000002b8   Section        0  iusefp.o(.text)
    .text                                    0x000002b8   Section       36  init.o(.text)
    .text                                    0x000002dc   Section        0  llshl.o(.text)
    i.__scatterload_null                     0x000002fa   Section        2  handlers.o(i.__scatterload_null)
    .ARM.__at_0x02FC                         0x000002fc   Section        4  startup_lpc407x_8x_177x_8x.o(.ARM.__at_0x02FC)
    .text                                    0x00000300   Section        0  depilogue.o(.text)
    i.ADC_GetLastValue                       0x000003bc   Section        0  adc.o(i.ADC_GetLastValue)
    i.ADC_GetPotans                          0x000003dc   Section        0  adc.o(i.ADC_GetPotans)
    i.ADC_IRQHandler                         0x000003e8   Section        0  adc.o(i.ADC_IRQHandler)
    i.ADC_Init                               0x000004b0   Section        0  adc.o(i.ADC_Init)
    i.ADC_Start                              0x000005b8   Section        0  adc.o(i.ADC_Start)
    i.EMBEDLED_Init                          0x000005cc   Section        0  led.o(i.EMBEDLED_Init)
    i.GPIO_DIR_Write                         0x00000600   Section        0  gpio.o(i.GPIO_DIR_Write)
    i.GPIO_PIN_Write                         0x00000612   Section        0  gpio.o(i.GPIO_PIN_Write)
    i.HM10_ClearBuffer                       0x00000624   Section        0  hm10.o(i.HM10_ClearBuffer)
    i.HM10_Init                              0x00000640   Section        0  hm10.o(i.HM10_Init)
    i.HM10_ReadData                          0x000006e4   Section        0  hm10.o(i.HM10_ReadData)
    i.HM10_SendCommand                       0x000006fc   Section        0  hm10.o(i.HM10_SendCommand)
    i.HM10_Write                             0x00000708   Section        0  hm10.o(i.HM10_Write)
    i.HM10_WriteData                         0x00000720   Section        0  hm10.o(i.HM10_WriteData)
    i.IN1A_Init                              0x00000738   Section        0  gpio.o(i.IN1A_Init)
    i.IN1A_Off                               0x0000074c   Section        0  gpio.o(i.IN1A_Off)
    i.IN1A_On                                0x00000760   Section        0  gpio.o(i.IN1A_On)
    i.IN2A_Init                              0x00000774   Section        0  gpio.o(i.IN2A_Init)
    i.IN2A_Off                               0x00000788   Section        0  gpio.o(i.IN2A_Off)
    i.IN2A_On                                0x0000079c   Section        0  gpio.o(i.IN2A_On)
    i.IN3B_Init                              0x000007b0   Section        0  gpio.o(i.IN3B_Init)
    i.IN3B_Off                               0x000007c4   Section        0  gpio.o(i.IN3B_Off)
    i.IN3B_On                                0x000007d8   Section        0  gpio.o(i.IN3B_On)
    i.IN4B_Init                              0x000007ec   Section        0  gpio.o(i.IN4B_Init)
    i.IN4B_Off                               0x00000800   Section        0  gpio.o(i.IN4B_Off)
    i.IN4B_On                                0x00000814   Section        0  gpio.o(i.IN4B_On)
    i.LED_LEFT_BACKWARD_Init                 0x00000828   Section        0  gpio.o(i.LED_LEFT_BACKWARD_Init)
    i.LED_LEFT_BACKWARD_Off                  0x0000083c   Section        0  gpio.o(i.LED_LEFT_BACKWARD_Off)
    i.LED_LEFT_BACKWARD_On                   0x00000850   Section        0  gpio.o(i.LED_LEFT_BACKWARD_On)
    i.LED_LEFT_FORWARD_Init                  0x00000864   Section        0  gpio.o(i.LED_LEFT_FORWARD_Init)
    i.LED_LEFT_FORWARD_Off                   0x00000878   Section        0  gpio.o(i.LED_LEFT_FORWARD_Off)
    i.LED_LEFT_FORWARD_On                    0x0000088c   Section        0  gpio.o(i.LED_LEFT_FORWARD_On)
    i.LED_RIGHT_BACKWARD_Init                0x000008a0   Section        0  gpio.o(i.LED_RIGHT_BACKWARD_Init)
    i.LED_RIGHT_BACKWARD_Off                 0x000008b4   Section        0  gpio.o(i.LED_RIGHT_BACKWARD_Off)
    i.LED_RIGHT_BACKWARD_On                  0x000008c8   Section        0  gpio.o(i.LED_RIGHT_BACKWARD_On)
    i.LED_RIGHT_FORWARD_Init                 0x000008dc   Section        0  gpio.o(i.LED_RIGHT_FORWARD_Init)
    i.LED_RIGHT_FORWARD_Off                  0x000008f0   Section        0  gpio.o(i.LED_RIGHT_FORWARD_Off)
    i.LED_RIGHT_FORWARD_On                   0x00000904   Section        0  gpio.o(i.LED_RIGHT_FORWARD_On)
    i.PWM_Init                               0x00000918   Section        0  pwm.o(i.PWM_Init)
    i.PWM_Write                              0x000009ac   Section        0  pwm.o(i.PWM_Write)
    i.Serial_ReadData                        0x00000a18   Section        0  serial.o(i.Serial_ReadData)
    i.Serial_WriteData                       0x00000a24   Section        0  serial.o(i.Serial_WriteData)
    i.SystemCoreClockUpdate                  0x00000a38   Section        0  system_lpc407x_8x_177x_8x.o(i.SystemCoreClockUpdate)
    i.SystemInit                             0x00000d0c   Section        0  system_lpc407x_8x_177x_8x.o(i.SystemInit)
    i.TIMER2_IRQHandler                      0x00000df8   Section        0  ultrasonic.o(i.TIMER2_IRQHandler)
    i.TIMER3_IRQHandler                      0x00000e54   Section        0  ultrasonic.o(i.TIMER3_IRQHandler)
    i.Timer_Init                             0x00000ef4   Section        0  timer.o(i.Timer_Init)
    i.UART0_IRQHandler                       0x00000f84   Section        0  serial.o(i.UART0_IRQHandler)
    i.UART3_IRQHandler                       0x00000fe4   Section        0  hm10.o(i.UART3_IRQHandler)
    i.Ultrasonic_Capture_Timer_Init          0x00001018   Section        0  ultrasonic.o(i.Ultrasonic_Capture_Timer_Init)
    i.Ultrasonic_Init                        0x00001074   Section        0  ultrasonic.o(i.Ultrasonic_Init)
    i.Ultrasonic_Start_Trigger_Timer         0x00001090   Section        0  ultrasonic.o(i.Ultrasonic_Start_Trigger_Timer)
    i.Ultrasonic_Trigger_Timer_Init          0x000010c8   Section        0  ultrasonic.o(i.Ultrasonic_Trigger_Timer_Init)
    i.__NVIC_ClearPendingIRQ                 0x0000114c   Section        0  ultrasonic.o(i.__NVIC_ClearPendingIRQ)
    __NVIC_ClearPendingIRQ                   0x0000114d   Thumb Code    22  ultrasonic.o(i.__NVIC_ClearPendingIRQ)
    i.__NVIC_EnableIRQ                       0x00001168   Section        0  ultrasonic.o(i.__NVIC_EnableIRQ)
    __NVIC_EnableIRQ                         0x00001169   Thumb Code    26  ultrasonic.o(i.__NVIC_EnableIRQ)
    i.__scatterload_copy                     0x00001182   Section       14  handlers.o(i.__scatterload_copy)
    i.__scatterload_zeroinit                 0x00001190   Section       14  handlers.o(i.__scatterload_zeroinit)
    i.fpu_init                               0x000011a0   Section        0  system_lpc407x_8x_177x_8x.o(i.fpu_init)
    i.go_backward                            0x000011f0   Section        0  gpio.o(i.go_backward)
    i.go_forward                             0x00001224   Section        0  gpio.o(i.go_forward)
    i.init                                   0x00001258   Section        0  main.o(i.init)
    i.main                                   0x000012ec   Section        0  main.o(i.main)
    i.motor_command                          0x000012f8   Section        0  main.o(i.motor_command)
    i.stop                                   0x0000142c   Section        0  gpio.o(i.stop)
    i.turn_left                              0x00001460   Section        0  gpio.o(i.turn_left)
    i.turn_right                             0x000014ec   Section        0  gpio.o(i.turn_right)
    i.ultrasonic_get_distance                0x00001578   Section        0  ultrasonic.o(i.ultrasonic_get_distance)
    i.update                                 0x00001594   Section        0  main.o(i.update)
    .data                                    0x10000000   Section       41  main.o(.data)
    .data                                    0x1000002c   Section       20  adc.o(.data)
    .data                                    0x10000040   Section        9  serial.o(.data)
    .data                                    0x10000049   Section        2  hm10.o(.data)
    .data                                    0x1000004c   Section       19  ultrasonic.o(.data)
    .data                                    0x10000060   Section       16  system_lpc407x_8x_177x_8x.o(.data)
    .bss                                     0x10000070   Section     2383  main.o(.bss)
    .bss                                     0x100009bf   Section      256  hm10.o(.bss)
    STACK                                    0x10000ac0   Section     1024  startup_lpc407x_8x_177x_8x.o(STACK)

    Global Symbols

    Symbol Name                              Value     Ov Type        Size  Object(Section)

    BuildAttributes$$THM_ISAv4$E$P$D$K$B$S$7EM$VFPi3$EXTD16$VFPS$VFMA$PE$A:L22UL41UL21$X:L11$S22US41US21$IEEE1$IW$USESV6$~STKCKD$USESV7$~SHL$OSPACE$ROPI$EBA8$MICROLIB$REQ8$PRES8$EABIv2 0x00000000   Number         0  anon$$obj.o ABSOLUTE
    __ARM_use_no_argv                        0x00000000   Number         0  main.o ABSOLUTE
    __Vectors                                0x00000000   Data           4  startup_lpc407x_8x_177x_8x.o(RESET)
    __cpp_initialize__aeabi_                  - Undefined Weak Reference
    __cxa_finalize                            - Undefined Weak Reference
    __decompress                              - Undefined Weak Reference
    _clock_init                               - Undefined Weak Reference
    _microlib_exit                            - Undefined Weak Reference
    __main                                   0x000000e5   Thumb Code     0  entry.o(.ARM.Collect$$$$00000000)
    _main_stk                                0x000000e5   Thumb Code     0  entry2.o(.ARM.Collect$$$$00000001)
    _main_scatterload                        0x000000e9   Thumb Code     0  entry5.o(.ARM.Collect$$$$00000004)
    __main_after_scatterload                 0x000000ed   Thumb Code     0  entry5.o(.ARM.Collect$$$$00000004)
    _main_clock                              0x000000ed   Thumb Code     0  entry7b.o(.ARM.Collect$$$$00000008)
    _main_cpp_init                           0x000000ed   Thumb Code     0  entry8b.o(.ARM.Collect$$$$0000000A)
    _main_init                               0x000000ed   Thumb Code     0  entry9a.o(.ARM.Collect$$$$0000000B)
    __rt_final_cpp                           0x000000f5   Thumb Code     0  entry10a.o(.ARM.Collect$$$$0000000D)
    __rt_final_exit                          0x000000f5   Thumb Code     0  entry11a.o(.ARM.Collect$$$$0000000F)
    Reset_Handler                            0x000000f9   Thumb Code     8  startup_lpc407x_8x_177x_8x.o(.text)
    NMI_Handler                              0x00000101   Thumb Code     2  startup_lpc407x_8x_177x_8x.o(.text)
    HardFault_Handler                        0x00000103   Thumb Code     2  startup_lpc407x_8x_177x_8x.o(.text)
    MemManage_Handler                        0x00000105   Thumb Code     2  startup_lpc407x_8x_177x_8x.o(.text)
    BusFault_Handler                         0x00000107   Thumb Code     2  startup_lpc407x_8x_177x_8x.o(.text)
    UsageFault_Handler                       0x00000109   Thumb Code     2  startup_lpc407x_8x_177x_8x.o(.text)
    SVC_Handler                              0x0000010b   Thumb Code     2  startup_lpc407x_8x_177x_8x.o(.text)
    DebugMon_Handler                         0x0000010d   Thumb Code     2  startup_lpc407x_8x_177x_8x.o(.text)
    PendSV_Handler                           0x0000010f   Thumb Code     2  startup_lpc407x_8x_177x_8x.o(.text)
    SysTick_Handler                          0x00000111   Thumb Code     2  startup_lpc407x_8x_177x_8x.o(.text)
    BOD_IRQHandler                           0x00000113   Thumb Code     0  startup_lpc407x_8x_177x_8x.o(.text)
    CANActivity_IRQHandler                   0x00000113   Thumb Code     0  startup_lpc407x_8x_177x_8x.o(.text)
    CAN_IRQHandler                           0x00000113   Thumb Code     0  startup_lpc407x_8x_177x_8x.o(.text)
    DMA_IRQHandler                           0x00000113   Thumb Code     0  startup_lpc407x_8x_177x_8x.o(.text)
    EEPROM_IRQHandler                        0x00000113   Thumb Code     0  startup_lpc407x_8x_177x_8x.o(.text)
    EINT0_IRQHandler                         0x00000113   Thumb Code     0  startup_lpc407x_8x_177x_8x.o(.text)
    EINT1_IRQHandler                         0x00000113   Thumb Code     0  startup_lpc407x_8x_177x_8x.o(.text)
    EINT2_IRQHandler                         0x00000113   Thumb Code     0  startup_lpc407x_8x_177x_8x.o(.text)
    EINT3_IRQHandler                         0x00000113   Thumb Code     0  startup_lpc407x_8x_177x_8x.o(.text)
    ENET_IRQHandler                          0x00000113   Thumb Code     0  startup_lpc407x_8x_177x_8x.o(.text)
    GPIO_IRQHandler                          0x00000113   Thumb Code     0  startup_lpc407x_8x_177x_8x.o(.text)
    I2C0_IRQHandler                          0x00000113   Thumb Code     0  startup_lpc407x_8x_177x_8x.o(.text)
    I2C1_IRQHandler                          0x00000113   Thumb Code     0  startup_lpc407x_8x_177x_8x.o(.text)
    I2C2_IRQHandler                          0x00000113   Thumb Code     0  startup_lpc407x_8x_177x_8x.o(.text)
    I2S_IRQHandler                           0x00000113   Thumb Code     0  startup_lpc407x_8x_177x_8x.o(.text)
    LCD_IRQHandler                           0x00000113   Thumb Code     0  startup_lpc407x_8x_177x_8x.o(.text)
    MCI_IRQHandler                           0x00000113   Thumb Code     0  startup_lpc407x_8x_177x_8x.o(.text)
    MCPWM_IRQHandler                         0x00000113   Thumb Code     0  startup_lpc407x_8x_177x_8x.o(.text)
    PLL0_IRQHandler                          0x00000113   Thumb Code     0  startup_lpc407x_8x_177x_8x.o(.text)
    PLL1_IRQHandler                          0x00000113   Thumb Code     0  startup_lpc407x_8x_177x_8x.o(.text)
    PWM0_IRQHandler                          0x00000113   Thumb Code     0  startup_lpc407x_8x_177x_8x.o(.text)
    PWM1_IRQHandler                          0x00000113   Thumb Code     0  startup_lpc407x_8x_177x_8x.o(.text)
    QEI_IRQHandler                           0x00000113   Thumb Code     0  startup_lpc407x_8x_177x_8x.o(.text)
    RTC_IRQHandler                           0x00000113   Thumb Code     0  startup_lpc407x_8x_177x_8x.o(.text)
    SSP0_IRQHandler                          0x00000113   Thumb Code     0  startup_lpc407x_8x_177x_8x.o(.text)
    SSP1_IRQHandler                          0x00000113   Thumb Code     0  startup_lpc407x_8x_177x_8x.o(.text)
    SSP2_IRQHandler                          0x00000113   Thumb Code     0  startup_lpc407x_8x_177x_8x.o(.text)
    TIMER0_IRQHandler                        0x00000113   Thumb Code     0  startup_lpc407x_8x_177x_8x.o(.text)
    TIMER1_IRQHandler                        0x00000113   Thumb Code     0  startup_lpc407x_8x_177x_8x.o(.text)
    UART1_IRQHandler                         0x00000113   Thumb Code     0  startup_lpc407x_8x_177x_8x.o(.text)
    UART2_IRQHandler                         0x00000113   Thumb Code     0  startup_lpc407x_8x_177x_8x.o(.text)
    UART4_IRQHandler                         0x00000113   Thumb Code     0  startup_lpc407x_8x_177x_8x.o(.text)
    USBActivity_IRQHandler                   0x00000113   Thumb Code     0  startup_lpc407x_8x_177x_8x.o(.text)
    USB_IRQHandler                           0x00000113   Thumb Code     0  startup_lpc407x_8x_177x_8x.o(.text)
    WDT_IRQHandler                           0x00000113   Thumb Code     0  startup_lpc407x_8x_177x_8x.o(.text)
    __aeabi_memset                           0x0000011d   Thumb Code    14  memseta.o(.text)
    __aeabi_memset4                          0x0000011d   Thumb Code     0  memseta.o(.text)
    __aeabi_memset8                          0x0000011d   Thumb Code     0  memseta.o(.text)
    __aeabi_memclr                           0x0000012b   Thumb Code     4  memseta.o(.text)
    __aeabi_memclr4                          0x0000012b   Thumb Code     0  memseta.o(.text)
    __aeabi_memclr8                          0x0000012b   Thumb Code     0  memseta.o(.text)
    _memset$wrapper                          0x0000012f   Thumb Code    18  memseta.o(.text)
    strcmp                                   0x00000141   Thumb Code    28  strcmp.o(.text)
    strcpy                                   0x0000015d   Thumb Code    18  strcpy.o(.text)
    __aeabi_ddiv                             0x0000016f   Thumb Code   222  ddiv.o(.text)
    __aeabi_ui2d                             0x0000024d   Thumb Code    26  dfltui.o(.text)
    __aeabi_d2uiz                            0x00000267   Thumb Code    50  dfixui.o(.text)
    __aeabi_llsr                             0x00000299   Thumb Code    32  llushr.o(.text)
    _ll_ushift_r                             0x00000299   Thumb Code     0  llushr.o(.text)
    __I$use$fp                               0x000002b9   Thumb Code     0  iusefp.o(.text)
    __scatterload                            0x000002b9   Thumb Code    28  init.o(.text)
    __scatterload_rt2                        0x000002b9   Thumb Code     0  init.o(.text)
    __aeabi_llsl                             0x000002dd   Thumb Code    30  llshl.o(.text)
    _ll_shift_l                              0x000002dd   Thumb Code     0  llshl.o(.text)
    __scatterload_null                       0x000002fb   Thumb Code     2  handlers.o(i.__scatterload_null)
    _double_round                            0x00000301   Thumb Code    30  depilogue.o(.text)
    _double_epilogue                         0x0000031f   Thumb Code   156  depilogue.o(.text)
    ADC_GetLastValue                         0x000003bd   Thumb Code    24  adc.o(i.ADC_GetLastValue)
    ADC_GetPotans                            0x000003dd   Thumb Code     6  adc.o(i.ADC_GetPotans)
    ADC_IRQHandler                           0x000003e9   Thumb Code   180  adc.o(i.ADC_IRQHandler)
    ADC_Init                                 0x000004b1   Thumb Code   250  adc.o(i.ADC_Init)
    ADC_Start                                0x000005b9   Thumb Code    14  adc.o(i.ADC_Start)
    EMBEDLED_Init                            0x000005cd   Thumb Code    48  led.o(i.EMBEDLED_Init)
    GPIO_DIR_Write                           0x00000601   Thumb Code    18  gpio.o(i.GPIO_DIR_Write)
    GPIO_PIN_Write                           0x00000613   Thumb Code    18  gpio.o(i.GPIO_PIN_Write)
    HM10_ClearBuffer                         0x00000625   Thumb Code    18  hm10.o(i.HM10_ClearBuffer)
    HM10_Init                                0x00000641   Thumb Code   146  hm10.o(i.HM10_Init)
    HM10_ReadData                            0x000006e5   Thumb Code    20  hm10.o(i.HM10_ReadData)
    HM10_SendCommand                         0x000006fd   Thumb Code    12  hm10.o(i.HM10_SendCommand)
    HM10_Write                               0x00000709   Thumb Code    22  hm10.o(i.HM10_Write)
    HM10_WriteData                           0x00000721   Thumb Code    20  hm10.o(i.HM10_WriteData)
    IN1A_Init                                0x00000739   Thumb Code    14  gpio.o(i.IN1A_Init)
    IN1A_Off                                 0x0000074d   Thumb Code    16  gpio.o(i.IN1A_Off)
    IN1A_On                                  0x00000761   Thumb Code    14  gpio.o(i.IN1A_On)
    IN2A_Init                                0x00000775   Thumb Code    14  gpio.o(i.IN2A_Init)
    IN2A_Off                                 0x00000789   Thumb Code    16  gpio.o(i.IN2A_Off)
    IN2A_On                                  0x0000079d   Thumb Code    14  gpio.o(i.IN2A_On)
    IN3B_Init                                0x000007b1   Thumb Code    14  gpio.o(i.IN3B_Init)
    IN3B_Off                                 0x000007c5   Thumb Code    14  gpio.o(i.IN3B_Off)
    IN3B_On                                  0x000007d9   Thumb Code    14  gpio.o(i.IN3B_On)
    IN4B_Init                                0x000007ed   Thumb Code    14  gpio.o(i.IN4B_Init)
    IN4B_Off                                 0x00000801   Thumb Code    14  gpio.o(i.IN4B_Off)
    IN4B_On                                  0x00000815   Thumb Code    14  gpio.o(i.IN4B_On)
    LED_LEFT_BACKWARD_Init                   0x00000829   Thumb Code    14  gpio.o(i.LED_LEFT_BACKWARD_Init)
    LED_LEFT_BACKWARD_Off                    0x0000083d   Thumb Code    14  gpio.o(i.LED_LEFT_BACKWARD_Off)
    LED_LEFT_BACKWARD_On                     0x00000851   Thumb Code    14  gpio.o(i.LED_LEFT_BACKWARD_On)
    LED_LEFT_FORWARD_Init                    0x00000865   Thumb Code    14  gpio.o(i.LED_LEFT_FORWARD_Init)
    LED_LEFT_FORWARD_Off                     0x00000879   Thumb Code    14  gpio.o(i.LED_LEFT_FORWARD_Off)
    LED_LEFT_FORWARD_On                      0x0000088d   Thumb Code    14  gpio.o(i.LED_LEFT_FORWARD_On)
    LED_RIGHT_BACKWARD_Init                  0x000008a1   Thumb Code    14  gpio.o(i.LED_RIGHT_BACKWARD_Init)
    LED_RIGHT_BACKWARD_Off                   0x000008b5   Thumb Code    14  gpio.o(i.LED_RIGHT_BACKWARD_Off)
    LED_RIGHT_BACKWARD_On                    0x000008c9   Thumb Code    14  gpio.o(i.LED_RIGHT_BACKWARD_On)
    LED_RIGHT_FORWARD_Init                   0x000008dd   Thumb Code    14  gpio.o(i.LED_RIGHT_FORWARD_Init)
    LED_RIGHT_FORWARD_Off                    0x000008f1   Thumb Code    16  gpio.o(i.LED_RIGHT_FORWARD_Off)
    LED_RIGHT_FORWARD_On                     0x00000905   Thumb Code    14  gpio.o(i.LED_RIGHT_FORWARD_On)
    PWM_Init                                 0x00000919   Thumb Code   130  pwm.o(i.PWM_Init)
    PWM_Write                                0x000009ad   Thumb Code    96  pwm.o(i.PWM_Write)
    Serial_ReadData                          0x00000a19   Thumb Code     6  serial.o(i.Serial_ReadData)
    Serial_WriteData                         0x00000a25   Thumb Code    12  serial.o(i.Serial_WriteData)
    SystemCoreClockUpdate                    0x00000a39   Thumb Code   696  system_lpc407x_8x_177x_8x.o(i.SystemCoreClockUpdate)
    SystemInit                               0x00000d0d   Thumb Code   220  system_lpc407x_8x_177x_8x.o(i.SystemInit)
    TIMER2_IRQHandler                        0x00000df9   Thumb Code    82  ultrasonic.o(i.TIMER2_IRQHandler)
    TIMER3_IRQHandler                        0x00000e55   Thumb Code   136  ultrasonic.o(i.TIMER3_IRQHandler)
    Timer_Init                               0x00000ef5   Thumb Code   136  timer.o(i.Timer_Init)
    UART0_IRQHandler                         0x00000f85   Thumb Code    74  serial.o(i.UART0_IRQHandler)
    UART3_IRQHandler                         0x00000fe5   Thumb Code    38  hm10.o(i.UART3_IRQHandler)
    Ultrasonic_Capture_Timer_Init            0x00001019   Thumb Code    84  ultrasonic.o(i.Ultrasonic_Capture_Timer_Init)
    Ultrasonic_Init                          0x00001075   Thumb Code    24  ultrasonic.o(i.Ultrasonic_Init)
    Ultrasonic_Start_Trigger_Timer           0x00001091   Thumb Code    52  ultrasonic.o(i.Ultrasonic_Start_Trigger_Timer)
    Ultrasonic_Trigger_Timer_Init            0x000010c9   Thumb Code   116  ultrasonic.o(i.Ultrasonic_Trigger_Timer_Init)
    __scatterload_copy                       0x00001183   Thumb Code    14  handlers.o(i.__scatterload_copy)
    __scatterload_zeroinit                   0x00001191   Thumb Code    14  handlers.o(i.__scatterload_zeroinit)
    fpu_init                                 0x000011a1   Thumb Code    62  system_lpc407x_8x_177x_8x.o(i.fpu_init)
    go_backward                              0x000011f1   Thumb Code    52  gpio.o(i.go_backward)
    go_forward                               0x00001225   Thumb Code    52  gpio.o(i.go_forward)
    init                                     0x00001259   Thumb Code   142  main.o(i.init)
    main                                     0x000012ed   Thumb Code    12  main.o(i.main)
    motor_command                            0x000012f9   Thumb Code   246  main.o(i.motor_command)
    stop                                     0x0000142d   Thumb Code    52  gpio.o(i.stop)
    turn_left                                0x00001461   Thumb Code   134  gpio.o(i.turn_left)
    turn_right                               0x000014ed   Thumb Code   134  gpio.o(i.turn_right)
    ultrasonic_get_distance                  0x00001579   Thumb Code    18  ultrasonic.o(i.ultrasonic_get_distance)
    update                                   0x00001595   Thumb Code   502  main.o(i.update)
    Region$$Table$$Base                      0x00001804   Number         0  anon$$obj.o(Region$$Table)
    Region$$Table$$Limit                     0x00001824   Number         0  anon$$obj.o(Region$$Table)
    TEST_MODE                                0x10000000   Data           4  main.o(.data)
    AUTO_MODE                                0x10000004   Data           4  main.o(.data)
    START                                    0x10000008   Data           4  main.o(.data)
    FINISH                                   0x1000000c   Data           4  main.o(.data)
    potans_value                             0x10000010   Data           4  main.o(.data)
    ldr_value                                0x10000014   Data           4  main.o(.data)
    ldr_value_sum                            0x10000018   Data           4  main.o(.data)
    count                                    0x1000001c   Data           4  main.o(.data)
    distance                                 0x10000020   Data           4  main.o(.data)
    previous_distance                        0x10000024   Data           4  main.o(.data)
    temp                                     0x10000028   Data           1  main.o(.data)
    ADC_Last                                 0x1000002c   Data           4  adc.o(.data)
    ADC_Right                                0x10000030   Data           4  adc.o(.data)
    ADC_Left                                 0x10000034   Data           4  adc.o(.data)
    ADC_Potans                               0x10000038   Data           4  adc.o(.data)
    counter                                  0x1000003c   Data           4  adc.o(.data)
    serialReceivedCharacter                  0x10000040   Data           1  serial.o(.data)
    serialNewDataAvailable                   0x10000041   Data           1  serial.o(.data)
    serialTransmitData                       0x10000044   Data           4  serial.o(.data)
    serialTransmitCompleted                  0x10000048   Data           1  serial.o(.data)
    HM10CurrentBufferIndex                   0x10000049   Data           1  hm10.o(.data)
    HM10NewDataAvailable                     0x1000004a   Data           1  hm10.o(.data)
    ultrasonicSensorRisingCaptureTime        0x1000004c   Data           4  ultrasonic.o(.data)
    ultrasonicSensorFallingCaptureTime       0x10000050   Data           4  ultrasonic.o(.data)
    ultrasonicSensorDuration                 0x10000054   Data           4  ultrasonic.o(.data)
    ultrasonicSensorDistance                 0x10000058   Data           4  ultrasonic.o(.data)
    ultrasonicSensorNewDataAvailable         0x1000005c   Data           1  ultrasonic.o(.data)
    ultrasonicSensorTriggerStart             0x1000005d   Data           1  ultrasonic.o(.data)
    ultrasonicSensorCaptureRisingEdge        0x1000005e   Data           1  ultrasonic.o(.data)
    SystemCoreClock                          0x10000060   Data           4  system_lpc407x_8x_177x_8x.o(.data)
    PeripheralClock                          0x10000064   Data           4  system_lpc407x_8x_177x_8x.o(.data)
    EMCClock                                 0x10000068   Data           4  system_lpc407x_8x_177x_8x.o(.data)
    USBClock                                 0x1000006c   Data           4  system_lpc407x_8x_177x_8x.o(.data)
    LDR_VALUES                               0x10000070   Data        2000  main.o(.bss)
    last_behaviour                           0x10000840   Data         255  main.o(.bss)
    characters                               0x1000093f   Data         128  main.o(.bss)
    HM10Buffer                               0x100009bf   Data         256  hm10.o(.bss)
    __initial_sp                             0x10000ec0   Data           0  startup_lpc407x_8x_177x_8x.o(STACK)



==============================================================================

Memory Map of the image

  Image Entry point : 0x000000f9

  Load Region LR_1 (Base: 0x00000000, Size: 0x00001894, Max: 0xffffffff, ABSOLUTE)

    Execution Region ER_RO (Exec base: 0x00000000, Load base: 0x00000000, Size: 0x00001824, Max: 0xffffffff, ABSOLUTE)

    Exec Addr    Load Addr    Size         Type   Attr      Idx    E Section Name        Object

    0x00000000   0x00000000   0x000000e4   Data   RO          869    RESET               startup_lpc407x_8x_177x_8x.o
    0x000000e4   0x000000e4   0x00000000   Code   RO          919  * .ARM.Collect$$$$00000000  mc_w.l(entry.o)
    0x000000e4   0x000000e4   0x00000004   Code   RO          934    .ARM.Collect$$$$00000001  mc_w.l(entry2.o)
    0x000000e8   0x000000e8   0x00000004   Code   RO          937    .ARM.Collect$$$$00000004  mc_w.l(entry5.o)
    0x000000ec   0x000000ec   0x00000000   Code   RO          939    .ARM.Collect$$$$00000008  mc_w.l(entry7b.o)
    0x000000ec   0x000000ec   0x00000000   Code   RO          941    .ARM.Collect$$$$0000000A  mc_w.l(entry8b.o)
    0x000000ec   0x000000ec   0x00000008   Code   RO          942    .ARM.Collect$$$$0000000B  mc_w.l(entry9a.o)
    0x000000f4   0x000000f4   0x00000000   Code   RO          944    .ARM.Collect$$$$0000000D  mc_w.l(entry10a.o)
    0x000000f4   0x000000f4   0x00000000   Code   RO          946    .ARM.Collect$$$$0000000F  mc_w.l(entry11a.o)
    0x000000f4   0x000000f4   0x00000004   Code   RO          935    .ARM.Collect$$$$00002712  mc_w.l(entry2.o)
    0x000000f8   0x000000f8   0x00000024   Code   RO          871  * .text               startup_lpc407x_8x_177x_8x.o
    0x0000011c   0x0000011c   0x00000024   Code   RO          922    .text               mc_w.l(memseta.o)
    0x00000140   0x00000140   0x0000001c   Code   RO          924    .text               mc_w.l(strcmp.o)
    0x0000015c   0x0000015c   0x00000012   Code   RO          926    .text               mc_w.l(strcpy.o)
    0x0000016e   0x0000016e   0x000000de   Code   RO          928    .text               mf_w.l(ddiv.o)
    0x0000024c   0x0000024c   0x0000001a   Code   RO          930    .text               mf_w.l(dfltui.o)
    0x00000266   0x00000266   0x00000032   Code   RO          932    .text               mf_w.l(dfixui.o)
    0x00000298   0x00000298   0x00000020   Code   RO          948    .text               mc_w.l(llushr.o)
    0x000002b8   0x000002b8   0x00000000   Code   RO          950    .text               mc_w.l(iusefp.o)
    0x000002b8   0x000002b8   0x00000024   Code   RO          953    .text               mc_w.l(init.o)
    0x000002dc   0x000002dc   0x0000001e   Code   RO          955    .text               mc_w.l(llshl.o)
    0x000002fa   0x000002fa   0x00000002   Code   RO          960    i.__scatterload_null  mc_w.l(handlers.o)
    0x000002fc   0x000002fc   0x00000004   Code   RO          870    .ARM.__at_0x02FC    startup_lpc407x_8x_177x_8x.o
    0x00000300   0x00000300   0x000000ba   Code   RO          951    .text               mf_w.l(depilogue.o)
    0x000003ba   0x000003ba   0x00000002   PAD
    0x000003bc   0x000003bc   0x00000020   Code   RO          118    i.ADC_GetLastValue  adc.o
    0x000003dc   0x000003dc   0x0000000c   Code   RO          119    i.ADC_GetPotans     adc.o
    0x000003e8   0x000003e8   0x000000c8   Code   RO          120    i.ADC_IRQHandler    adc.o
    0x000004b0   0x000004b0   0x00000108   Code   RO          121    i.ADC_Init          adc.o
    0x000005b8   0x000005b8   0x00000014   Code   RO          122    i.ADC_Start         adc.o
    0x000005cc   0x000005cc   0x00000034   Code   RO          703    i.EMBEDLED_Init     led.o
    0x00000600   0x00000600   0x00000012   Code   RO          209    i.GPIO_DIR_Write    gpio.o
    0x00000612   0x00000612   0x00000012   Code   RO          210    i.GPIO_PIN_Write    gpio.o
    0x00000624   0x00000624   0x0000001c   Code   RO          537    i.HM10_ClearBuffer  hm10.o
    0x00000640   0x00000640   0x000000a4   Code   RO          538    i.HM10_Init         hm10.o
    0x000006e4   0x000006e4   0x00000018   Code   RO          539    i.HM10_ReadData     hm10.o
    0x000006fc   0x000006fc   0x0000000c   Code   RO          540    i.HM10_SendCommand  hm10.o
    0x00000708   0x00000708   0x00000016   Code   RO          541    i.HM10_Write        hm10.o
    0x0000071e   0x0000071e   0x00000002   PAD
    0x00000720   0x00000720   0x00000018   Code   RO          542    i.HM10_WriteData    hm10.o
    0x00000738   0x00000738   0x00000014   Code   RO          211    i.IN1A_Init         gpio.o
    0x0000074c   0x0000074c   0x00000014   Code   RO          212    i.IN1A_Off          gpio.o
    0x00000760   0x00000760   0x00000014   Code   RO          213    i.IN1A_On           gpio.o
    0x00000774   0x00000774   0x00000014   Code   RO          214    i.IN2A_Init         gpio.o
    0x00000788   0x00000788   0x00000014   Code   RO          215    i.IN2A_Off          gpio.o
    0x0000079c   0x0000079c   0x00000014   Code   RO          216    i.IN2A_On           gpio.o
    0x000007b0   0x000007b0   0x00000014   Code   RO          217    i.IN3B_Init         gpio.o
    0x000007c4   0x000007c4   0x00000014   Code   RO          218    i.IN3B_Off          gpio.o
    0x000007d8   0x000007d8   0x00000014   Code   RO          219    i.IN3B_On           gpio.o
    0x000007ec   0x000007ec   0x00000014   Code   RO          220    i.IN4B_Init         gpio.o
    0x00000800   0x00000800   0x00000014   Code   RO          221    i.IN4B_Off          gpio.o
    0x00000814   0x00000814   0x00000014   Code   RO          222    i.IN4B_On           gpio.o
    0x00000828   0x00000828   0x00000014   Code   RO          223    i.LED_LEFT_BACKWARD_Init  gpio.o
    0x0000083c   0x0000083c   0x00000014   Code   RO          224    i.LED_LEFT_BACKWARD_Off  gpio.o
    0x00000850   0x00000850   0x00000014   Code   RO          225    i.LED_LEFT_BACKWARD_On  gpio.o
    0x00000864   0x00000864   0x00000014   Code   RO          226    i.LED_LEFT_FORWARD_Init  gpio.o
    0x00000878   0x00000878   0x00000014   Code   RO          227    i.LED_LEFT_FORWARD_Off  gpio.o
    0x0000088c   0x0000088c   0x00000014   Code   RO          228    i.LED_LEFT_FORWARD_On  gpio.o
    0x000008a0   0x000008a0   0x00000014   Code   RO          229    i.LED_RIGHT_BACKWARD_Init  gpio.o
    0x000008b4   0x000008b4   0x00000014   Code   RO          230    i.LED_RIGHT_BACKWARD_Off  gpio.o
    0x000008c8   0x000008c8   0x00000014   Code   RO          231    i.LED_RIGHT_BACKWARD_On  gpio.o
    0x000008dc   0x000008dc   0x00000014   Code   RO          232    i.LED_RIGHT_FORWARD_Init  gpio.o
    0x000008f0   0x000008f0   0x00000014   Code   RO          233    i.LED_RIGHT_FORWARD_Off  gpio.o
    0x00000904   0x00000904   0x00000014   Code   RO          234    i.LED_RIGHT_FORWARD_On  gpio.o
    0x00000918   0x00000918   0x00000094   Code   RO          450    i.PWM_Init          pwm.o
    0x000009ac   0x000009ac   0x0000006c   Code   RO          451    i.PWM_Write         pwm.o
    0x00000a18   0x00000a18   0x0000000c   Code   RO          486    i.Serial_ReadData   serial.o
    0x00000a24   0x00000a24   0x00000014   Code   RO          487    i.Serial_WriteData  serial.o
    0x00000a38   0x00000a38   0x000002d4   Code   RO          880    i.SystemCoreClockUpdate  system_lpc407x_8x_177x_8x.o
    0x00000d0c   0x00000d0c   0x000000ec   Code   RO          881    i.SystemInit        system_lpc407x_8x_177x_8x.o
    0x00000df8   0x00000df8   0x0000005c   Code   RO          613    i.TIMER2_IRQHandler  ultrasonic.o
    0x00000e54   0x00000e54   0x000000a0   Code   RO          614    i.TIMER3_IRQHandler  ultrasonic.o
    0x00000ef4   0x00000ef4   0x00000090   Code   RO          182    i.Timer_Init        timer.o
    0x00000f84   0x00000f84   0x00000060   Code   RO          488    i.UART0_IRQHandler  serial.o
    0x00000fe4   0x00000fe4   0x00000034   Code   RO          543    i.UART3_IRQHandler  hm10.o
    0x00001018   0x00001018   0x0000005c   Code   RO          615    i.Ultrasonic_Capture_Timer_Init  ultrasonic.o
    0x00001074   0x00001074   0x0000001c   Code   RO          616    i.Ultrasonic_Init   ultrasonic.o
    0x00001090   0x00001090   0x00000038   Code   RO          617    i.Ultrasonic_Start_Trigger_Timer  ultrasonic.o
    0x000010c8   0x000010c8   0x00000084   Code   RO          618    i.Ultrasonic_Trigger_Timer_Init  ultrasonic.o
    0x0000114c   0x0000114c   0x0000001c   Code   RO          619    i.__NVIC_ClearPendingIRQ  ultrasonic.o
    0x00001168   0x00001168   0x0000001a   Code   RO          620    i.__NVIC_EnableIRQ  ultrasonic.o
    0x00001182   0x00001182   0x0000000e   Code   RO          959    i.__scatterload_copy  mc_w.l(handlers.o)
    0x00001190   0x00001190   0x0000000e   Code   RO          961    i.__scatterload_zeroinit  mc_w.l(handlers.o)
    0x0000119e   0x0000119e   0x00000002   PAD
    0x000011a0   0x000011a0   0x00000050   Code   RO          882    i.fpu_init          system_lpc407x_8x_177x_8x.o
    0x000011f0   0x000011f0   0x00000034   Code   RO          235    i.go_backward       gpio.o
    0x00001224   0x00001224   0x00000034   Code   RO          236    i.go_forward        gpio.o
    0x00001258   0x00001258   0x00000094   Code   RO            4    i.init              main.o
    0x000012ec   0x000012ec   0x0000000c   Code   RO            5    i.main              main.o
    0x000012f8   0x000012f8   0x00000134   Code   RO            6    i.motor_command     main.o
    0x0000142c   0x0000142c   0x00000034   Code   RO          237    i.stop              gpio.o
    0x00001460   0x00001460   0x0000008c   Code   RO          238    i.turn_left         gpio.o
    0x000014ec   0x000014ec   0x0000008c   Code   RO          239    i.turn_right        gpio.o
    0x00001578   0x00001578   0x0000001c   Code   RO          621    i.ultrasonic_get_distance  ultrasonic.o
    0x00001594   0x00001594   0x00000270   Code   RO            7    i.update            main.o
    0x00001804   0x00001804   0x00000020   Data   RO          957    Region$$Table       anon$$obj.o


    Execution Region ER_RW (Exec base: 0x10000000, Load base: 0x00001824, Size: 0x00000070, Max: 0xffffffff, ABSOLUTE)

    Exec Addr    Load Addr    Size         Type   Attr      Idx    E Section Name        Object

    0x10000000   0x00001824   0x00000029   Data   RW           10    .data               main.o
    0x10000029   0x0000184d   0x00000003   PAD
    0x1000002c   0x00001850   0x00000014   Data   RW          123    .data               adc.o
    0x10000040   0x00001864   0x00000009   Data   RW          489    .data               serial.o
    0x10000049   0x0000186d   0x00000002   Data   RW          546    .data               hm10.o
    0x1000004b   0x0000186f   0x00000001   PAD
    0x1000004c   0x00001870   0x00000013   Data   RW          622    .data               ultrasonic.o
    0x1000005f   0x00001883   0x00000001   PAD
    0x10000060   0x00001884   0x00000010   Data   RW          883    .data               system_lpc407x_8x_177x_8x.o


    Execution Region ER_ZI (Exec base: 0x10000070, Load base: 0x00001894, Size: 0x00000e50, Max: 0xffffffff, ABSOLUTE)

    Exec Addr    Load Addr    Size         Type   Attr      Idx    E Section Name        Object

    0x10000070        -       0x0000094f   Zero   RW            8    .bss                main.o
    0x100009bf        -       0x00000100   Zero   RW          544    .bss                hm10.o
    0x10000abf   0x00001894   0x00000001   PAD
    0x10000ac0        -       0x00000400   Zero   RW          867    STACK               startup_lpc407x_8x_177x_8x.o


==============================================================================

Image component sizes


      Code (inc. data)   RO Data    RW Data    ZI Data      Debug   Object Name

       528         54          0         20          0      33195   adc.o
       952        150          0          0          0      18037   gpio.o
       326         50          0          2        256      34777   hm10.o
        52          4          0          0          0        508   led.o
      1092        190          0         41       2383      30997   main.o
       256         30          0          0          0       1183   pwm.o
       128         36          0          9          0       2100   serial.o
        40         12        228          0       1024       1176   startup_lpc407x_8x_177x_8x.o
      1040         62          0         16          0       4800   system_lpc407x_8x_177x_8x.o
       144          8          0          0          0        517   timer.o
       642         82          0         19          0      36105   ultrasonic.o

    ----------------------------------------------------------------------
      5202        678        260        112       3664     163395   Object Totals
         0          0         32          0          0          0   (incl. Generated)
         2          0          0          5          1          0   (incl. Padding)

    ----------------------------------------------------------------------

      Code (inc. data)   RO Data    RW Data    ZI Data      Debug   Library Member Name

         0          0          0          0          0          0   entry.o
         0          0          0          0          0          0   entry10a.o
         0          0          0          0          0          0   entry11a.o
         8          4          0          0          0          0   entry2.o
         4          0          0          0          0          0   entry5.o
         0          0          0          0          0          0   entry7b.o
         0          0          0          0          0          0   entry8b.o
         8          4          0          0          0          0   entry9a.o
        30          0          0          0          0          0   handlers.o
        36          8          0          0          0         68   init.o
         0          0          0          0          0          0   iusefp.o
        30          0          0          0          0         68   llshl.o
        32          0          0          0          0         68   llushr.o
        36          0          0          0          0        108   memseta.o
        28          0          0          0          0         76   strcmp.o
        18          0          0          0          0         68   strcpy.o
       222          0          0          0          0        100   ddiv.o
       186          0          0          0          0        176   depilogue.o
        50          0          0          0          0         76   dfixui.o
        26          0          0          0          0         76   dfltui.o

    ----------------------------------------------------------------------
       718         16          0          0          0        884   Library Totals
         4          0          0          0          0          0   (incl. Padding)

    ----------------------------------------------------------------------

      Code (inc. data)   RO Data    RW Data    ZI Data      Debug   Library Name

       230         16          0          0          0        456   mc_w.l
       484          0          0          0          0        428   mf_w.l

    ----------------------------------------------------------------------
       718         16          0          0          0        884   Library Totals

    ----------------------------------------------------------------------

==============================================================================


      Code (inc. data)   RO Data    RW Data    ZI Data      Debug   

      5920        694        260        112       3664     157967   Grand Totals
      5920        694        260        112       3664     157967   ELF Image Totals
      5920        694        260        112          0          0   ROM Totals

==============================================================================

    Total RO  Size (Code + RO Data)                 6180 (   6.04kB)
    Total RW  Size (RW Data + ZI Data)              3776 (   3.69kB)
    Total ROM Size (Code + RO Data + RW Data)       6292 (   6.14kB)

==============================================================================

