Component: ARM Compiler 5.06 update 6 (build 750) Tool: armlink [4d35ed]

==============================================================================

Section Cross References

    main.o(i.init) refers to joystick.o(i.Joystick_Init) for Joystick_Init
    main.o(i.init) refers to pwm.o(i.PWM_Init) for PWM_Init
    main.o(i.init) refers to led.o(i.LED_Init) for LED_Init
    main.o(i.init) refers to led.o(i.EMBEDLED_Init) for EMBEDLED_Init
    main.o(i.init) refers to ultrasonic.o(i.Ultrasonic_Init) for Ultrasonic_Init
    main.o(i.init) refers to ultrasonic.o(i.Ultrasonic_Trigger_Timer_Init) for Ultrasonic_Trigger_Timer_Init
    main.o(i.init) refers to ultrasonic.o(i.Ultrasonic_Capture_Timer_Init) for Ultrasonic_Capture_Timer_Init
    main.o(i.init) refers to ultrasonic.o(i.Ultrasonic_Start_Trigger_Timer) for Ultrasonic_Start_Trigger_Timer
    main.o(i.init) refers to hm10.o(i.HM10_Init) for HM10_Init
    main.o(i.init) refers to led.o(i.EMBEDLED1_Off) for EMBEDLED1_Off
    main.o(i.init) refers to led.o(i.EMBEDLED2_Off) for EMBEDLED2_Off
    main.o(i.init) refers to led.o(i.EMBEDLED3_Off) for EMBEDLED3_Off
    main.o(i.init) refers to led.o(i.EMBEDLED4_Off) for EMBEDLED4_Off
    main.o(i.init) refers to hm10.o(i.HM10_SendCommand) for HM10_SendCommand
    main.o(i.main) refers to main.o(i.init) for init
    main.o(i.main) refers to main.o(i.update) for update
    main.o(i.motor_command) refers to led.o(i.LED2_Off) for LED2_Off
    main.o(i.motor_command) refers to led.o(i.LED3_Off) for LED3_Off
    main.o(i.motor_command) refers to led.o(i.LED1_On) for LED1_On
    main.o(i.motor_command) refers to led.o(i.LED4_On) for LED4_On
    main.o(i.motor_command) refers to pwm.o(i.PWM_Write) for PWM_Write
    main.o(i.motor_command) refers to led.o(i.LED2_On) for LED2_On
    main.o(i.motor_command) refers to led.o(i.LED3_On) for LED3_On
    main.o(i.motor_command) refers to led.o(i.LED1_Off) for LED1_Off
    main.o(i.motor_command) refers to led.o(i.LED4_Off) for LED4_Off
    serial.o(i.Serial_WriteData) refers to serial.o(.data) for serialTransmitCompleted
    serial.o(i.UART0_IRQHandler) refers to serial.o(i.Serial_ReadData) for Serial_ReadData
    serial.o(i.UART0_IRQHandler) refers to serial.o(i.Serial_WriteData) for Serial_WriteData
    serial.o(i.UART0_IRQHandler) refers to serial.o(.data) for serialReceivedCharacter
    hm10.o(i.HM10_ClearBuffer) refers to hm10.o(.data) for HM10CurrentBufferIndex
    hm10.o(i.HM10_ClearBuffer) refers to hm10.o(.bss) for HM10Buffer
    hm10.o(i.HM10_SendCommand) refers to hm10.o(i.HM10_Write) for HM10_Write
    hm10.o(i.HM10_Write) refers to hm10.o(i.HM10_WriteData) for HM10_WriteData
    hm10.o(i.UART3_IRQHandler) refers to hm10.o(i.HM10_ReadData) for HM10_ReadData
    hm10.o(i.UART3_IRQHandler) refers to hm10.o(.bss) for HM10Buffer
    hm10.o(i.UART3_IRQHandler) refers to hm10.o(.data) for HM10CurrentBufferIndex
    joystick.o(i.Joystick_Center_Pressed) refers to gpio.o(i.GPIO_PIN_Read) for GPIO_PIN_Read
    joystick.o(i.Joystick_Down_Pressed) refers to gpio.o(i.GPIO_PIN_Read) for GPIO_PIN_Read
    joystick.o(i.Joystick_Init) refers to gpio.o(i.GPIO_DIR_Write) for GPIO_DIR_Write
    joystick.o(i.Joystick_Left_Pressed) refers to gpio.o(i.GPIO_PIN_Read) for GPIO_PIN_Read
    joystick.o(i.Joystick_Right_Pressed) refers to gpio.o(i.GPIO_PIN_Read) for GPIO_PIN_Read
    joystick.o(i.Joystick_Up_Pressed) refers to gpio.o(i.GPIO_PIN_Read) for GPIO_PIN_Read
    pwm.o(i.PWM_Init) refers to pwm.o(i.PWM_Write) for PWM_Write
    pwm.o(i.PWM_Write) refers to dfltui.o(.text) for __aeabi_ui2d
    pwm.o(i.PWM_Write) refers to ddiv.o(.text) for __aeabi_ddiv
    pwm.o(i.PWM_Write) refers to dfixui.o(.text) for __aeabi_d2uiz
    led.o(i.EMBEDLED1_Off) refers to gpio.o(i.GPIO_PIN_Write) for GPIO_PIN_Write
    led.o(i.EMBEDLED1_On) refers to gpio.o(i.GPIO_PIN_Write) for GPIO_PIN_Write
    led.o(i.EMBEDLED2_Off) refers to gpio.o(i.GPIO_PIN_Write) for GPIO_PIN_Write
    led.o(i.EMBEDLED2_On) refers to gpio.o(i.GPIO_PIN_Write) for GPIO_PIN_Write
    led.o(i.EMBEDLED3_Off) refers to gpio.o(i.GPIO_PIN_Write) for GPIO_PIN_Write
    led.o(i.EMBEDLED3_On) refers to gpio.o(i.GPIO_PIN_Write) for GPIO_PIN_Write
    led.o(i.EMBEDLED4_Off) refers to gpio.o(i.GPIO_PIN_Write) for GPIO_PIN_Write
    led.o(i.EMBEDLED4_On) refers to gpio.o(i.GPIO_PIN_Write) for GPIO_PIN_Write
    led.o(i.EMBEDLED_Init) refers to gpio.o(i.GPIO_DIR_Write) for GPIO_DIR_Write
    led.o(i.LED1_Init) refers to gpio.o(i.GPIO_DIR_Write) for GPIO_DIR_Write
    led.o(i.LED1_Off) refers to gpio.o(i.GPIO_PIN_Write) for GPIO_PIN_Write
    led.o(i.LED1_On) refers to gpio.o(i.GPIO_PIN_Write) for GPIO_PIN_Write
    led.o(i.LED2_Init) refers to gpio.o(i.GPIO_DIR_Write) for GPIO_DIR_Write
    led.o(i.LED2_Off) refers to gpio.o(i.GPIO_PIN_Write) for GPIO_PIN_Write
    led.o(i.LED2_On) refers to gpio.o(i.GPIO_PIN_Write) for GPIO_PIN_Write
    led.o(i.LED3_Init) refers to gpio.o(i.GPIO_DIR_Write) for GPIO_DIR_Write
    led.o(i.LED3_Off) refers to gpio.o(i.GPIO_PIN_Write) for GPIO_PIN_Write
    led.o(i.LED3_On) refers to gpio.o(i.GPIO_PIN_Write) for GPIO_PIN_Write
    led.o(i.LED4_Init) refers to gpio.o(i.GPIO_DIR_Write) for GPIO_DIR_Write
    led.o(i.LED4_Off) refers to gpio.o(i.GPIO_PIN_Write) for GPIO_PIN_Write
    led.o(i.LED4_On) refers to gpio.o(i.GPIO_PIN_Write) for GPIO_PIN_Write
    led.o(i.LED_Init) refers to led.o(i.LED1_Init) for LED1_Init
    led.o(i.LED_Init) refers to led.o(i.LED2_Init) for LED2_Init
    led.o(i.LED_Init) refers to led.o(i.LED3_Init) for LED3_Init
    led.o(i.LED_Init) refers to led.o(i.LED4_Init) for LED4_Init
    led.o(i.LED_OFF) refers to led.o(i.LED1_Off) for LED1_Off
    led.o(i.LED_OFF) refers to led.o(i.LED2_Off) for LED2_Off
    led.o(i.LED_OFF) refers to led.o(i.LED3_Off) for LED3_Off
    led.o(i.LED_OFF) refers to led.o(i.LED4_Off) for LED4_Off
    led.o(i.LED_ON) refers to led.o(i.LED1_On) for LED1_On
    led.o(i.LED_ON) refers to led.o(i.LED2_On) for LED2_On
    led.o(i.LED_ON) refers to led.o(i.LED3_On) for LED3_On
    led.o(i.LED_ON) refers to led.o(i.LED4_On) for LED4_On
    ultrasonic.o(i.TIMER2_IRQHandler) refers to ultrasonic.o(i.__NVIC_ClearPendingIRQ) for __NVIC_ClearPendingIRQ
    ultrasonic.o(i.TIMER2_IRQHandler) refers to ultrasonic.o(i.__NVIC_EnableIRQ) for __NVIC_EnableIRQ
    ultrasonic.o(i.TIMER2_IRQHandler) refers to ultrasonic.o(.data) for ultrasonicSensorTriggerStart
    ultrasonic.o(i.TIMER3_IRQHandler) refers to ultrasonic.o(i.__NVIC_ClearPendingIRQ) for __NVIC_ClearPendingIRQ
    ultrasonic.o(i.TIMER3_IRQHandler) refers to ultrasonic.o(.data) for ultrasonicSensorCaptureRisingEdge
    ultrasonic.o(i.Ultrasonic_Trigger_Timer_Init) refers to ultrasonic.o(i.__NVIC_EnableIRQ) for __NVIC_EnableIRQ
    ultrasonic.o(i.Ultrasonic_Trigger_Timer_Init) refers to ultrasonic.o(i.__NVIC_ClearPendingIRQ) for __NVIC_ClearPendingIRQ
    ultrasonic.o(i.ultrasonic_get_distance) refers to ultrasonic.o(.data) for ultrasonicSensorFallingCaptureTime
    startup_lpc407x_8x_177x_8x.o(RESET) refers to startup_lpc407x_8x_177x_8x.o(STACK) for __initial_sp
    startup_lpc407x_8x_177x_8x.o(RESET) refers to startup_lpc407x_8x_177x_8x.o(.text) for Reset_Handler
    startup_lpc407x_8x_177x_8x.o(RESET) refers to ultrasonic.o(i.TIMER2_IRQHandler) for TIMER2_IRQHandler
    startup_lpc407x_8x_177x_8x.o(RESET) refers to ultrasonic.o(i.TIMER3_IRQHandler) for TIMER3_IRQHandler
    startup_lpc407x_8x_177x_8x.o(RESET) refers to serial.o(i.UART0_IRQHandler) for UART0_IRQHandler
    startup_lpc407x_8x_177x_8x.o(RESET) refers to hm10.o(i.UART3_IRQHandler) for UART3_IRQHandler
    startup_lpc407x_8x_177x_8x.o(.text) refers to system_lpc407x_8x_177x_8x.o(i.SystemInit) for SystemInit
    startup_lpc407x_8x_177x_8x.o(.text) refers to entry.o(.ARM.Collect$$$$00000000) for __main
    system_lpc407x_8x_177x_8x.o(i.SystemCoreClockUpdate) refers to system_lpc407x_8x_177x_8x.o(.data) for SystemCoreClock
    system_lpc407x_8x_177x_8x.o(i.SystemInit) refers to system_lpc407x_8x_177x_8x.o(i.fpu_init) for fpu_init
    system_lpc407x_8x_177x_8x.o(i.SystemInit) refers to system_lpc407x_8x_177x_8x.o(i.SystemCoreClockUpdate) for SystemCoreClockUpdate
    entry.o(.ARM.Collect$$$$00000000) refers (Special) to entry10a.o(.ARM.Collect$$$$0000000D) for __rt_final_cpp
    entry.o(.ARM.Collect$$$$00000000) refers (Special) to entry11a.o(.ARM.Collect$$$$0000000F) for __rt_final_exit
    entry.o(.ARM.Collect$$$$00000000) refers (Special) to entry7b.o(.ARM.Collect$$$$00000008) for _main_clock
    entry.o(.ARM.Collect$$$$00000000) refers (Special) to entry8b.o(.ARM.Collect$$$$0000000A) for _main_cpp_init
    entry.o(.ARM.Collect$$$$00000000) refers (Special) to entry9a.o(.ARM.Collect$$$$0000000B) for _main_init
    entry.o(.ARM.Collect$$$$00000000) refers (Special) to entry5.o(.ARM.Collect$$$$00000004) for _main_scatterload
    entry.o(.ARM.Collect$$$$00000000) refers (Special) to entry2.o(.ARM.Collect$$$$00000001) for _main_stk
    ddiv.o(.text) refers (Special) to iusefp.o(.text) for __I$use$fp
    ddiv.o(.text) refers to depilogue.o(.text) for _double_round
    dfltui.o(.text) refers (Special) to iusefp.o(.text) for __I$use$fp
    dfltui.o(.text) refers to depilogue.o(.text) for _double_epilogue
    dfixui.o(.text) refers (Special) to iusefp.o(.text) for __I$use$fp
    dfixui.o(.text) refers to llushr.o(.text) for __aeabi_llsr
    entry2.o(.ARM.Collect$$$$00000001) refers to entry2.o(.ARM.Collect$$$$00002712) for __lit__00000000
    entry2.o(.ARM.Collect$$$$00002712) refers to startup_lpc407x_8x_177x_8x.o(STACK) for __initial_sp
    entry2.o(__vectab_stack_and_reset_area) refers to startup_lpc407x_8x_177x_8x.o(STACK) for __initial_sp
    entry2.o(__vectab_stack_and_reset_area) refers to entry.o(.ARM.Collect$$$$00000000) for __main
    entry5.o(.ARM.Collect$$$$00000004) refers to init.o(.text) for __scatterload
    entry9a.o(.ARM.Collect$$$$0000000B) refers to main.o(i.main) for main
    entry9b.o(.ARM.Collect$$$$0000000C) refers to main.o(i.main) for main
    depilogue.o(.text) refers to llshl.o(.text) for __aeabi_llsl
    depilogue.o(.text) refers to llushr.o(.text) for __aeabi_llsr
    init.o(.text) refers to entry5.o(.ARM.Collect$$$$00000004) for __main_after_scatterload


==============================================================================

Removing Unused input sections from the image.

    Removing main.o(.rev16_text), (4 bytes).
    Removing main.o(.revsh_text), (4 bytes).
    Removing main.o(.rrx_text), (6 bytes).
    Removing main.o(i.motor_command), (328 bytes).
    Removing main.o(.bss), (128 bytes).
    Removing main.o(.data), (4 bytes).
    Removing serial.o(.rev16_text), (4 bytes).
    Removing serial.o(.revsh_text), (4 bytes).
    Removing serial.o(.rrx_text), (6 bytes).
    Removing serial.o(i.Serial_Init), (220 bytes).
    Removing hm10.o(.rev16_text), (4 bytes).
    Removing hm10.o(.revsh_text), (4 bytes).
    Removing hm10.o(.rrx_text), (6 bytes).
    Removing hm10.o(i.HM10_ClearBuffer), (28 bytes).
    Removing gpio.o(.rev16_text), (4 bytes).
    Removing gpio.o(.revsh_text), (4 bytes).
    Removing gpio.o(.rrx_text), (6 bytes).
    Removing gpio.o(i.GPIO_PIN_Read), (10 bytes).
    Removing joystick.o(.rev16_text), (4 bytes).
    Removing joystick.o(.revsh_text), (4 bytes).
    Removing joystick.o(.rrx_text), (6 bytes).
    Removing joystick.o(i.Joystick_Center_Pressed), (24 bytes).
    Removing joystick.o(i.Joystick_Down_Pressed), (24 bytes).
    Removing joystick.o(i.Joystick_Left_Pressed), (24 bytes).
    Removing joystick.o(i.Joystick_Right_Pressed), (24 bytes).
    Removing joystick.o(i.Joystick_Up_Pressed), (24 bytes).
    Removing pwm.o(.rev16_text), (4 bytes).
    Removing pwm.o(.revsh_text), (4 bytes).
    Removing pwm.o(.rrx_text), (6 bytes).
    Removing pwm.o(i.PWM_Cycle_Rate), (32 bytes).
    Removing led.o(.rev16_text), (4 bytes).
    Removing led.o(.revsh_text), (4 bytes).
    Removing led.o(.rrx_text), (6 bytes).
    Removing led.o(i.EMBEDLED1_On), (20 bytes).
    Removing led.o(i.EMBEDLED2_On), (20 bytes).
    Removing led.o(i.EMBEDLED3_On), (20 bytes).
    Removing led.o(i.EMBEDLED4_On), (20 bytes).
    Removing led.o(i.LED1_Off), (20 bytes).
    Removing led.o(i.LED1_On), (20 bytes).
    Removing led.o(i.LED2_Off), (20 bytes).
    Removing led.o(i.LED2_On), (20 bytes).
    Removing led.o(i.LED3_Off), (20 bytes).
    Removing led.o(i.LED3_On), (20 bytes).
    Removing led.o(i.LED4_Off), (20 bytes).
    Removing led.o(i.LED4_On), (20 bytes).
    Removing led.o(i.LED_OFF), (20 bytes).
    Removing led.o(i.LED_ON), (20 bytes).
    Removing ultrasonic.o(.rev16_text), (4 bytes).
    Removing ultrasonic.o(.revsh_text), (4 bytes).
    Removing ultrasonic.o(.rrx_text), (6 bytes).
    Removing ultrasonic.o(i.ultrasonic_get_distance), (28 bytes).
    Removing wait.o(.rev16_text), (4 bytes).
    Removing wait.o(.revsh_text), (4 bytes).
    Removing wait.o(.rrx_text), (6 bytes).
    Removing wait.o(i.wait), (20 bytes).
    Removing wait.o(i.waitMicroseconds), (18 bytes).
    Removing timer.o(.rev16_text), (4 bytes).
    Removing timer.o(.revsh_text), (4 bytes).
    Removing timer.o(.rrx_text), (6 bytes).
    Removing startup_lpc407x_8x_177x_8x.o(HEAP), (0 bytes).
    Removing system_lpc407x_8x_177x_8x.o(.rev16_text), (4 bytes).
    Removing system_lpc407x_8x_177x_8x.o(.revsh_text), (4 bytes).
    Removing system_lpc407x_8x_177x_8x.o(.rrx_text), (6 bytes).

63 unused section(s) (total 1370 bytes) removed from the image.

==============================================================================

Image Symbol Table

    Local Symbols

    Symbol Name                              Value     Ov Type        Size  Object(Section)

    RESET                                    0x00000000   Section      228  startup_lpc407x_8x_177x_8x.o(RESET)
    ../clib/microlib/init/entry.s            0x00000000   Number         0  entry5.o ABSOLUTE
    ../clib/microlib/init/entry.s            0x00000000   Number         0  entry11a.o ABSOLUTE
    ../clib/microlib/init/entry.s            0x00000000   Number         0  entry10b.o ABSOLUTE
    ../clib/microlib/init/entry.s            0x00000000   Number         0  entry10a.o ABSOLUTE
    ../clib/microlib/init/entry.s            0x00000000   Number         0  entry7b.o ABSOLUTE
    ../clib/microlib/init/entry.s            0x00000000   Number         0  entry7a.o ABSOLUTE
    ../clib/microlib/init/entry.s            0x00000000   Number         0  entry9b.o ABSOLUTE
    ../clib/microlib/init/entry.s            0x00000000   Number         0  entry9a.o ABSOLUTE
    ../clib/microlib/init/entry.s            0x00000000   Number         0  entry8b.o ABSOLUTE
    ../clib/microlib/init/entry.s            0x00000000   Number         0  entry.o ABSOLUTE
    ../clib/microlib/init/entry.s            0x00000000   Number         0  entry2.o ABSOLUTE
    ../clib/microlib/init/entry.s            0x00000000   Number         0  entry11b.o ABSOLUTE
    ../clib/microlib/init/entry.s            0x00000000   Number         0  entry8a.o ABSOLUTE
    ../clib/microlib/longlong.c              0x00000000   Number         0  llushr.o ABSOLUTE
    ../clib/microlib/longlong.c              0x00000000   Number         0  llshl.o ABSOLUTE
    ../clib/microlib/stubs.s                 0x00000000   Number         0  iusefp.o ABSOLUTE
    ../fplib/microlib/fpdiv.c                0x00000000   Number         0  ddiv.o ABSOLUTE
    ../fplib/microlib/fpepilogue.c           0x00000000   Number         0  depilogue.o ABSOLUTE
    ../fplib/microlib/fpfix.c                0x00000000   Number         0  dfixui.o ABSOLUTE
    ../fplib/microlib/fpflt.c                0x00000000   Number         0  dfltui.o ABSOLUTE
    Library\GPIO.c                           0x00000000   Number         0  gpio.o ABSOLUTE
    Library\HM10.c                           0x00000000   Number         0  hm10.o ABSOLUTE
    Library\Joystick.c                       0x00000000   Number         0  joystick.o ABSOLUTE
    Library\LED.c                            0x00000000   Number         0  led.o ABSOLUTE
    Library\PWM.c                            0x00000000   Number         0  pwm.o ABSOLUTE
    Library\Serial.c                         0x00000000   Number         0  serial.o ABSOLUTE
    Library\Timer.c                          0x00000000   Number         0  timer.o ABSOLUTE
    Library\Ultrasonic.c                     0x00000000   Number         0  ultrasonic.o ABSOLUTE
    Library\Wait.c                           0x00000000   Number         0  wait.o ABSOLUTE
    Library\\GPIO.c                          0x00000000   Number         0  gpio.o ABSOLUTE
    Library\\HM10.c                          0x00000000   Number         0  hm10.o ABSOLUTE
    Library\\Joystick.c                      0x00000000   Number         0  joystick.o ABSOLUTE
    Library\\LED.c                           0x00000000   Number         0  led.o ABSOLUTE
    Library\\PWM.c                           0x00000000   Number         0  pwm.o ABSOLUTE
    Library\\Serial.c                        0x00000000   Number         0  serial.o ABSOLUTE
    Library\\Timer.c                         0x00000000   Number         0  timer.o ABSOLUTE
    Library\\Ultrasonic.c                    0x00000000   Number         0  ultrasonic.o ABSOLUTE
    Library\\Wait.c                          0x00000000   Number         0  wait.o ABSOLUTE
    RTE\Device\LPC4088FET208\startup_LPC407x_8x_177x_8x.s 0x00000000   Number         0  startup_lpc407x_8x_177x_8x.o ABSOLUTE
    RTE\Device\LPC4088FET208\system_LPC407x_8x_177x_8x.c 0x00000000   Number         0  system_lpc407x_8x_177x_8x.o ABSOLUTE
    RTE\\Device\\LPC4088FET208\\system_LPC407x_8x_177x_8x.c 0x00000000   Number         0  system_lpc407x_8x_177x_8x.o ABSOLUTE
    dc.s                                     0x00000000   Number         0  dc.o ABSOLUTE
    handlers.s                               0x00000000   Number         0  handlers.o ABSOLUTE
    init.s                                   0x00000000   Number         0  init.o ABSOLUTE
    main.c                                   0x00000000   Number         0  main.o ABSOLUTE
    main.c                                   0x00000000   Number         0  main.o ABSOLUTE
    .ARM.Collect$$$$00000000                 0x000000e4   Section        0  entry.o(.ARM.Collect$$$$00000000)
    .ARM.Collect$$$$00000001                 0x000000e4   Section        4  entry2.o(.ARM.Collect$$$$00000001)
    .ARM.Collect$$$$00000004                 0x000000e8   Section        4  entry5.o(.ARM.Collect$$$$00000004)
    .ARM.Collect$$$$00000008                 0x000000ec   Section        0  entry7b.o(.ARM.Collect$$$$00000008)
    .ARM.Collect$$$$0000000A                 0x000000ec   Section        0  entry8b.o(.ARM.Collect$$$$0000000A)
    .ARM.Collect$$$$0000000B                 0x000000ec   Section        8  entry9a.o(.ARM.Collect$$$$0000000B)
    .ARM.Collect$$$$0000000D                 0x000000f4   Section        0  entry10a.o(.ARM.Collect$$$$0000000D)
    .ARM.Collect$$$$0000000F                 0x000000f4   Section        0  entry11a.o(.ARM.Collect$$$$0000000F)
    .ARM.Collect$$$$00002712                 0x000000f4   Section        4  entry2.o(.ARM.Collect$$$$00002712)
    __lit__00000000                          0x000000f4   Data           4  entry2.o(.ARM.Collect$$$$00002712)
    .text                                    0x000000f8   Section       36  startup_lpc407x_8x_177x_8x.o(.text)
    $v0                                      0x000000f8   Number         0  startup_lpc407x_8x_177x_8x.o(.text)
    .text                                    0x0000011c   Section        0  ddiv.o(.text)
    .text                                    0x000001fa   Section        0  dfltui.o(.text)
    .text                                    0x00000214   Section        0  dfixui.o(.text)
    .text                                    0x00000246   Section        0  llushr.o(.text)
    .text                                    0x00000266   Section        0  iusefp.o(.text)
    .text                                    0x00000268   Section       36  init.o(.text)
    .text                                    0x0000028c   Section        0  llshl.o(.text)
    i.EMBEDLED1_Off                          0x000002ac   Section        0  led.o(i.EMBEDLED1_Off)
    i.EMBEDLED2_Off                          0x000002c0   Section        0  led.o(i.EMBEDLED2_Off)
    i.EMBEDLED3_Off                          0x000002d4   Section        0  led.o(i.EMBEDLED3_Off)
    i.EMBEDLED4_Off                          0x000002e8   Section        0  led.o(i.EMBEDLED4_Off)
    .ARM.__at_0x02FC                         0x000002fc   Section        4  startup_lpc407x_8x_177x_8x.o(.ARM.__at_0x02FC)
    .text                                    0x00000300   Section        0  depilogue.o(.text)
    i.EMBEDLED_Init                          0x000003bc   Section        0  led.o(i.EMBEDLED_Init)
    i.GPIO_DIR_Write                         0x000003f0   Section        0  gpio.o(i.GPIO_DIR_Write)
    i.GPIO_PIN_Write                         0x00000402   Section        0  gpio.o(i.GPIO_PIN_Write)
    i.HM10_Init                              0x00000414   Section        0  hm10.o(i.HM10_Init)
    i.HM10_ReadData                          0x0000049c   Section        0  hm10.o(i.HM10_ReadData)
    i.HM10_SendCommand                       0x000004b4   Section        0  hm10.o(i.HM10_SendCommand)
    i.HM10_Write                             0x000004c0   Section        0  hm10.o(i.HM10_Write)
    i.HM10_WriteData                         0x000004d8   Section        0  hm10.o(i.HM10_WriteData)
    i.Joystick_Init                          0x000004f0   Section        0  joystick.o(i.Joystick_Init)
    i.LED1_Init                              0x00000578   Section        0  led.o(i.LED1_Init)
    i.LED2_Init                              0x0000058c   Section        0  led.o(i.LED2_Init)
    i.LED3_Init                              0x000005a0   Section        0  led.o(i.LED3_Init)
    i.LED4_Init                              0x000005b4   Section        0  led.o(i.LED4_Init)
    i.LED_Init                               0x000005c8   Section        0  led.o(i.LED_Init)
    i.PWM_Init                               0x000005dc   Section        0  pwm.o(i.PWM_Init)
    i.PWM_Write                              0x0000065c   Section        0  pwm.o(i.PWM_Write)
    i.Serial_ReadData                        0x000006d4   Section        0  serial.o(i.Serial_ReadData)
    i.Serial_WriteData                       0x000006e0   Section        0  serial.o(i.Serial_WriteData)
    i.SystemCoreClockUpdate                  0x000006f4   Section        0  system_lpc407x_8x_177x_8x.o(i.SystemCoreClockUpdate)
    i.SystemInit                             0x000009c8   Section        0  system_lpc407x_8x_177x_8x.o(i.SystemInit)
    i.TIMER2_IRQHandler                      0x00000ab4   Section        0  ultrasonic.o(i.TIMER2_IRQHandler)
    i.TIMER3_IRQHandler                      0x00000b10   Section        0  ultrasonic.o(i.TIMER3_IRQHandler)
    i.UART0_IRQHandler                       0x00000bb0   Section        0  serial.o(i.UART0_IRQHandler)
    i.UART3_IRQHandler                       0x00000c10   Section        0  hm10.o(i.UART3_IRQHandler)
    i.Ultrasonic_Capture_Timer_Init          0x00000c40   Section        0  ultrasonic.o(i.Ultrasonic_Capture_Timer_Init)
    i.Ultrasonic_Init                        0x00000c9c   Section        0  ultrasonic.o(i.Ultrasonic_Init)
    i.Ultrasonic_Start_Trigger_Timer         0x00000cb8   Section        0  ultrasonic.o(i.Ultrasonic_Start_Trigger_Timer)
    i.Ultrasonic_Trigger_Timer_Init          0x00000cec   Section        0  ultrasonic.o(i.Ultrasonic_Trigger_Timer_Init)
    i.__NVIC_ClearPendingIRQ                 0x00000d80   Section        0  ultrasonic.o(i.__NVIC_ClearPendingIRQ)
    __NVIC_ClearPendingIRQ                   0x00000d81   Thumb Code    22  ultrasonic.o(i.__NVIC_ClearPendingIRQ)
    i.__NVIC_EnableIRQ                       0x00000d9c   Section        0  ultrasonic.o(i.__NVIC_EnableIRQ)
    __NVIC_EnableIRQ                         0x00000d9d   Thumb Code    26  ultrasonic.o(i.__NVIC_EnableIRQ)
    i.__scatterload_copy                     0x00000db6   Section       14  handlers.o(i.__scatterload_copy)
    i.__scatterload_null                     0x00000dc4   Section        2  handlers.o(i.__scatterload_null)
    i.__scatterload_zeroinit                 0x00000dc6   Section       14  handlers.o(i.__scatterload_zeroinit)
    i.fpu_init                               0x00000dd4   Section        0  system_lpc407x_8x_177x_8x.o(i.fpu_init)
    i.init                                   0x00000e24   Section        0  main.o(i.init)
    i.main                                   0x00000ed8   Section        0  main.o(i.main)
    i.update                                 0x00000ee4   Section        0  main.o(i.update)
    .data                                    0x10000000   Section        9  serial.o(.data)
    .data                                    0x10000009   Section        2  hm10.o(.data)
    .data                                    0x1000000c   Section       19  ultrasonic.o(.data)
    .data                                    0x10000020   Section       16  system_lpc407x_8x_177x_8x.o(.data)
    .bss                                     0x10000030   Section      256  hm10.o(.bss)
    STACK                                    0x10000130   Section     1024  startup_lpc407x_8x_177x_8x.o(STACK)

    Global Symbols

    Symbol Name                              Value     Ov Type        Size  Object(Section)

    BuildAttributes$$THM_ISAv4$E$P$D$K$B$S$7EM$VFPi3$EXTD16$VFPS$VFMA$PE$A:L22UL41UL21$X:L11$S22US41US21$IEEE1$IW$USESV6$~STKCKD$USESV7$~SHL$OSPACE$ROPI$EBA8$MICROLIB$REQ8$PRES8$EABIv2 0x00000000   Number         0  anon$$obj.o ABSOLUTE
    __ARM_use_no_argv                        0x00000000   Number         0  main.o ABSOLUTE
    __Vectors                                0x00000000   Data           4  startup_lpc407x_8x_177x_8x.o(RESET)
    __cpp_initialize__aeabi_                  - Undefined Weak Reference
    __cxa_finalize                            - Undefined Weak Reference
    __decompress                              - Undefined Weak Reference
    _clock_init                               - Undefined Weak Reference
    _microlib_exit                            - Undefined Weak Reference
    __main                                   0x000000e5   Thumb Code     0  entry.o(.ARM.Collect$$$$00000000)
    _main_stk                                0x000000e5   Thumb Code     0  entry2.o(.ARM.Collect$$$$00000001)
    _main_scatterload                        0x000000e9   Thumb Code     0  entry5.o(.ARM.Collect$$$$00000004)
    __main_after_scatterload                 0x000000ed   Thumb Code     0  entry5.o(.ARM.Collect$$$$00000004)
    _main_clock                              0x000000ed   Thumb Code     0  entry7b.o(.ARM.Collect$$$$00000008)
    _main_cpp_init                           0x000000ed   Thumb Code     0  entry8b.o(.ARM.Collect$$$$0000000A)
    _main_init                               0x000000ed   Thumb Code     0  entry9a.o(.ARM.Collect$$$$0000000B)
    __rt_final_cpp                           0x000000f5   Thumb Code     0  entry10a.o(.ARM.Collect$$$$0000000D)
    __rt_final_exit                          0x000000f5   Thumb Code     0  entry11a.o(.ARM.Collect$$$$0000000F)
    Reset_Handler                            0x000000f9   Thumb Code     8  startup_lpc407x_8x_177x_8x.o(.text)
    NMI_Handler                              0x00000101   Thumb Code     2  startup_lpc407x_8x_177x_8x.o(.text)
    HardFault_Handler                        0x00000103   Thumb Code     2  startup_lpc407x_8x_177x_8x.o(.text)
    MemManage_Handler                        0x00000105   Thumb Code     2  startup_lpc407x_8x_177x_8x.o(.text)
    BusFault_Handler                         0x00000107   Thumb Code     2  startup_lpc407x_8x_177x_8x.o(.text)
    UsageFault_Handler                       0x00000109   Thumb Code     2  startup_lpc407x_8x_177x_8x.o(.text)
    SVC_Handler                              0x0000010b   Thumb Code     2  startup_lpc407x_8x_177x_8x.o(.text)
    DebugMon_Handler                         0x0000010d   Thumb Code     2  startup_lpc407x_8x_177x_8x.o(.text)
    PendSV_Handler                           0x0000010f   Thumb Code     2  startup_lpc407x_8x_177x_8x.o(.text)
    SysTick_Handler                          0x00000111   Thumb Code     2  startup_lpc407x_8x_177x_8x.o(.text)
    ADC_IRQHandler                           0x00000113   Thumb Code     0  startup_lpc407x_8x_177x_8x.o(.text)
    BOD_IRQHandler                           0x00000113   Thumb Code     0  startup_lpc407x_8x_177x_8x.o(.text)
    CANActivity_IRQHandler                   0x00000113   Thumb Code     0  startup_lpc407x_8x_177x_8x.o(.text)
    CAN_IRQHandler                           0x00000113   Thumb Code     0  startup_lpc407x_8x_177x_8x.o(.text)
    DMA_IRQHandler                           0x00000113   Thumb Code     0  startup_lpc407x_8x_177x_8x.o(.text)
    EEPROM_IRQHandler                        0x00000113   Thumb Code     0  startup_lpc407x_8x_177x_8x.o(.text)
    EINT0_IRQHandler                         0x00000113   Thumb Code     0  startup_lpc407x_8x_177x_8x.o(.text)
    EINT1_IRQHandler                         0x00000113   Thumb Code     0  startup_lpc407x_8x_177x_8x.o(.text)
    EINT2_IRQHandler                         0x00000113   Thumb Code     0  startup_lpc407x_8x_177x_8x.o(.text)
    EINT3_IRQHandler                         0x00000113   Thumb Code     0  startup_lpc407x_8x_177x_8x.o(.text)
    ENET_IRQHandler                          0x00000113   Thumb Code     0  startup_lpc407x_8x_177x_8x.o(.text)
    GPIO_IRQHandler                          0x00000113   Thumb Code     0  startup_lpc407x_8x_177x_8x.o(.text)
    I2C0_IRQHandler                          0x00000113   Thumb Code     0  startup_lpc407x_8x_177x_8x.o(.text)
    I2C1_IRQHandler                          0x00000113   Thumb Code     0  startup_lpc407x_8x_177x_8x.o(.text)
    I2C2_IRQHandler                          0x00000113   Thumb Code     0  startup_lpc407x_8x_177x_8x.o(.text)
    I2S_IRQHandler                           0x00000113   Thumb Code     0  startup_lpc407x_8x_177x_8x.o(.text)
    LCD_IRQHandler                           0x00000113   Thumb Code     0  startup_lpc407x_8x_177x_8x.o(.text)
    MCI_IRQHandler                           0x00000113   Thumb Code     0  startup_lpc407x_8x_177x_8x.o(.text)
    MCPWM_IRQHandler                         0x00000113   Thumb Code     0  startup_lpc407x_8x_177x_8x.o(.text)
    PLL0_IRQHandler                          0x00000113   Thumb Code     0  startup_lpc407x_8x_177x_8x.o(.text)
    PLL1_IRQHandler                          0x00000113   Thumb Code     0  startup_lpc407x_8x_177x_8x.o(.text)
    PWM0_IRQHandler                          0x00000113   Thumb Code     0  startup_lpc407x_8x_177x_8x.o(.text)
    PWM1_IRQHandler                          0x00000113   Thumb Code     0  startup_lpc407x_8x_177x_8x.o(.text)
    QEI_IRQHandler                           0x00000113   Thumb Code     0  startup_lpc407x_8x_177x_8x.o(.text)
    RTC_IRQHandler                           0x00000113   Thumb Code     0  startup_lpc407x_8x_177x_8x.o(.text)
    SSP0_IRQHandler                          0x00000113   Thumb Code     0  startup_lpc407x_8x_177x_8x.o(.text)
    SSP1_IRQHandler                          0x00000113   Thumb Code     0  startup_lpc407x_8x_177x_8x.o(.text)
    SSP2_IRQHandler                          0x00000113   Thumb Code     0  startup_lpc407x_8x_177x_8x.o(.text)
    TIMER0_IRQHandler                        0x00000113   Thumb Code     0  startup_lpc407x_8x_177x_8x.o(.text)
    TIMER1_IRQHandler                        0x00000113   Thumb Code     0  startup_lpc407x_8x_177x_8x.o(.text)
    UART1_IRQHandler                         0x00000113   Thumb Code     0  startup_lpc407x_8x_177x_8x.o(.text)
    UART2_IRQHandler                         0x00000113   Thumb Code     0  startup_lpc407x_8x_177x_8x.o(.text)
    UART4_IRQHandler                         0x00000113   Thumb Code     0  startup_lpc407x_8x_177x_8x.o(.text)
    USBActivity_IRQHandler                   0x00000113   Thumb Code     0  startup_lpc407x_8x_177x_8x.o(.text)
    USB_IRQHandler                           0x00000113   Thumb Code     0  startup_lpc407x_8x_177x_8x.o(.text)
    WDT_IRQHandler                           0x00000113   Thumb Code     0  startup_lpc407x_8x_177x_8x.o(.text)
    __aeabi_ddiv                             0x0000011d   Thumb Code   222  ddiv.o(.text)
    __aeabi_ui2d                             0x000001fb   Thumb Code    26  dfltui.o(.text)
    __aeabi_d2uiz                            0x00000215   Thumb Code    50  dfixui.o(.text)
    __aeabi_llsr                             0x00000247   Thumb Code    32  llushr.o(.text)
    _ll_ushift_r                             0x00000247   Thumb Code     0  llushr.o(.text)
    __I$use$fp                               0x00000267   Thumb Code     0  iusefp.o(.text)
    __scatterload                            0x00000269   Thumb Code    28  init.o(.text)
    __scatterload_rt2                        0x00000269   Thumb Code     0  init.o(.text)
    __aeabi_llsl                             0x0000028d   Thumb Code    30  llshl.o(.text)
    _ll_shift_l                              0x0000028d   Thumb Code     0  llshl.o(.text)
    EMBEDLED1_Off                            0x000002ad   Thumb Code    14  led.o(i.EMBEDLED1_Off)
    EMBEDLED2_Off                            0x000002c1   Thumb Code    14  led.o(i.EMBEDLED2_Off)
    EMBEDLED3_Off                            0x000002d5   Thumb Code    16  led.o(i.EMBEDLED3_Off)
    EMBEDLED4_Off                            0x000002e9   Thumb Code    16  led.o(i.EMBEDLED4_Off)
    _double_round                            0x00000301   Thumb Code    30  depilogue.o(.text)
    _double_epilogue                         0x0000031f   Thumb Code   156  depilogue.o(.text)
    EMBEDLED_Init                            0x000003bd   Thumb Code    48  led.o(i.EMBEDLED_Init)
    GPIO_DIR_Write                           0x000003f1   Thumb Code    18  gpio.o(i.GPIO_DIR_Write)
    GPIO_PIN_Write                           0x00000403   Thumb Code    18  gpio.o(i.GPIO_PIN_Write)
    HM10_Init                                0x00000415   Thumb Code   122  hm10.o(i.HM10_Init)
    HM10_ReadData                            0x0000049d   Thumb Code    20  hm10.o(i.HM10_ReadData)
    HM10_SendCommand                         0x000004b5   Thumb Code    12  hm10.o(i.HM10_SendCommand)
    HM10_Write                               0x000004c1   Thumb Code    22  hm10.o(i.HM10_Write)
    HM10_WriteData                           0x000004d9   Thumb Code    20  hm10.o(i.HM10_WriteData)
    Joystick_Init                            0x000004f1   Thumb Code   124  joystick.o(i.Joystick_Init)
    LED1_Init                                0x00000579   Thumb Code    14  led.o(i.LED1_Init)
    LED2_Init                                0x0000058d   Thumb Code    14  led.o(i.LED2_Init)
    LED3_Init                                0x000005a1   Thumb Code    14  led.o(i.LED3_Init)
    LED4_Init                                0x000005b5   Thumb Code    14  led.o(i.LED4_Init)
    LED_Init                                 0x000005c9   Thumb Code    20  led.o(i.LED_Init)
    PWM_Init                                 0x000005dd   Thumb Code   112  pwm.o(i.PWM_Init)
    PWM_Write                                0x0000065d   Thumb Code   108  pwm.o(i.PWM_Write)
    Serial_ReadData                          0x000006d5   Thumb Code     6  serial.o(i.Serial_ReadData)
    Serial_WriteData                         0x000006e1   Thumb Code    12  serial.o(i.Serial_WriteData)
    SystemCoreClockUpdate                    0x000006f5   Thumb Code   696  system_lpc407x_8x_177x_8x.o(i.SystemCoreClockUpdate)
    SystemInit                               0x000009c9   Thumb Code   220  system_lpc407x_8x_177x_8x.o(i.SystemInit)
    TIMER2_IRQHandler                        0x00000ab5   Thumb Code    82  ultrasonic.o(i.TIMER2_IRQHandler)
    TIMER3_IRQHandler                        0x00000b11   Thumb Code   136  ultrasonic.o(i.TIMER3_IRQHandler)
    UART0_IRQHandler                         0x00000bb1   Thumb Code    74  serial.o(i.UART0_IRQHandler)
    UART3_IRQHandler                         0x00000c11   Thumb Code    34  hm10.o(i.UART3_IRQHandler)
    Ultrasonic_Capture_Timer_Init            0x00000c41   Thumb Code    84  ultrasonic.o(i.Ultrasonic_Capture_Timer_Init)
    Ultrasonic_Init                          0x00000c9d   Thumb Code    24  ultrasonic.o(i.Ultrasonic_Init)
    Ultrasonic_Start_Trigger_Timer           0x00000cb9   Thumb Code    48  ultrasonic.o(i.Ultrasonic_Start_Trigger_Timer)
    Ultrasonic_Trigger_Timer_Init            0x00000ced   Thumb Code   132  ultrasonic.o(i.Ultrasonic_Trigger_Timer_Init)
    __scatterload_copy                       0x00000db7   Thumb Code    14  handlers.o(i.__scatterload_copy)
    __scatterload_null                       0x00000dc5   Thumb Code     2  handlers.o(i.__scatterload_null)
    __scatterload_zeroinit                   0x00000dc7   Thumb Code    14  handlers.o(i.__scatterload_zeroinit)
    fpu_init                                 0x00000dd5   Thumb Code    62  system_lpc407x_8x_177x_8x.o(i.fpu_init)
    init                                     0x00000e25   Thumb Code   140  main.o(i.init)
    main                                     0x00000ed9   Thumb Code    12  main.o(i.main)
    update                                   0x00000ee5   Thumb Code     2  main.o(i.update)
    Region$$Table$$Base                      0x00000ee8   Number         0  anon$$obj.o(Region$$Table)
    Region$$Table$$Limit                     0x00000f08   Number         0  anon$$obj.o(Region$$Table)
    serialReceivedCharacter                  0x10000000   Data           1  serial.o(.data)
    serialNewDataAvailable                   0x10000001   Data           1  serial.o(.data)
    serialTransmitData                       0x10000004   Data           4  serial.o(.data)
    serialTransmitCompleted                  0x10000008   Data           1  serial.o(.data)
    HM10CurrentBufferIndex                   0x10000009   Data           1  hm10.o(.data)
    HM10NewDataAvailable                     0x1000000a   Data           1  hm10.o(.data)
    ultrasonicSensorRisingCaptureTime        0x1000000c   Data           4  ultrasonic.o(.data)
    ultrasonicSensorFallingCaptureTime       0x10000010   Data           4  ultrasonic.o(.data)
    ultrasonicSensorDuration                 0x10000014   Data           4  ultrasonic.o(.data)
    ultrasonicSensorDistance                 0x10000018   Data           4  ultrasonic.o(.data)
    ultrasonicSensorNewDataAvailable         0x1000001c   Data           1  ultrasonic.o(.data)
    ultrasonicSensorTriggerStart             0x1000001d   Data           1  ultrasonic.o(.data)
    ultrasonicSensorCaptureRisingEdge        0x1000001e   Data           1  ultrasonic.o(.data)
    SystemCoreClock                          0x10000020   Data           4  system_lpc407x_8x_177x_8x.o(.data)
    PeripheralClock                          0x10000024   Data           4  system_lpc407x_8x_177x_8x.o(.data)
    EMCClock                                 0x10000028   Data           4  system_lpc407x_8x_177x_8x.o(.data)
    USBClock                                 0x1000002c   Data           4  system_lpc407x_8x_177x_8x.o(.data)
    HM10Buffer                               0x10000030   Data         256  hm10.o(.bss)
    __initial_sp                             0x10000530   Data           0  startup_lpc407x_8x_177x_8x.o(STACK)



==============================================================================

Memory Map of the image

  Image Entry point : 0x000000f9

  Load Region LR_1 (Base: 0x00000000, Size: 0x00000f38, Max: 0xffffffff, ABSOLUTE)

    Execution Region ER_RO (Exec base: 0x00000000, Load base: 0x00000000, Size: 0x00000f08, Max: 0xffffffff, ABSOLUTE)

    Exec Addr    Load Addr    Size         Type   Attr      Idx    E Section Name        Object

    0x00000000   0x00000000   0x000000e4   Data   RO          682    RESET               startup_lpc407x_8x_177x_8x.o
    0x000000e4   0x000000e4   0x00000000   Code   RO          732  * .ARM.Collect$$$$00000000  mc_w.l(entry.o)
    0x000000e4   0x000000e4   0x00000004   Code   RO          741    .ARM.Collect$$$$00000001  mc_w.l(entry2.o)
    0x000000e8   0x000000e8   0x00000004   Code   RO          744    .ARM.Collect$$$$00000004  mc_w.l(entry5.o)
    0x000000ec   0x000000ec   0x00000000   Code   RO          746    .ARM.Collect$$$$00000008  mc_w.l(entry7b.o)
    0x000000ec   0x000000ec   0x00000000   Code   RO          748    .ARM.Collect$$$$0000000A  mc_w.l(entry8b.o)
    0x000000ec   0x000000ec   0x00000008   Code   RO          749    .ARM.Collect$$$$0000000B  mc_w.l(entry9a.o)
    0x000000f4   0x000000f4   0x00000000   Code   RO          751    .ARM.Collect$$$$0000000D  mc_w.l(entry10a.o)
    0x000000f4   0x000000f4   0x00000000   Code   RO          753    .ARM.Collect$$$$0000000F  mc_w.l(entry11a.o)
    0x000000f4   0x000000f4   0x00000004   Code   RO          742    .ARM.Collect$$$$00002712  mc_w.l(entry2.o)
    0x000000f8   0x000000f8   0x00000024   Code   RO          684  * .text               startup_lpc407x_8x_177x_8x.o
    0x0000011c   0x0000011c   0x000000de   Code   RO          735    .text               mf_w.l(ddiv.o)
    0x000001fa   0x000001fa   0x0000001a   Code   RO          737    .text               mf_w.l(dfltui.o)
    0x00000214   0x00000214   0x00000032   Code   RO          739    .text               mf_w.l(dfixui.o)
    0x00000246   0x00000246   0x00000020   Code   RO          755    .text               mc_w.l(llushr.o)
    0x00000266   0x00000266   0x00000000   Code   RO          757    .text               mc_w.l(iusefp.o)
    0x00000266   0x00000266   0x00000002   PAD
    0x00000268   0x00000268   0x00000024   Code   RO          760    .text               mc_w.l(init.o)
    0x0000028c   0x0000028c   0x0000001e   Code   RO          762    .text               mc_w.l(llshl.o)
    0x000002aa   0x000002aa   0x00000002   PAD
    0x000002ac   0x000002ac   0x00000014   Code   RO          384    i.EMBEDLED1_Off     led.o
    0x000002c0   0x000002c0   0x00000014   Code   RO          386    i.EMBEDLED2_Off     led.o
    0x000002d4   0x000002d4   0x00000014   Code   RO          388    i.EMBEDLED3_Off     led.o
    0x000002e8   0x000002e8   0x00000014   Code   RO          390    i.EMBEDLED4_Off     led.o
    0x000002fc   0x000002fc   0x00000004   Code   RO          683    .ARM.__at_0x02FC    startup_lpc407x_8x_177x_8x.o
    0x00000300   0x00000300   0x000000ba   Code   RO          758    .text               mf_w.l(depilogue.o)
    0x000003ba   0x000003ba   0x00000002   PAD
    0x000003bc   0x000003bc   0x00000034   Code   RO          392    i.EMBEDLED_Init     led.o
    0x000003f0   0x000003f0   0x00000012   Code   RO          249    i.GPIO_DIR_Write    gpio.o
    0x00000402   0x00000402   0x00000012   Code   RO          251    i.GPIO_PIN_Write    gpio.o
    0x00000414   0x00000414   0x00000088   Code   RO          175    i.HM10_Init         hm10.o
    0x0000049c   0x0000049c   0x00000018   Code   RO          176    i.HM10_ReadData     hm10.o
    0x000004b4   0x000004b4   0x0000000c   Code   RO          177    i.HM10_SendCommand  hm10.o
    0x000004c0   0x000004c0   0x00000016   Code   RO          178    i.HM10_Write        hm10.o
    0x000004d6   0x000004d6   0x00000002   PAD
    0x000004d8   0x000004d8   0x00000018   Code   RO          179    i.HM10_WriteData    hm10.o
    0x000004f0   0x000004f0   0x00000088   Code   RO          290    i.Joystick_Init     joystick.o
    0x00000578   0x00000578   0x00000014   Code   RO          393    i.LED1_Init         led.o
    0x0000058c   0x0000058c   0x00000014   Code   RO          396    i.LED2_Init         led.o
    0x000005a0   0x000005a0   0x00000014   Code   RO          399    i.LED3_Init         led.o
    0x000005b4   0x000005b4   0x00000014   Code   RO          402    i.LED4_Init         led.o
    0x000005c8   0x000005c8   0x00000014   Code   RO          405    i.LED_Init          led.o
    0x000005dc   0x000005dc   0x00000080   Code   RO          346    i.PWM_Init          pwm.o
    0x0000065c   0x0000065c   0x00000078   Code   RO          347    i.PWM_Write         pwm.o
    0x000006d4   0x000006d4   0x0000000c   Code   RO          120    i.Serial_ReadData   serial.o
    0x000006e0   0x000006e0   0x00000014   Code   RO          121    i.Serial_WriteData  serial.o
    0x000006f4   0x000006f4   0x000002d4   Code   RO          693    i.SystemCoreClockUpdate  system_lpc407x_8x_177x_8x.o
    0x000009c8   0x000009c8   0x000000ec   Code   RO          694    i.SystemInit        system_lpc407x_8x_177x_8x.o
    0x00000ab4   0x00000ab4   0x0000005c   Code   RO          549    i.TIMER2_IRQHandler  ultrasonic.o
    0x00000b10   0x00000b10   0x000000a0   Code   RO          550    i.TIMER3_IRQHandler  ultrasonic.o
    0x00000bb0   0x00000bb0   0x00000060   Code   RO          122    i.UART0_IRQHandler  serial.o
    0x00000c10   0x00000c10   0x00000030   Code   RO          180    i.UART3_IRQHandler  hm10.o
    0x00000c40   0x00000c40   0x0000005c   Code   RO          551    i.Ultrasonic_Capture_Timer_Init  ultrasonic.o
    0x00000c9c   0x00000c9c   0x0000001c   Code   RO          552    i.Ultrasonic_Init   ultrasonic.o
    0x00000cb8   0x00000cb8   0x00000034   Code   RO          553    i.Ultrasonic_Start_Trigger_Timer  ultrasonic.o
    0x00000cec   0x00000cec   0x00000094   Code   RO          554    i.Ultrasonic_Trigger_Timer_Init  ultrasonic.o
    0x00000d80   0x00000d80   0x0000001c   Code   RO          555    i.__NVIC_ClearPendingIRQ  ultrasonic.o
    0x00000d9c   0x00000d9c   0x0000001a   Code   RO          556    i.__NVIC_EnableIRQ  ultrasonic.o
    0x00000db6   0x00000db6   0x0000000e   Code   RO          766    i.__scatterload_copy  mc_w.l(handlers.o)
    0x00000dc4   0x00000dc4   0x00000002   Code   RO          767    i.__scatterload_null  mc_w.l(handlers.o)
    0x00000dc6   0x00000dc6   0x0000000e   Code   RO          768    i.__scatterload_zeroinit  mc_w.l(handlers.o)
    0x00000dd4   0x00000dd4   0x00000050   Code   RO          695    i.fpu_init          system_lpc407x_8x_177x_8x.o
    0x00000e24   0x00000e24   0x000000b4   Code   RO            4    i.init              main.o
    0x00000ed8   0x00000ed8   0x0000000c   Code   RO            5    i.main              main.o
    0x00000ee4   0x00000ee4   0x00000002   Code   RO            7    i.update            main.o
    0x00000ee6   0x00000ee6   0x00000002   PAD
    0x00000ee8   0x00000ee8   0x00000020   Data   RO          764    Region$$Table       anon$$obj.o


    Execution Region ER_RW (Exec base: 0x10000000, Load base: 0x00000f08, Size: 0x00000030, Max: 0xffffffff, ABSOLUTE)

    Exec Addr    Load Addr    Size         Type   Attr      Idx    E Section Name        Object

    0x10000000   0x00000f08   0x00000009   Data   RW          123    .data               serial.o
    0x10000009   0x00000f11   0x00000002   Data   RW          182    .data               hm10.o
    0x1000000b   0x00000f13   0x00000001   PAD
    0x1000000c   0x00000f14   0x00000013   Data   RW          558    .data               ultrasonic.o
    0x1000001f   0x00000f27   0x00000001   PAD
    0x10000020   0x00000f28   0x00000010   Data   RW          696    .data               system_lpc407x_8x_177x_8x.o


    Execution Region ER_ZI (Exec base: 0x10000030, Load base: 0x00000f38, Size: 0x00000500, Max: 0xffffffff, ABSOLUTE)

    Exec Addr    Load Addr    Size         Type   Attr      Idx    E Section Name        Object

    0x10000030        -       0x00000100   Zero   RW          181    .bss                hm10.o
    0x10000130        -       0x00000400   Zero   RW          680    STACK               startup_lpc407x_8x_177x_8x.o


==============================================================================

Image component sizes


      Code (inc. data)   RO Data    RW Data    ZI Data      Debug   Object Name

        36          0          0          0          0       2382   gpio.o
       266         36          0          2        256      33896   hm10.o
       136         12          0          0          0        516   joystick.o
       232         48          0          0          0       4659   led.o
       194         40          0          0          0      28239   main.o
       248         28          0          0          0       1147   pwm.o
       128         36          0          9          0       1988   serial.o
        40         12        228          0       1024       1120   startup_lpc407x_8x_177x_8x.o
      1040         62          0         16          0       4660   system_lpc407x_8x_177x_8x.o
       626         72          0         19          0      35327   ultrasonic.o

    ----------------------------------------------------------------------
      2950        346        260         48       1280     113934   Object Totals
         0          0         32          0          0          0   (incl. Generated)
         4          0          0          2          0          0   (incl. Padding)

    ----------------------------------------------------------------------

      Code (inc. data)   RO Data    RW Data    ZI Data      Debug   Library Member Name

         0          0          0          0          0          0   entry.o
         0          0          0          0          0          0   entry10a.o
         0          0          0          0          0          0   entry11a.o
         8          4          0          0          0          0   entry2.o
         4          0          0          0          0          0   entry5.o
         0          0          0          0          0          0   entry7b.o
         0          0          0          0          0          0   entry8b.o
         8          4          0          0          0          0   entry9a.o
        30          0          0          0          0          0   handlers.o
        36          8          0          0          0         68   init.o
         0          0          0          0          0          0   iusefp.o
        30          0          0          0          0         68   llshl.o
        32          0          0          0          0         68   llushr.o
       222          0          0          0          0        100   ddiv.o
       186          0          0          0          0        176   depilogue.o
        50          0          0          0          0         76   dfixui.o
        26          0          0          0          0         76   dfltui.o

    ----------------------------------------------------------------------
       638         16          0          0          0        632   Library Totals
         6          0          0          0          0          0   (incl. Padding)

    ----------------------------------------------------------------------

      Code (inc. data)   RO Data    RW Data    ZI Data      Debug   Library Name

       148         16          0          0          0        204   mc_w.l
       484          0          0          0          0        428   mf_w.l

    ----------------------------------------------------------------------
       638         16          0          0          0        632   Library Totals

    ----------------------------------------------------------------------

==============================================================================


      Code (inc. data)   RO Data    RW Data    ZI Data      Debug   

      3588        362        260         48       1280     111310   Grand Totals
      3588        362        260         48       1280     111310   ELF Image Totals
      3588        362        260         48          0          0   ROM Totals

==============================================================================

    Total RO  Size (Code + RO Data)                 3848 (   3.76kB)
    Total RW  Size (RW Data + ZI Data)              1328 (   1.30kB)
    Total ROM Size (Code + RO Data + RW Data)       3896 (   3.80kB)

==============================================================================

